[parf-train] device=mps  tag=parf_structural_vphi128_sparse_k32_shakespeare_seed0  variant=Q9c-sparse-stage1.5
[parf-train] tokens: train=321,124  val=16,901
[parf-train] arch: V_phi='structural'  L=8  d=128, v_hidden=128, v_depth=3, v_phi_d_type=16, v_phi_d_angle=8, fixed_gamma=None, causal_force=True, ln_after_step=True, use_grad_checkpoint=False
[parf-train] sparse: top_k=32  score_head_hidden=32  gumbel_tau 1.0 -> 0.1  anneal_fraction=0.8  gumbel_noise=True
[parf-train] params: 6,550,855  (target ~8.0 M, delta -1.449 M)  V_theta=66,049  V_phi=6,786  score_head=12,353
[parf-train] running causal-violation probe...
[parf-train] causal probe PASSED (perturbation + gradient-Jacobian, both V_phi paths, both modes < 1e-6)
[parf-train] step    50/4000   train nan   lr 1.25e-04   grad nan   gamma=nan   tau=1.000   elapsed 344s
[parf-train] step   100/4000   train nan   lr 2.50e-04   grad nan   gamma=nan   tau=1.000   elapsed 676s
[parf-train] step   150/4000   train nan   lr 3.75e-04   grad nan   gamma=nan   tau=1.000   elapsed 1004s
[parf-train] step   200/4000   train nan   lr 5.00e-04   grad nan   gamma=nan   tau=1.000   elapsed 1338s
[parf-train] >>> eval @ 200: train nan   val nan   ppl nan
[parf-train] step   250/4000   train nan   lr 5.00e-04   grad nan   gamma=nan   tau=1.000   elapsed 1742s
[parf-train] step   300/4000   train nan   lr 4.99e-04   grad nan   gamma=nan   tau=1.000   elapsed 2085s
[parf-train] step   350/4000   train nan   lr 4.98e-04   grad nan   gamma=nan   tau=1.000   elapsed 2442s
[parf-train] step   400/4000   train nan   lr 4.97e-04   grad nan   gamma=nan   tau=1.000   elapsed 2849s
[parf-train] >>> eval @ 400: train nan   val nan   ppl nan
[parf-train] step   450/4000   train nan   lr 4.95e-04   grad nan   gamma=nan   tau=1.000   elapsed 3339s
[parf-train] step   500/4000   train nan   lr 4.92e-04   grad nan   gamma=nan   tau=1.000   elapsed 3722s
[parf-train] step   550/4000   train nan   lr 4.90e-04   grad nan   gamma=nan   tau=1.000   elapsed 4093s
[parf-train] step   600/4000   train nan   lr 4.87e-04   grad nan   gamma=nan   tau=1.000   elapsed 4445s
[parf-train] >>> eval @ 600: train nan   val nan   ppl nan
[parf-train] step   650/4000   train nan   lr 4.83e-04   grad nan   gamma=nan   tau=1.000   elapsed 4833s
[parf-train] step   700/4000   train nan   lr 4.79e-04   grad nan   gamma=nan   tau=1.000   elapsed 5155s
[parf-train] step   750/4000   train nan   lr 4.75e-04   grad nan   gamma=nan   tau=1.000   elapsed 5487s
[parf-train] step   800/4000   train nan   lr 4.70e-04   grad nan   gamma=nan   tau=1.000   elapsed 5823s
[parf-train] >>> eval @ 800: train nan   val nan   ppl nan
[parf-train] step   850/4000   train nan   lr 4.65e-04   grad nan   gamma=nan   tau=0.986   elapsed 6242s
[parf-train] step   900/4000   train nan   lr 4.59e-04   grad nan   gamma=nan   tau=0.972   elapsed 6575s
[parf-train] step   950/4000   train nan   lr 4.54e-04   grad nan   gamma=nan   tau=0.958   elapsed 6914s
[parf-train] step  1000/4000   train nan   lr 4.47e-04   grad nan   gamma=nan   tau=0.944   elapsed 7260s
[parf-train] >>> eval @ 1000: train nan   val nan   ppl nan
[parf-train] step  1050/4000   train nan   lr 4.41e-04   grad nan   gamma=nan   tau=0.930   elapsed 7674s
[parf-train] step  1100/4000   train nan   lr 4.34e-04   grad nan   gamma=nan   tau=0.916   elapsed 8179s
[parf-train] step  1150/4000   train nan   lr 4.27e-04   grad nan   gamma=nan   tau=0.902   elapsed 8520s
[parf-train] step  1200/4000   train nan   lr 4.19e-04   grad nan   gamma=nan   tau=0.888   elapsed 8883s
[parf-train] >>> eval @ 1200: train nan   val nan   ppl nan
[parf-train] step  1250/4000   train nan   lr 4.12e-04   grad nan   gamma=nan   tau=0.873   elapsed 9280s
[parf-train] step  1300/4000   train nan   lr 4.04e-04   grad nan   gamma=nan   tau=0.859   elapsed 9610s
[parf-train] step  1350/4000   train nan   lr 3.95e-04   grad nan   gamma=nan   tau=0.845   elapsed 9951s
[parf-train] step  1400/4000   train nan   lr 3.87e-04   grad nan   gamma=nan   tau=0.831   elapsed 10283s
[parf-train] >>> eval @ 1400: train nan   val nan   ppl nan
[parf-train] step  1450/4000   train nan   lr 3.78e-04   grad nan   gamma=nan   tau=0.817   elapsed 10679s
[parf-train] step  1500/4000   train nan   lr 3.69e-04   grad nan   gamma=nan   tau=0.803   elapsed 11037s
[parf-train] step  1550/4000   train nan   lr 3.60e-04   grad nan   gamma=nan   tau=0.789   elapsed 11395s
[parf-train] step  1600/4000   train nan   lr 3.51e-04   grad nan   gamma=nan   tau=0.775   elapsed 11756s
[parf-train] >>> eval @ 1600: train nan   val nan   ppl nan
[parf-train] step  1650/4000   train nan   lr 3.41e-04   grad nan   gamma=nan   tau=0.761   elapsed 12182s
[parf-train] step  1700/4000   train nan   lr 3.31e-04   grad nan   gamma=nan   tau=0.747   elapsed 12539s
[parf-train] step  1750/4000   train nan   lr 3.22e-04   grad nan   gamma=nan   tau=0.733   elapsed 12904s
[parf-train] step  1800/4000   train nan   lr 3.12e-04   grad nan   gamma=nan   tau=0.719   elapsed 13263s
[parf-train] >>> eval @ 1800: train nan   val nan   ppl nan
[parf-train] step  1850/4000   train nan   lr 3.02e-04   grad nan   gamma=nan   tau=0.705   elapsed 13668s
[parf-train] step  1900/4000   train nan   lr 2.91e-04   grad nan   gamma=nan   tau=0.691   elapsed 14021s
[parf-train] step  1950/4000   train nan   lr 2.81e-04   grad nan   gamma=nan   tau=0.677   elapsed 14371s
[parf-train] step  2000/4000   train nan   lr 2.71e-04   grad nan   gamma=nan   tau=0.663   elapsed 14726s
[parf-train] >>> eval @ 2000: train nan   val nan   ppl nan
[parf-train] step  2050/4000   train nan   lr 2.61e-04   grad nan   gamma=nan   tau=0.649   elapsed 15172s
[parf-train] step  2100/4000   train nan   lr 2.50e-04   grad nan   gamma=nan   tau=0.634   elapsed 15565s
[parf-train] step  2150/4000   train nan   lr 2.40e-04   grad nan   gamma=nan   tau=0.620   elapsed 15918s
[parf-train] step  2200/4000   train nan   lr 2.30e-04   grad nan   gamma=nan   tau=0.606   elapsed 16258s
[parf-train] >>> eval @ 2200: train nan   val nan   ppl nan
[parf-train] step  2250/4000   train nan   lr 2.19e-04   grad nan   gamma=nan   tau=0.592   elapsed 16682s
[parf-train] step  2300/4000   train nan   lr 2.09e-04   grad nan   gamma=nan   tau=0.578   elapsed 17006s
[parf-train] step  2350/4000   train nan   lr 1.99e-04   grad nan   gamma=nan   tau=0.564   elapsed 17350s
[parf-train] step  2400/4000   train nan   lr 1.89e-04   grad nan   gamma=nan   tau=0.550   elapsed 17692s
[parf-train] >>> eval @ 2400: train nan   val nan   ppl nan
