[train-sarf] device=cuda  mode=shakespeare
[train-sarf] TF32 disabled (default) for SPLM autograd.grad numerical stability (CUDA matmuls in true fp32)
[train-sarf] tokens: train=321,124  val=16,901
[train-sarf] params: 7,123,075   d=128  L=8  v_hidden=512
[train-sarf] step    50/4000   train 10.8203   lr 1.25e-04   grad 0.19   m=0.999   gamma=0.998   elapsed 5s
[train-sarf] step   100/4000   train 9.2573   lr 2.50e-04   grad 17.83   m=0.993   gamma=0.993   elapsed 9s
[train-sarf] step   150/4000   train 6.4590   lr 3.75e-04   grad 1.21   m=0.995   gamma=0.994   elapsed 14s
[train-sarf] step   200/4000   train 6.3933   lr 5.00e-04   grad 1.21   m=0.995   gamma=0.994   elapsed 19s
[train-sarf] >>> eval @ 200: train 6.3848   val 6.5963   ppl 732.35
[train-sarf] step   250/4000   train 6.3888   lr 5.00e-04   grad 1.18   m=0.996   gamma=0.995   elapsed 26s
[train-sarf] step   300/4000   train 6.3683   lr 4.99e-04   grad 1.21   m=0.995   gamma=0.994   elapsed 30s
[train-sarf] step   350/4000   train 6.3195   lr 4.98e-04   grad 1.38   m=0.995   gamma=0.992   elapsed 35s
[train-sarf] step   400/4000   train 6.2185   lr 4.97e-04   grad 2.94   m=0.994   gamma=0.990   elapsed 40s
[train-sarf] >>> eval @ 400: train 6.1084   val 6.3663   ppl 581.91
[train-sarf] step   450/4000   train 6.0577   lr 4.95e-04   grad 1.99   m=0.994   gamma=0.989   elapsed 47s
[train-sarf] step   500/4000   train 5.9601   lr 4.92e-04   grad 0.73   m=0.993   gamma=0.989   elapsed 51s
[train-sarf] step   550/4000   train 5.8774   lr 4.90e-04   grad 0.98   m=0.992   gamma=0.987   elapsed 56s
[train-sarf] step   600/4000   train 5.8271   lr 4.87e-04   grad 1.55   m=0.992   gamma=0.987   elapsed 61s
[train-sarf] >>> eval @ 600: train 5.8157   val 6.1434   ppl 465.65
[train-sarf] step   650/4000   train 5.8221   lr 4.83e-04   grad 1.91   m=0.991   gamma=0.985   elapsed 68s
[train-sarf] step   700/4000   train 5.7813   lr 4.79e-04   grad 1.81   m=0.991   gamma=0.984   elapsed 72s
[train-sarf] step   750/4000   train 5.7187   lr 4.75e-04   grad 1.13   m=0.989   gamma=0.982   elapsed 77s
[train-sarf] step   800/4000   train 5.7393   lr 4.70e-04   grad 1.53   m=0.989   gamma=0.981   elapsed 81s
[train-sarf] >>> eval @ 800: train 5.7147   val 6.0350   ppl 417.78
[train-sarf] step   850/4000   train 5.6953   lr 4.65e-04   grad 1.96   m=0.988   gamma=0.980   elapsed 89s
[train-sarf] step   900/4000   train 5.6663   lr 4.59e-04   grad 1.70   m=0.987   gamma=0.979   elapsed 93s
[train-sarf] step   950/4000   train 5.6638   lr 4.54e-04   grad 2.60   m=0.987   gamma=0.979   elapsed 98s
[train-sarf] step  1000/4000   train 5.5912   lr 4.47e-04   grad 2.04   m=0.986   gamma=0.977   elapsed 103s
[train-sarf] >>> eval @ 1000: train 5.6090   val 5.9898   ppl 399.32
[train-sarf] step  1050/4000   train 5.5777   lr 4.41e-04   grad 2.08   m=0.985   gamma=0.976   elapsed 110s
[train-sarf] step  1100/4000   train 5.5224   lr 4.34e-04   grad 2.16   m=0.985   gamma=0.975   elapsed 114s
[train-sarf] step  1150/4000   train 5.4670   lr 4.27e-04   grad 2.20   m=0.984   gamma=0.974   elapsed 119s
[train-sarf] step  1200/4000   train 5.4827   lr 4.19e-04   grad 2.85   m=0.984   gamma=0.974   elapsed 124s
[train-sarf] >>> eval @ 1200: train 5.4196   val 5.8663   ppl 352.95
[train-sarf] step  1250/4000   train 5.4187   lr 4.12e-04   grad 2.13   m=0.983   gamma=0.973   elapsed 131s
[train-sarf] step  1300/4000   train 5.3713   lr 4.04e-04   grad 5.26   m=0.982   gamma=0.972   elapsed 136s
[train-sarf] step  1350/4000   train 5.3305   lr 3.95e-04   grad 4.33   m=0.982   gamma=0.971   elapsed 140s
[train-sarf] step  1400/4000   train 5.3482   lr 3.87e-04   grad 8.45   m=0.981   gamma=0.970   elapsed 145s
[train-sarf] >>> eval @ 1400: train 5.3717   val 5.7396   ppl 310.95
[train-sarf] step  1450/4000   train 5.2994   lr 3.78e-04   grad 4.46   m=0.981   gamma=0.969   elapsed 152s
[train-sarf] step  1500/4000   train 5.2944   lr 3.69e-04   grad 9.01   m=0.980   gamma=0.968   elapsed 157s
[train-sarf] step  1550/4000   train 5.2988   lr 3.60e-04   grad 3.17   m=0.980   gamma=0.967   elapsed 162s
[train-sarf] step  1600/4000   train 5.2734   lr 3.51e-04   grad 7.48   m=0.979   gamma=0.966   elapsed 166s
[train-sarf] >>> eval @ 1600: train 5.2214   val 5.6578   ppl 286.52
[train-sarf] step  1650/4000   train 5.2293   lr 3.41e-04   grad 4.01   m=0.979   gamma=0.966   elapsed 173s
[train-sarf] step  1700/4000   train 5.1929   lr 3.31e-04   grad 3.68   m=0.978   gamma=0.965   elapsed 178s
[train-sarf] step  1750/4000   train 5.1861   lr 3.22e-04   grad 3.49   m=0.978   gamma=0.964   elapsed 183s
[train-sarf] step  1800/4000   train 5.1590   lr 3.12e-04   grad 5.28   m=0.977   gamma=0.963   elapsed 187s
[train-sarf] >>> eval @ 1800: train 5.1859   val 5.6313   ppl 279.01
[train-sarf] step  1850/4000   train 5.1877   lr 3.02e-04   grad 3.89   m=0.977   gamma=0.962   elapsed 194s
[train-sarf] step  1900/4000   train 5.1010   lr 2.91e-04   grad 4.62   m=0.976   gamma=0.961   elapsed 199s
[train-sarf] step  1950/4000   train 5.1219   lr 2.81e-04   grad 8.50   m=0.976   gamma=0.960   elapsed 204s
[train-sarf] step  2000/4000   train 5.1165   lr 2.71e-04   grad 2.64   m=0.975   gamma=0.959   elapsed 208s
[train-sarf] >>> eval @ 2000: train 5.0816   val 5.6351   ppl 280.08
[train-sarf] step  2050/4000   train 5.1163   lr 2.61e-04   grad 4.49   m=0.975   gamma=0.958   elapsed 216s
[train-sarf] step  2100/4000   train 5.0668   lr 2.50e-04   grad 4.87   m=0.974   gamma=0.957   elapsed 220s
[train-sarf] step  2150/4000   train 5.0817   lr 2.40e-04   grad 8.63   m=0.974   gamma=0.957   elapsed 225s
[train-sarf] step  2200/4000   train 5.0396   lr 2.30e-04   grad 3.63   m=0.973   gamma=0.955   elapsed 230s
[train-sarf] >>> eval @ 2200: train 5.0219   val 5.5451   ppl 255.99
[train-sarf] step  2250/4000   train 5.0419   lr 2.19e-04   grad 3.30   m=0.972   gamma=0.955   elapsed 237s
[train-sarf] step  2300/4000   train 5.0169   lr 2.09e-04   grad 4.41   m=0.971   gamma=0.953   elapsed 241s
[train-sarf] step  2350/4000   train 4.9908   lr 1.99e-04   grad 6.20   m=0.971   gamma=0.953   elapsed 246s
[train-sarf] step  2400/4000   train 5.0323   lr 1.89e-04   grad 11.03   m=0.971   gamma=0.952   elapsed 251s
[train-sarf] >>> eval @ 2400: train 4.9899   val 5.5862   ppl 266.72
[train-sarf] step  2450/4000   train 4.9900   lr 1.79e-04   grad 4.19   m=0.970   gamma=0.951   elapsed 258s
[train-sarf] step  2500/4000   train 4.9744   lr 1.69e-04   grad 2.90   m=0.969   gamma=0.950   elapsed 263s
[train-sarf] step  2550/4000   train 4.9633   lr 1.59e-04   grad 5.57   m=0.969   gamma=0.949   elapsed 267s
[train-sarf] step  2600/4000   train 4.9815   lr 1.50e-04   grad 7.64   m=0.968   gamma=0.948   elapsed 272s
[train-sarf] >>> eval @ 2600: train 4.9623   val 5.5947   ppl 269.01
[train-sarf] step  2650/4000   train 4.9245   lr 1.40e-04   grad 6.51   m=0.968   gamma=0.947   elapsed 279s
[train-sarf] step  2700/4000   train 4.9379   lr 1.31e-04   grad 9.90   m=0.967   gamma=0.947   elapsed 284s
[train-sarf] step  2750/4000   train 4.9271   lr 1.22e-04   grad 5.11   m=0.967   gamma=0.946   elapsed 288s
[train-sarf] step  2800/4000   train 4.9228   lr 1.13e-04   grad 3.13   m=0.967   gamma=0.945   elapsed 293s
[train-sarf] >>> eval @ 2800: train 4.9234   val 5.5463   ppl 256.30
[train-sarf] step  2850/4000   train 4.9214   lr 1.05e-04   grad 4.88   m=0.966   gamma=0.945   elapsed 300s
[train-sarf] step  2900/4000   train 4.9405   lr 9.66e-05   grad 3.45   m=0.966   gamma=0.944   elapsed 305s
[train-sarf] step  2950/4000   train 4.8787   lr 8.86e-05   grad 3.69   m=0.965   gamma=0.943   elapsed 309s
[train-sarf] step  3000/4000   train 4.9018   lr 8.08e-05   grad 3.45   m=0.965   gamma=0.943   elapsed 314s
[train-sarf] >>> eval @ 3000: train 4.8904   val 5.5872   ppl 266.98
[train-sarf] step  3050/4000   train 4.8931   lr 7.34e-05   grad 7.08   m=0.965   gamma=0.942   elapsed 321s
[train-sarf] step  3100/4000   train 4.8879   lr 6.62e-05   grad 4.64   m=0.964   gamma=0.942   elapsed 326s
[train-sarf] step  3150/4000   train 4.8775   lr 5.94e-05   grad 2.70   m=0.964   gamma=0.941   elapsed 330s
[train-sarf] step  3200/4000   train 4.8904   lr 5.28e-05   grad 3.69   m=0.964   gamma=0.941   elapsed 335s
[train-sarf] >>> eval @ 3200: train 4.8809   val 5.5796   ppl 264.97
[train-sarf] step  3250/4000   train 4.8784   lr 4.67e-05   grad 4.53   m=0.963   gamma=0.940   elapsed 342s
[train-sarf] step  3300/4000   train 4.8892   lr 4.08e-05   grad 3.15   m=0.963   gamma=0.940   elapsed 347s
[train-sarf] step  3350/4000   train 4.8687   lr 3.53e-05   grad 3.38   m=0.963   gamma=0.939   elapsed 351s
[train-sarf] step  3400/4000   train 4.8482   lr 3.02e-05   grad 4.27   m=0.963   gamma=0.939   elapsed 356s
[train-sarf] >>> eval @ 3400: train 4.8413   val 5.5078   ppl 246.62
[train-sarf] step  3450/4000   train 4.8426   lr 2.55e-05   grad 4.13   m=0.962   gamma=0.939   elapsed 363s
[train-sarf] step  3500/4000   train 4.8819   lr 2.11e-05   grad 4.01   m=0.962   gamma=0.939   elapsed 368s
[train-sarf] step  3550/4000   train 4.8429   lr 1.72e-05   grad 5.58   m=0.962   gamma=0.938   elapsed 372s
[train-sarf] step  3600/4000   train 4.8483   lr 1.36e-05   grad 4.02   m=0.962   gamma=0.938   elapsed 377s
[train-sarf] >>> eval @ 3600: train 4.8469   val 5.5193   ppl 249.47
[train-sarf] step  3650/4000   train 4.8353   lr 1.05e-05   grad 3.86   m=0.962   gamma=0.938   elapsed 384s
[train-sarf] step  3700/4000   train 4.8657   lr 7.70e-06   grad 2.50   m=0.962   gamma=0.938   elapsed 389s
[train-sarf] step  3750/4000   train 4.8271   lr 5.36e-06   grad 5.17   m=0.962   gamma=0.938   elapsed 393s
[train-sarf] step  3800/4000   train 4.8321   lr 3.44e-06   grad 3.86   m=0.962   gamma=0.938   elapsed 398s
[train-sarf] >>> eval @ 3800: train 4.8658   val 5.5326   ppl 252.79
[train-sarf] step  3850/4000   train 4.8264   lr 1.95e-06   grad 3.11   m=0.962   gamma=0.938   elapsed 405s
[train-sarf] step  3900/4000   train 4.8588   lr 8.71e-07   grad 3.12   m=0.962   gamma=0.938   elapsed 410s
[train-sarf] step  3950/4000   train 4.8406   lr 2.22e-07   grad 2.86   m=0.962   gamma=0.938   elapsed 415s
[train-sarf] step  4000/4000   train 4.8354   lr 8.54e-11   grad 2.49   m=0.962   gamma=0.938   elapsed 419s
[train-sarf] >>> eval @ 4000: train 4.8698   val 5.5469   ppl 256.44
[train-sarf] done in 422s
[train-sarf] saved checkpoint -> /content/semsimula/notebooks/conservative_arch/sarf_variant/results/splm_sarf_shakespeare_ckpt_latest.pt
[train-sarf] saved loss curve -> /content/semsimula/notebooks/conservative_arch/sarf_variant/results/splm_sarf_shakespeare_loss_curve.png
[train-sarf] saved summary -> /content/semsimula/notebooks/conservative_arch/sarf_variant/results/splm_sarf_shakespeare_summary.md
