[train] device=cuda  mode=shakespeare
[train] TF32 disabled (default) for SPLM autograd.grad numerical stability (CUDA matmuls in true fp32)
[train] tokens: train=321,124  val=16,901
[train] params: 7,123,075   d=128  L=8  v_hidden=512
[train] step    50/4000   train 10.8203   lr 1.25e-04   grad 0.21   m=0.999   gamma=0.998   elapsed 5s
[train] step   100/4000   train 9.3560   lr 2.50e-04   grad 21.75   m=0.993   gamma=0.992   elapsed 9s
[train] step   150/4000   train 6.4685   lr 3.75e-04   grad 1.83   m=0.995   gamma=0.994   elapsed 14s
[train] step   200/4000   train 6.3979   lr 5.00e-04   grad 1.98   m=0.995   gamma=0.994   elapsed 19s
[train] >>> eval @ 200: train 6.3776   val 6.5985   ppl 733.98
[train] step   250/4000   train 6.3677   lr 5.00e-04   grad 1.64   m=0.995   gamma=0.994   elapsed 26s
[train] step   300/4000   train 6.3436   lr 4.99e-04   grad 0.89   m=0.995   gamma=0.994   elapsed 30s
[train] step   350/4000   train 6.3368   lr 4.98e-04   grad 1.19   m=0.994   gamma=0.993   elapsed 35s
[train] step   400/4000   train 6.2535   lr 4.97e-04   grad 0.45   m=0.992   gamma=0.989   elapsed 40s
[train] >>> eval @ 400: train 6.1815   val 6.3862   ppl 593.60
[train] step   450/4000   train 6.1188   lr 4.95e-04   grad 0.79   m=0.991   gamma=0.986   elapsed 47s
[train] step   500/4000   train 6.0347   lr 4.92e-04   grad 1.48   m=0.991   gamma=0.984   elapsed 52s
[train] step   550/4000   train 6.0443   lr 4.90e-04   grad 2.50   m=0.991   gamma=0.983   elapsed 56s
[train] step   600/4000   train 5.9761   lr 4.87e-04   grad 5.52   m=0.991   gamma=0.982   elapsed 61s
[train] >>> eval @ 600: train 5.9806   val 6.2526   ppl 519.38
[train] step   650/4000   train 5.9646   lr 4.83e-04   grad 6.18   m=0.991   gamma=0.981   elapsed 68s
[train] step   700/4000   train 5.9037   lr 4.79e-04   grad 7.61   m=0.990   gamma=0.980   elapsed 72s
[train] step   750/4000   train 5.8687   lr 4.75e-04   grad 11.39   m=0.990   gamma=0.979   elapsed 77s
[train] step   800/4000   train 5.8619   lr 4.70e-04   grad 2.66   m=0.990   gamma=0.979   elapsed 82s
[train] >>> eval @ 800: train 5.8115   val 6.1129   ppl 451.63
[train] step   850/4000   train 5.8037   lr 4.65e-04   grad 9.62   m=0.990   gamma=0.978   elapsed 89s
[train] step   900/4000   train 5.8269   lr 4.59e-04   grad 1.53   m=0.990   gamma=0.978   elapsed 93s
[train] step   950/4000   train 5.8143   lr 4.54e-04   grad 4.03   m=0.990   gamma=0.977   elapsed 98s
[train] step  1000/4000   train 5.7502   lr 4.47e-04   grad 1.83   m=0.990   gamma=0.977   elapsed 103s
[train] >>> eval @ 1000: train 5.7372   val 6.0452   ppl 422.08
[train] step  1050/4000   train 5.7793   lr 4.41e-04   grad 10.45   m=0.990   gamma=0.977   elapsed 110s
[train] step  1100/4000   train 5.7247   lr 4.34e-04   grad 11.21   m=0.989   gamma=0.976   elapsed 115s
[train] step  1150/4000   train 5.7224   lr 4.27e-04   grad 15.04   m=0.989   gamma=0.976   elapsed 119s
[train] step  1200/4000   train 5.7140   lr 4.19e-04   grad 15.52   m=0.989   gamma=0.975   elapsed 124s
[train] >>> eval @ 1200: train 5.6586   val 6.0036   ppl 404.88
[train] step  1250/4000   train 5.6569   lr 4.12e-04   grad 11.74   m=0.989   gamma=0.975   elapsed 131s
[train] step  1300/4000   train 5.6768   lr 4.04e-04   grad 11.83   m=0.989   gamma=0.975   elapsed 136s
[train] step  1350/4000   train 5.6176   lr 3.95e-04   grad 16.37   m=0.988   gamma=0.974   elapsed 140s
[train] step  1400/4000   train 5.6060   lr 3.87e-04   grad 12.37   m=0.988   gamma=0.974   elapsed 145s
[train] >>> eval @ 1400: train 5.5968   val 5.9907   ppl 399.71
[train] step  1450/4000   train 5.5533   lr 3.78e-04   grad 18.90   m=0.988   gamma=0.974   elapsed 152s
[train] step  1500/4000   train 5.6373   lr 3.69e-04   grad 2.96   m=0.988   gamma=0.974   elapsed 157s
[train] step  1550/4000   train 5.5628   lr 3.60e-04   grad 32.39   m=0.987   gamma=0.973   elapsed 161s
[train] step  1600/4000   train 5.5375   lr 3.51e-04   grad 2.55   m=0.987   gamma=0.973   elapsed 166s
[train] >>> eval @ 1600: train 5.5010   val 5.9233   ppl 373.63
[train] step  1650/4000   train 5.5172   lr 3.41e-04   grad 16.60   m=0.987   gamma=0.973   elapsed 173s
[train] step  1700/4000   train 5.4972   lr 3.31e-04   grad 4.53   m=0.987   gamma=0.973   elapsed 178s
[train] step  1750/4000   train 5.4905   lr 3.22e-04   grad 15.05   m=0.987   gamma=0.972   elapsed 182s
[train] step  1800/4000   train 5.5118   lr 3.12e-04   grad 11.81   m=0.987   gamma=0.972   elapsed 187s
[train] >>> eval @ 1800: train 5.5463   val 5.9555   ppl 385.87
[train] step  1850/4000   train 5.4493   lr 3.02e-04   grad 25.84   m=0.986   gamma=0.972   elapsed 194s
[train] step  1900/4000   train 5.4187   lr 2.91e-04   grad 9.14   m=0.986   gamma=0.972   elapsed 199s
[train] step  1950/4000   train 5.3657   lr 2.81e-04   grad 11.82   m=0.986   gamma=0.972   elapsed 203s
[train] step  2000/4000   train 5.3454   lr 2.71e-04   grad 4.96   m=0.986   gamma=0.971   elapsed 208s
[train] >>> eval @ 2000: train 5.2942   val 5.7973   ppl 329.42
[train] step  2050/4000   train 5.3435   lr 2.61e-04   grad 21.99   m=0.986   gamma=0.971   elapsed 215s
[train] step  2100/4000   train 5.4024   lr 2.50e-04   grad 22.14   m=0.985   gamma=0.971   elapsed 220s
[train] step  2150/4000   train 5.3389   lr 2.40e-04   grad 11.97   m=0.985   gamma=0.971   elapsed 224s
[train] step  2200/4000   train 5.2742   lr 2.30e-04   grad 12.06   m=0.985   gamma=0.971   elapsed 229s
[train] >>> eval @ 2200: train 5.2553   val 5.7362   ppl 309.90
[train] step  2250/4000   train 5.2892   lr 2.19e-04   grad 17.93   m=0.985   gamma=0.970   elapsed 236s
[train] step  2300/4000   train 5.2492   lr 2.09e-04   grad 17.63   m=0.985   gamma=0.970   elapsed 241s
[train] step  2350/4000   train 5.2345   lr 1.99e-04   grad 16.28   m=0.985   gamma=0.970   elapsed 246s
[train] step  2400/4000   train 5.2283   lr 1.89e-04   grad 10.90   m=0.984   gamma=0.970   elapsed 250s
[train] >>> eval @ 2400: train 5.2116   val 5.7150   ppl 303.39
[train] step  2450/4000   train 5.1994   lr 1.79e-04   grad 5.04   m=0.984   gamma=0.970   elapsed 257s
[train] step  2500/4000   train 5.1870   lr 1.69e-04   grad 18.54   m=0.984   gamma=0.970   elapsed 262s
[train] step  2550/4000   train 5.2735   lr 1.59e-04   grad 11.80   m=0.984   gamma=0.970   elapsed 267s
[train] step  2600/4000   train 5.2073   lr 1.50e-04   grad 13.50   m=0.984   gamma=0.970   elapsed 271s
[train] >>> eval @ 2600: train 5.1873   val 5.6555   ppl 285.85
[train] step  2650/4000   train 5.1747   lr 1.40e-04   grad 9.92   m=0.984   gamma=0.969   elapsed 278s
[train] step  2700/4000   train 5.2214   lr 1.31e-04   grad 17.01   m=0.984   gamma=0.969   elapsed 283s
[train] step  2750/4000   train 5.1688   lr 1.22e-04   grad 14.81   m=0.983   gamma=0.969   elapsed 288s
[train] step  2800/4000   train 5.1494   lr 1.13e-04   grad 16.39   m=0.983   gamma=0.969   elapsed 292s
[train] >>> eval @ 2800: train 5.1424   val 5.6730   ppl 290.92
[train] step  2850/4000   train 5.1595   lr 1.05e-04   grad 16.06   m=0.983   gamma=0.969   elapsed 300s
[train] step  2900/4000   train 5.1631   lr 9.66e-05   grad 4.62   m=0.983   gamma=0.969   elapsed 304s
[train] step  2950/4000   train 5.1042   lr 8.86e-05   grad 7.95   m=0.983   gamma=0.968   elapsed 309s
[train] step  3000/4000   train 5.1207   lr 8.08e-05   grad 3.89   m=0.983   gamma=0.968   elapsed 314s
[train] >>> eval @ 3000: train 5.1211   val 5.6856   ppl 294.61
[train] step  3050/4000   train 5.1146   lr 7.34e-05   grad 5.99   m=0.983   gamma=0.968   elapsed 321s
[train] step  3100/4000   train 5.1052   lr 6.62e-05   grad 13.46   m=0.983   gamma=0.968   elapsed 325s
[train] step  3150/4000   train 5.0904   lr 5.94e-05   grad 14.13   m=0.982   gamma=0.968   elapsed 330s
[train] step  3200/4000   train 5.0764   lr 5.28e-05   grad 16.72   m=0.982   gamma=0.968   elapsed 335s
[train] >>> eval @ 3200: train 5.1185   val 5.6578   ppl 286.52
[train] step  3250/4000   train 5.1080   lr 4.67e-05   grad 7.62   m=0.982   gamma=0.968   elapsed 342s
[train] step  3300/4000   train 5.0730   lr 4.08e-05   grad 12.47   m=0.982   gamma=0.968   elapsed 346s
[train] step  3350/4000   train 5.0597   lr 3.53e-05   grad 8.73   m=0.982   gamma=0.967   elapsed 351s
[train] step  3400/4000   train 5.0428   lr 3.02e-05   grad 5.60   m=0.982   gamma=0.967   elapsed 356s
[train] >>> eval @ 3400: train 5.0832   val 5.6860   ppl 294.72
[train] step  3450/4000   train 5.0464   lr 2.55e-05   grad 2.66   m=0.982   gamma=0.967   elapsed 363s
[train] step  3500/4000   train 5.0548   lr 2.11e-05   grad 3.38   m=0.982   gamma=0.967   elapsed 367s
[train] step  3550/4000   train 5.0518   lr 1.72e-05   grad 7.67   m=0.982   gamma=0.967   elapsed 372s
[train] step  3600/4000   train 5.0474   lr 1.36e-05   grad 3.89   m=0.982   gamma=0.967   elapsed 377s
[train] >>> eval @ 3600: train 5.0330   val 5.6455   ppl 283.01
[train] step  3650/4000   train 5.0650   lr 1.05e-05   grad 2.30   m=0.982   gamma=0.967   elapsed 384s
[train] step  3700/4000   train 5.0589   lr 7.70e-06   grad 4.81   m=0.982   gamma=0.967   elapsed 389s
[train] step  3750/4000   train 5.0634   lr 5.36e-06   grad 6.66   m=0.982   gamma=0.967   elapsed 393s
[train] step  3800/4000   train 5.0558   lr 3.44e-06   grad 4.33   m=0.982   gamma=0.967   elapsed 398s
[train] >>> eval @ 3800: train 5.0355   val 5.6046   ppl 271.67
[train] step  3850/4000   train 5.0531   lr 1.95e-06   grad 2.68   m=0.982   gamma=0.967   elapsed 405s
[train] step  3900/4000   train 5.0659   lr 8.71e-07   grad 2.15   m=0.982   gamma=0.967   elapsed 410s
[train] step  3950/4000   train 5.0805   lr 2.22e-07   grad 2.18   m=0.982   gamma=0.967   elapsed 414s
[train] step  4000/4000   train 5.0925   lr 8.54e-11   grad 3.25   m=0.982   gamma=0.967   elapsed 419s
[train] >>> eval @ 4000: train 5.0228   val 5.6611   ppl 287.45
[train] done in 421s
[train] saved checkpoint -> /content/semsimula/notebooks/conservative_arch/results/splm_shakespeare_ckpt_latest.pt
[train] saved loss curve -> /content/semsimula/notebooks/conservative_arch/results/splm_shakespeare_loss_curve.png
[train] saved summary -> /content/semsimula/notebooks/conservative_arch/results/splm_shakespeare_summary.md
