[train-mass] TF32 disabled (default) for SPLM autograd.grad numerical stability (CUDA matmuls in true fp32)
[train-mass] device=cuda  mode=shakespeare  mass_mode=embed_head  fixed_gamma=None  results_dir=/content/semsimula/notebooks/conservative_arch/sarf_mass_variant/results
[train-mass] tokens: train=321,124  val=16,901
[train-mass] params: 7,123,204   d=128  L=8  v_hidden=512
[train-mass] init mass: mean=1.001  std=0.000  min=1.001  max=1.001
[train-mass] step    50/4000   train 10.8207   lr 1.25e-04   grad 0.18   m[mean 0.996 std 0.001]   gamma=0.998   elapsed 5s
[train-mass] step   100/4000   train 9.3474   lr 2.50e-04   grad 23.47   m[mean 0.978 std 0.007]   gamma=0.992   elapsed 9s
[train-mass] step   150/4000   train 6.4747   lr 3.75e-04   grad 0.92   m[mean 0.980 std 0.009]   gamma=0.994   elapsed 14s
[train-mass] step   200/4000   train 6.3973   lr 5.00e-04   grad 1.43   m[mean 0.977 std 0.017]   gamma=0.994   elapsed 19s
[train-mass] >>> eval @ 200: train 6.3651   val 6.5644   ppl 709.40
[train-mass] step   250/4000   train 6.3818   lr 5.00e-04   grad 0.72   m[mean 0.970 std 0.029]   gamma=0.994   elapsed 26s
[train-mass] step   300/4000   train 6.3151   lr 4.99e-04   grad 3.43   m[mean 0.959 std 0.057]   gamma=0.993   elapsed 30s
[train-mass] step   350/4000   train 6.1957   lr 4.98e-04   grad 2.97   m[mean 0.948 std 0.080]   gamma=0.991   elapsed 35s
[train-mass] step   400/4000   train 6.0966   lr 4.97e-04   grad 2.95   m[mean 0.948 std 0.093]   gamma=0.991   elapsed 40s
[train-mass] >>> eval @ 400: train 6.0008   val 6.3139   ppl 552.20
[train-mass] step   450/4000   train 6.0146   lr 4.95e-04   grad 2.75   m[mean 0.934 std 0.115]   gamma=0.991   elapsed 47s
[train-mass] step   500/4000   train 5.9193   lr 4.92e-04   grad 1.52   m[mean 0.942 std 0.125]   gamma=0.991   elapsed 52s
[train-mass] step   550/4000   train 5.8694   lr 4.90e-04   grad 1.84   m[mean 0.931 std 0.142]   gamma=0.991   elapsed 56s
[train-mass] step   600/4000   train 5.7840   lr 4.87e-04   grad 2.78   m[mean 0.921 std 0.159]   gamma=0.990   elapsed 61s
[train-mass] >>> eval @ 600: train 5.7883   val 6.1642   ppl 475.43
[train-mass] step   650/4000   train 5.7363   lr 4.83e-04   grad 0.86   m[mean 0.921 std 0.164]   gamma=0.989   elapsed 68s
[train-mass] step   700/4000   train 5.7287   lr 4.79e-04   grad 1.50   m[mean 0.925 std 0.173]   gamma=0.989   elapsed 73s
[train-mass] step   750/4000   train 5.6518   lr 4.75e-04   grad 1.08   m[mean 0.928 std 0.191]   gamma=0.988   elapsed 77s
[train-mass] step   800/4000   train 5.6373   lr 4.70e-04   grad 4.64   m[mean 0.917 std 0.199]   gamma=0.988   elapsed 82s
[train-mass] >>> eval @ 800: train 5.6547   val 6.1003   ppl 446.00
[train-mass] step   850/4000   train 5.6312   lr 4.65e-04   grad 1.69   m[mean 0.915 std 0.200]   gamma=0.988   elapsed 89s
[train-mass] step   900/4000   train 5.5873   lr 4.59e-04   grad 1.20   m[mean 0.925 std 0.212]   gamma=0.987   elapsed 94s
[train-mass] step   950/4000   train 5.5812   lr 4.54e-04   grad 0.94   m[mean 0.915 std 0.214]   gamma=0.987   elapsed 99s
[train-mass] step  1000/4000   train 5.5212   lr 4.47e-04   grad 1.09   m[mean 0.921 std 0.215]   gamma=0.986   elapsed 103s
[train-mass] >>> eval @ 1000: train 5.5497   val 6.0473   ppl 422.96
[train-mass] step  1050/4000   train 5.4512   lr 4.41e-04   grad 2.29   m[mean 0.921 std 0.223]   gamma=0.986   elapsed 110s
[train-mass] step  1100/4000   train 5.4121   lr 4.34e-04   grad 2.08   m[mean 0.908 std 0.226]   gamma=0.985   elapsed 115s
[train-mass] step  1150/4000   train 5.4058   lr 4.27e-04   grad 1.70   m[mean 0.918 std 0.221]   gamma=0.984   elapsed 120s
[train-mass] step  1200/4000   train 5.3634   lr 4.19e-04   grad 3.17   m[mean 0.914 std 0.226]   gamma=0.983   elapsed 125s
[train-mass] >>> eval @ 1200: train 5.3518   val 5.9328   ppl 377.23
[train-mass] step  1250/4000   train 5.3232   lr 4.12e-04   grad 2.13   m[mean 0.909 std 0.233]   gamma=0.982   elapsed 132s
[train-mass] step  1300/4000   train 5.2657   lr 4.04e-04   grad 2.56   m[mean 0.902 std 0.243]   gamma=0.980   elapsed 136s
[train-mass] step  1350/4000   train 5.2708   lr 3.95e-04   grad 4.42   m[mean 0.907 std 0.259]   gamma=0.979   elapsed 141s
[train-mass] step  1400/4000   train 5.2099   lr 3.87e-04   grad 5.76   m[mean 0.894 std 0.250]   gamma=0.978   elapsed 146s
[train-mass] >>> eval @ 1400: train 5.2109   val 5.8754   ppl 356.17
[train-mass] step  1450/4000   train 5.1770   lr 3.78e-04   grad 2.47   m[mean 0.900 std 0.251]   gamma=0.977   elapsed 153s
[train-mass] step  1500/4000   train 5.1505   lr 3.69e-04   grad 3.93   m[mean 0.889 std 0.246]   gamma=0.976   elapsed 157s
[train-mass] step  1550/4000   train 5.1205   lr 3.60e-04   grad 3.17   m[mean 0.898 std 0.262]   gamma=0.975   elapsed 162s
[train-mass] step  1600/4000   train 5.1302   lr 3.51e-04   grad 5.80   m[mean 0.898 std 0.275]   gamma=0.975   elapsed 167s
[train-mass] >>> eval @ 1600: train 5.1147   val 5.8579   ppl 349.99
[train-mass] step  1650/4000   train 5.1229   lr 3.41e-04   grad 4.00   m[mean 0.893 std 0.262]   gamma=0.974   elapsed 174s
[train-mass] step  1700/4000   train 5.1131   lr 3.31e-04   grad 2.84   m[mean 0.903 std 0.256]   gamma=0.973   elapsed 179s
[train-mass] step  1750/4000   train 5.0861   lr 3.22e-04   grad 6.52   m[mean 0.886 std 0.260]   gamma=0.972   elapsed 183s
[train-mass] step  1800/4000   train 5.0476   lr 3.12e-04   grad 1.99   m[mean 0.900 std 0.263]   gamma=0.971   elapsed 188s
[train-mass] >>> eval @ 1800: train 5.0310   val 5.8547   ppl 348.88
[train-mass] step  1850/4000   train 4.9923   lr 3.02e-04   grad 3.89   m[mean 0.896 std 0.263]   gamma=0.970   elapsed 195s
[train-mass] step  1900/4000   train 4.9792   lr 2.91e-04   grad 2.74   m[mean 0.899 std 0.261]   gamma=0.970   elapsed 200s
[train-mass] step  1950/4000   train 5.0252   lr 2.81e-04   grad 4.21   m[mean 0.900 std 0.260]   gamma=0.969   elapsed 204s
[train-mass] step  2000/4000   train 4.9559   lr 2.71e-04   grad 5.64   m[mean 0.912 std 0.255]   gamma=0.968   elapsed 209s
[train-mass] >>> eval @ 2000: train 4.9501   val 5.8228   ppl 337.93
[train-mass] step  2050/4000   train 4.9538   lr 2.61e-04   grad 3.82   m[mean 0.892 std 0.272]   gamma=0.967   elapsed 216s
[train-mass] step  2100/4000   train 4.9571   lr 2.50e-04   grad 5.91   m[mean 0.896 std 0.270]   gamma=0.966   elapsed 221s
[train-mass] step  2150/4000   train 4.9008   lr 2.40e-04   grad 2.90   m[mean 0.886 std 0.267]   gamma=0.966   elapsed 226s
[train-mass] step  2200/4000   train 4.8840   lr 2.30e-04   grad 2.44   m[mean 0.874 std 0.257]   gamma=0.965   elapsed 230s
[train-mass] >>> eval @ 2200: train 4.8922   val 5.7621   ppl 318.02
[train-mass] step  2250/4000   train 4.9073   lr 2.19e-04   grad 5.49   m[mean 0.866 std 0.278]   gamma=0.964   elapsed 237s
[train-mass] step  2300/4000   train 4.9011   lr 2.09e-04   grad 3.00   m[mean 0.888 std 0.261]   gamma=0.963   elapsed 242s
[train-mass] step  2350/4000   train 4.8516   lr 1.99e-04   grad 3.12   m[mean 0.876 std 0.266]   gamma=0.963   elapsed 247s
[train-mass] step  2400/4000   train 4.8782   lr 1.89e-04   grad 5.02   m[mean 0.891 std 0.273]   gamma=0.962   elapsed 252s
[train-mass] >>> eval @ 2400: train 4.8914   val 5.7781   ppl 323.14
[train-mass] step  2450/4000   train 4.8231   lr 1.79e-04   grad 2.22   m[mean 0.861 std 0.268]   gamma=0.961   elapsed 259s
[train-mass] step  2500/4000   train 4.8513   lr 1.69e-04   grad 4.64   m[mean 0.875 std 0.265]   gamma=0.960   elapsed 263s
[train-mass] step  2550/4000   train 4.8424   lr 1.59e-04   grad 4.03   m[mean 0.882 std 0.270]   gamma=0.960   elapsed 268s
[train-mass] step  2600/4000   train 4.8202   lr 1.50e-04   grad 7.10   m[mean 0.875 std 0.263]   gamma=0.959   elapsed 273s
[train-mass] >>> eval @ 2600: train 4.7956   val 5.7657   ppl 319.16
[train-mass] step  2650/4000   train 4.7586   lr 1.40e-04   grad 4.91   m[mean 0.894 std 0.282]   gamma=0.959   elapsed 280s
[train-mass] step  2700/4000   train 4.8113   lr 1.31e-04   grad 3.81   m[mean 0.880 std 0.265]   gamma=0.958   elapsed 285s
[train-mass] step  2750/4000   train 4.8123   lr 1.22e-04   grad 7.70   m[mean 0.855 std 0.260]   gamma=0.957   elapsed 289s
[train-mass] step  2800/4000   train 4.7819   lr 1.13e-04   grad 3.46   m[mean 0.870 std 0.275]   gamma=0.957   elapsed 294s
[train-mass] >>> eval @ 2800: train 4.8057   val 5.7652   ppl 318.99
[train-mass] step  2850/4000   train 4.8153   lr 1.05e-04   grad 3.03   m[mean 0.869 std 0.268]   gamma=0.956   elapsed 301s
[train-mass] step  2900/4000   train 4.7833   lr 9.66e-05   grad 2.99   m[mean 0.871 std 0.269]   gamma=0.956   elapsed 306s
[train-mass] step  2950/4000   train 4.7762   lr 8.86e-05   grad 3.47   m[mean 0.868 std 0.265]   gamma=0.956   elapsed 311s
[train-mass] step  3000/4000   train 4.7511   lr 8.08e-05   grad 2.72   m[mean 0.867 std 0.267]   gamma=0.955   elapsed 315s
[train-mass] >>> eval @ 3000: train 4.7689   val 5.6938   ppl 297.02
[train-mass] step  3050/4000   train 4.7787   lr 7.34e-05   grad 2.88   m[mean 0.861 std 0.267]   gamma=0.954   elapsed 323s
[train-mass] step  3100/4000   train 4.7683   lr 6.62e-05   grad 3.72   m[mean 0.851 std 0.272]   gamma=0.954   elapsed 327s
[train-mass] step  3150/4000   train 4.7156   lr 5.94e-05   grad 3.82   m[mean 0.872 std 0.259]   gamma=0.954   elapsed 332s
[train-mass] step  3200/4000   train 4.7346   lr 5.28e-05   grad 2.55   m[mean 0.854 std 0.261]   gamma=0.953   elapsed 337s
[train-mass] >>> eval @ 3200: train 4.7552   val 5.7965   ppl 329.14
[train-mass] step  3250/4000   train 4.7122   lr 4.67e-05   grad 3.68   m[mean 0.859 std 0.263]   gamma=0.953   elapsed 344s
[train-mass] step  3300/4000   train 4.6884   lr 4.08e-05   grad 3.41   m[mean 0.861 std 0.264]   gamma=0.953   elapsed 349s
[train-mass] step  3350/4000   train 4.7543   lr 3.53e-05   grad 2.87   m[mean 0.860 std 0.267]   gamma=0.952   elapsed 353s
[train-mass] step  3400/4000   train 4.7675   lr 3.02e-05   grad 2.83   m[mean 0.864 std 0.260]   gamma=0.952   elapsed 358s
[train-mass] >>> eval @ 3400: train 4.7544   val 5.7559   ppl 316.04
[train-mass] step  3450/4000   train 4.7310   lr 2.55e-05   grad 2.58   m[mean 0.865 std 0.266]   gamma=0.952   elapsed 365s
[train-mass] step  3500/4000   train 4.6858   lr 2.11e-05   grad 5.93   m[mean 0.855 std 0.271]   gamma=0.952   elapsed 370s
[train-mass] step  3550/4000   train 4.7480   lr 1.72e-05   grad 2.65   m[mean 0.856 std 0.259]   gamma=0.952   elapsed 375s
[train-mass] step  3600/4000   train 4.7683   lr 1.36e-05   grad 2.73   m[mean 0.850 std 0.259]   gamma=0.952   elapsed 379s
[train-mass] >>> eval @ 3600: train 4.7216   val 5.7770   ppl 322.78
[train-mass] step  3650/4000   train 4.7277   lr 1.05e-05   grad 3.33   m[mean 0.880 std 0.264]   gamma=0.951   elapsed 387s
[train-mass] step  3700/4000   train 4.7142   lr 7.70e-06   grad 3.55   m[mean 0.850 std 0.266]   gamma=0.951   elapsed 391s
[train-mass] step  3750/4000   train 4.7424   lr 5.36e-06   grad 2.16   m[mean 0.866 std 0.259]   gamma=0.951   elapsed 396s
[train-mass] step  3800/4000   train 4.7262   lr 3.44e-06   grad 3.01   m[mean 0.833 std 0.262]   gamma=0.951   elapsed 401s
[train-mass] >>> eval @ 3800: train 4.6804   val 5.6955   ppl 297.52
[train-mass] step  3850/4000   train 4.7005   lr 1.95e-06   grad 3.07   m[mean 0.847 std 0.275]   gamma=0.951   elapsed 408s
[train-mass] step  3900/4000   train 4.7198   lr 8.71e-07   grad 2.65   m[mean 0.874 std 0.260]   gamma=0.951   elapsed 413s
[train-mass] step  3950/4000   train 4.7292   lr 2.22e-07   grad 2.94   m[mean 0.859 std 0.270]   gamma=0.951   elapsed 417s
[train-mass] step  4000/4000   train 4.7294   lr 8.54e-11   grad 3.58   m[mean 0.859 std 0.262]   gamma=0.951   elapsed 422s
[train-mass] >>> eval @ 4000: train 4.7215   val 5.6505   ppl 284.42
[train-mass] done in 424s
[train-mass] saved checkpoint -> /content/semsimula/notebooks/conservative_arch/sarf_mass_variant/results/splm_sarfmass_embed_head_shakespeare_ckpt_latest.pt
[train-mass] saved loss curve -> /content/semsimula/notebooks/conservative_arch/sarf_mass_variant/results/splm_sarfmass_embed_head_shakespeare_loss_curve.png
[train-mass] saved summary -> /content/semsimula/notebooks/conservative_arch/sarf_mass_variant/results/splm_sarfmass_embed_head_shakespeare_summary.md
