[train-mass] TF32 disabled (default) for SPLM autograd.grad numerical stability (CUDA matmuls in true fp32)
[train-mass] device=cuda  mode=shakespeare  mass_mode=logfreq  fixed_gamma=None  results_dir=/content/semsimula/notebooks/conservative_arch/sarf_mass_variant/results
[train-mass] tokens: train=321,124  val=16,901
[train-mass] params: 7,123,076   d=128  L=8  v_hidden=512
[train-mass] init mass: mean=1.457  std=0.207  min=1.151  max=1.915
[train-mass] step    50/4000   train 10.8208   lr 1.25e-04   grad 0.14   m[mean 1.448 std 0.200]   gamma=0.998   elapsed 5s
[train-mass] step   100/4000   train 9.4813   lr 2.50e-04   grad 19.44   m[mean 1.446 std 0.202]   gamma=0.992   elapsed 9s
[train-mass] step   150/4000   train 6.5131   lr 3.75e-04   grad 0.77   m[mean 1.440 std 0.202]   gamma=0.993   elapsed 14s
[train-mass] step   200/4000   train 6.3891   lr 5.00e-04   grad 0.64   m[mean 1.446 std 0.203]   gamma=0.992   elapsed 19s
[train-mass] >>> eval @ 200: train 6.3851   val 6.5565   ppl 703.79
[train-mass] step   250/4000   train 6.3164   lr 5.00e-04   grad 1.23   m[mean 1.451 std 0.207]   gamma=0.987   elapsed 26s
[train-mass] step   300/4000   train 6.2109   lr 4.99e-04   grad 1.48   m[mean 1.458 std 0.213]   gamma=0.983   elapsed 30s
[train-mass] step   350/4000   train 6.1097   lr 4.98e-04   grad 0.76   m[mean 1.443 std 0.207]   gamma=0.979   elapsed 35s
[train-mass] step   400/4000   train 6.0446   lr 4.97e-04   grad 1.35   m[mean 1.445 std 0.210]   gamma=0.976   elapsed 40s
[train-mass] >>> eval @ 400: train 6.0272   val 6.2822   ppl 534.98
[train-mass] step   450/4000   train 5.9512   lr 4.95e-04   grad 0.96   m[mean 1.426 std 0.207]   gamma=0.972   elapsed 47s
[train-mass] step   500/4000   train 5.8651   lr 4.92e-04   grad 1.34   m[mean 1.446 std 0.205]   gamma=0.968   elapsed 52s
[train-mass] step   550/4000   train 5.8299   lr 4.90e-04   grad 0.98   m[mean 1.429 std 0.210]   gamma=0.963   elapsed 56s
[train-mass] step   600/4000   train 5.7741   lr 4.87e-04   grad 2.85   m[mean 1.437 std 0.207]   gamma=0.959   elapsed 61s
[train-mass] >>> eval @ 600: train 5.7363   val 6.0895   ppl 441.19
[train-mass] step   650/4000   train 5.7154   lr 4.83e-04   grad 0.94   m[mean 1.435 std 0.208]   gamma=0.955   elapsed 68s
[train-mass] step   700/4000   train 5.6520   lr 4.79e-04   grad 2.82   m[mean 1.423 std 0.207]   gamma=0.949   elapsed 73s
[train-mass] step   750/4000   train 5.6486   lr 4.75e-04   grad 1.57   m[mean 1.416 std 0.206]   gamma=0.945   elapsed 77s
[train-mass] step   800/4000   train 5.5995   lr 4.70e-04   grad 2.99   m[mean 1.429 std 0.209]   gamma=0.941   elapsed 82s
[train-mass] >>> eval @ 800: train 5.5793   val 5.9589   ppl 387.19
[train-mass] step   850/4000   train 5.5939   lr 4.65e-04   grad 2.88   m[mean 1.413 std 0.202]   gamma=0.938   elapsed 89s
[train-mass] step   900/4000   train 5.5565   lr 4.59e-04   grad 7.81   m[mean 1.406 std 0.202]   gamma=0.936   elapsed 94s
[train-mass] step   950/4000   train 5.5425   lr 4.54e-04   grad 2.76   m[mean 1.412 std 0.203]   gamma=0.933   elapsed 98s
[train-mass] step  1000/4000   train 5.5021   lr 4.47e-04   grad 2.66   m[mean 1.415 std 0.202]   gamma=0.930   elapsed 103s
[train-mass] >>> eval @ 1000: train 5.4859   val 5.9245   ppl 374.10
[train-mass] step  1050/4000   train 5.4810   lr 4.41e-04   grad 4.15   m[mean 1.407 std 0.204]   gamma=0.927   elapsed 110s
[train-mass] step  1100/4000   train 5.4840   lr 4.34e-04   grad 1.90   m[mean 1.411 std 0.204]   gamma=0.925   elapsed 115s
[train-mass] step  1150/4000   train 5.4205   lr 4.27e-04   grad 7.47   m[mean 1.403 std 0.201]   gamma=0.921   elapsed 119s
[train-mass] step  1200/4000   train 5.4176   lr 4.19e-04   grad 2.42   m[mean 1.402 std 0.204]   gamma=0.918   elapsed 124s
[train-mass] >>> eval @ 1200: train 5.4403   val 5.8878   ppl 360.61
[train-mass] step  1250/4000   train 5.3966   lr 4.12e-04   grad 4.37   m[mean 1.397 std 0.201]   gamma=0.914   elapsed 131s
[train-mass] step  1300/4000   train 5.3529   lr 4.04e-04   grad 3.57   m[mean 1.397 std 0.194]   gamma=0.912   elapsed 136s
[train-mass] step  1350/4000   train 5.2980   lr 3.95e-04   grad 2.48   m[mean 1.390 std 0.199]   gamma=0.909   elapsed 140s
[train-mass] step  1400/4000   train 5.3305   lr 3.87e-04   grad 2.81   m[mean 1.388 std 0.196]   gamma=0.906   elapsed 145s
[train-mass] >>> eval @ 1400: train 5.2652   val 5.7669   ppl 319.54
[train-mass] step  1450/4000   train 5.3002   lr 3.78e-04   grad 7.31   m[mean 1.387 std 0.200]   gamma=0.903   elapsed 152s
[train-mass] step  1500/4000   train 5.2728   lr 3.69e-04   grad 3.37   m[mean 1.388 std 0.194]   gamma=0.901   elapsed 157s
[train-mass] step  1550/4000   train 5.2591   lr 3.60e-04   grad 5.45   m[mean 1.386 std 0.198]   gamma=0.899   elapsed 161s
[train-mass] step  1600/4000   train 5.2012   lr 3.51e-04   grad 2.15   m[mean 1.384 std 0.197]   gamma=0.896   elapsed 166s
[train-mass] >>> eval @ 1600: train 5.2305   val 5.7765   ppl 322.64
[train-mass] step  1650/4000   train 5.2287   lr 3.41e-04   grad 7.24   m[mean 1.383 std 0.200]   gamma=0.893   elapsed 173s
[train-mass] step  1700/4000   train 5.1939   lr 3.31e-04   grad 5.74   m[mean 1.381 std 0.201]   gamma=0.891   elapsed 178s
[train-mass] step  1750/4000   train 5.2037   lr 3.22e-04   grad 8.54   m[mean 1.374 std 0.196]   gamma=0.889   elapsed 182s
[train-mass] step  1800/4000   train 5.1672   lr 3.12e-04   grad 5.22   m[mean 1.376 std 0.193]   gamma=0.887   elapsed 187s
[train-mass] >>> eval @ 1800: train 5.1423   val 5.6919   ppl 296.44
[train-mass] step  1850/4000   train 5.1639   lr 3.02e-04   grad 2.49   m[mean 1.379 std 0.202]   gamma=0.885   elapsed 194s
[train-mass] step  1900/4000   train 5.1809   lr 2.91e-04   grad 4.40   m[mean 1.378 std 0.201]   gamma=0.883   elapsed 199s
[train-mass] step  1950/4000   train 5.1444   lr 2.81e-04   grad 2.98   m[mean 1.375 std 0.199]   gamma=0.881   elapsed 203s
[train-mass] step  2000/4000   train 5.1298   lr 2.71e-04   grad 8.75   m[mean 1.375 std 0.198]   gamma=0.880   elapsed 208s
[train-mass] >>> eval @ 2000: train 5.1134   val 5.6552   ppl 285.79
[train-mass] step  2050/4000   train 5.1018   lr 2.61e-04   grad 6.14   m[mean 1.369 std 0.198]   gamma=0.878   elapsed 215s
[train-mass] step  2100/4000   train 5.0682   lr 2.50e-04   grad 2.44   m[mean 1.372 std 0.196]   gamma=0.877   elapsed 220s
[train-mass] step  2150/4000   train 5.0961   lr 2.40e-04   grad 9.32   m[mean 1.363 std 0.193]   gamma=0.875   elapsed 225s
[train-mass] step  2200/4000   train 5.0551   lr 2.30e-04   grad 10.05   m[mean 1.372 std 0.197]   gamma=0.873   elapsed 229s
[train-mass] >>> eval @ 2200: train 5.0685   val 5.6254   ppl 277.39
[train-mass] step  2250/4000   train 5.0725   lr 2.19e-04   grad 4.79   m[mean 1.363 std 0.192]   gamma=0.873   elapsed 236s
[train-mass] step  2300/4000   train 5.0521   lr 2.09e-04   grad 2.97   m[mean 1.374 std 0.197]   gamma=0.871   elapsed 241s
[train-mass] step  2350/4000   train 5.0480   lr 1.99e-04   grad 8.02   m[mean 1.373 std 0.201]   gamma=0.870   elapsed 246s
[train-mass] step  2400/4000   train 5.0185   lr 1.89e-04   grad 5.32   m[mean 1.374 std 0.198]   gamma=0.869   elapsed 250s
[train-mass] >>> eval @ 2400: train 5.0485   val 5.5932   ppl 268.60
[train-mass] step  2450/4000   train 5.0389   lr 1.79e-04   grad 4.70   m[mean 1.371 std 0.197]   gamma=0.868   elapsed 257s
[train-mass] step  2500/4000   train 5.0453   lr 1.69e-04   grad 5.48   m[mean 1.371 std 0.193]   gamma=0.867   elapsed 262s
[train-mass] step  2550/4000   train 5.0007   lr 1.59e-04   grad 6.29   m[mean 1.372 std 0.196]   gamma=0.866   elapsed 267s
[train-mass] step  2600/4000   train 5.0016   lr 1.50e-04   grad 2.60   m[mean 1.362 std 0.197]   gamma=0.865   elapsed 271s
[train-mass] >>> eval @ 2600: train 4.9874   val 5.6235   ppl 276.87
[train-mass] step  2650/4000   train 5.0000   lr 1.40e-04   grad 3.32   m[mean 1.367 std 0.194]   gamma=0.863   elapsed 278s
[train-mass] step  2700/4000   train 5.0213   lr 1.31e-04   grad 7.23   m[mean 1.375 std 0.195]   gamma=0.863   elapsed 283s
[train-mass] step  2750/4000   train 5.0020   lr 1.22e-04   grad 5.66   m[mean 1.372 std 0.202]   gamma=0.862   elapsed 288s
[train-mass] step  2800/4000   train 4.9858   lr 1.13e-04   grad 2.72   m[mean 1.365 std 0.198]   gamma=0.861   elapsed 292s
[train-mass] >>> eval @ 2800: train 4.9983   val 5.5809   ppl 265.31
[train-mass] step  2850/4000   train 4.9835   lr 1.05e-04   grad 6.04   m[mean 1.359 std 0.194]   gamma=0.860   elapsed 300s
[train-mass] step  2900/4000   train 4.9601   lr 9.66e-05   grad 3.98   m[mean 1.371 std 0.203]   gamma=0.859   elapsed 304s
[train-mass] step  2950/4000   train 4.9628   lr 8.86e-05   grad 7.15   m[mean 1.359 std 0.195]   gamma=0.859   elapsed 309s
[train-mass] step  3000/4000   train 4.9712   lr 8.08e-05   grad 7.08   m[mean 1.357 std 0.192]   gamma=0.858   elapsed 314s
[train-mass] >>> eval @ 3000: train 4.9279   val 5.6194   ppl 275.72
[train-mass] step  3050/4000   train 4.9393   lr 7.34e-05   grad 3.66   m[mean 1.358 std 0.199]   gamma=0.857   elapsed 321s
[train-mass] step  3100/4000   train 4.9248   lr 6.62e-05   grad 3.95   m[mean 1.342 std 0.189]   gamma=0.857   elapsed 325s
[train-mass] step  3150/4000   train 4.9470   lr 5.94e-05   grad 5.92   m[mean 1.360 std 0.192]   gamma=0.856   elapsed 330s
[train-mass] step  3200/4000   train 4.9313   lr 5.28e-05   grad 5.54   m[mean 1.372 std 0.200]   gamma=0.856   elapsed 335s
[train-mass] >>> eval @ 3200: train 4.9536   val 5.5919   ppl 268.25
[train-mass] step  3250/4000   train 4.9350   lr 4.67e-05   grad 6.14   m[mean 1.357 std 0.193]   gamma=0.855   elapsed 342s
[train-mass] step  3300/4000   train 4.9299   lr 4.08e-05   grad 3.80   m[mean 1.357 std 0.193]   gamma=0.855   elapsed 346s
[train-mass] step  3350/4000   train 4.8983   lr 3.53e-05   grad 10.39   m[mean 1.353 std 0.191]   gamma=0.854   elapsed 351s
[train-mass] step  3400/4000   train 4.9398   lr 3.02e-05   grad 3.76   m[mean 1.355 std 0.191]   gamma=0.854   elapsed 356s
[train-mass] >>> eval @ 3400: train 4.8837   val 5.5964   ppl 269.46
[train-mass] step  3450/4000   train 4.8946   lr 2.55e-05   grad 3.27   m[mean 1.355 std 0.191]   gamma=0.854   elapsed 363s
[train-mass] step  3500/4000   train 4.9189   lr 2.11e-05   grad 3.13   m[mean 1.344 std 0.188]   gamma=0.853   elapsed 368s
[train-mass] step  3550/4000   train 4.9027   lr 1.72e-05   grad 5.27   m[mean 1.349 std 0.190]   gamma=0.853   elapsed 372s
[train-mass] step  3600/4000   train 4.9214   lr 1.36e-05   grad 3.07   m[mean 1.349 std 0.194]   gamma=0.853   elapsed 377s
[train-mass] >>> eval @ 3600: train 4.9398   val 5.5367   ppl 253.84
[train-mass] step  3650/4000   train 4.9148   lr 1.05e-05   grad 3.03   m[mean 1.349 std 0.191]   gamma=0.853   elapsed 384s
[train-mass] step  3700/4000   train 4.9107   lr 7.70e-06   grad 3.46   m[mean 1.353 std 0.194]   gamma=0.853   elapsed 389s
[train-mass] step  3750/4000   train 4.9137   lr 5.36e-06   grad 3.00   m[mean 1.362 std 0.196]   gamma=0.852   elapsed 393s
[train-mass] step  3800/4000   train 4.8976   lr 3.44e-06   grad 2.61   m[mean 1.363 std 0.198]   gamma=0.852   elapsed 398s
[train-mass] >>> eval @ 3800: train 4.9033   val 5.5876   ppl 267.08
[train-mass] step  3850/4000   train 4.9068   lr 1.95e-06   grad 3.04   m[mean 1.360 std 0.197]   gamma=0.852   elapsed 405s
[train-mass] step  3900/4000   train 4.9277   lr 8.71e-07   grad 2.71   m[mean 1.365 std 0.197]   gamma=0.852   elapsed 410s
[train-mass] step  3950/4000   train 4.8914   lr 2.22e-07   grad 2.44   m[mean 1.360 std 0.200]   gamma=0.852   elapsed 414s
[train-mass] step  4000/4000   train 4.9069   lr 8.54e-11   grad 2.79   m[mean 1.352 std 0.192]   gamma=0.852   elapsed 419s
[train-mass] >>> eval @ 4000: train 4.8646   val 5.5392   ppl 254.48
[train-mass] done in 422s
[train-mass] saved checkpoint -> /content/semsimula/notebooks/conservative_arch/sarf_mass_variant/results/splm_sarfmass_logfreq_shakespeare_ckpt_latest.pt
[train-mass] saved loss curve -> /content/semsimula/notebooks/conservative_arch/sarf_mass_variant/results/splm_sarfmass_logfreq_shakespeare_loss_curve.png
[train-mass] saved summary -> /content/semsimula/notebooks/conservative_arch/sarf_mass_variant/results/splm_sarfmass_logfreq_shakespeare_summary.md
