[train-sarf] device=cuda  mode=shakespeare
[train-sarf] TF32 disabled (default) for SPLM autograd.grad numerical stability (CUDA matmuls in true fp32)
[train-sarf] tokens: train=321,124  val=16,901
[train-sarf] params: 7,123,075   d=128  L=8  v_hidden=512
[train-sarf] step    50/4000   train 10.8202   lr 1.25e-04   grad 0.18   m=0.999   gamma=0.998   elapsed 5s
[train-sarf] step   100/4000   train 9.2743   lr 2.50e-04   grad 17.34   m=0.993   gamma=0.992   elapsed 9s
[train-sarf] step   150/4000   train 6.4639   lr 3.75e-04   grad 1.32   m=0.994   gamma=0.993   elapsed 14s
[train-sarf] step   200/4000   train 6.4144   lr 5.00e-04   grad 0.47   m=0.995   gamma=0.994   elapsed 19s
[train-sarf] >>> eval @ 200: train 6.4157   val 6.5548   ppl 702.64
[train-sarf] step   250/4000   train 6.3845   lr 5.00e-04   grad 1.79   m=0.995   gamma=0.994   elapsed 26s
[train-sarf] step   300/4000   train 6.3515   lr 4.99e-04   grad 1.15   m=0.995   gamma=0.994   elapsed 30s
[train-sarf] step   350/4000   train 6.2629   lr 4.98e-04   grad 0.85   m=0.994   gamma=0.992   elapsed 35s
[train-sarf] step   400/4000   train 6.1600   lr 4.97e-04   grad 3.11   m=0.994   gamma=0.991   elapsed 40s
[train-sarf] >>> eval @ 400: train 6.1355   val 6.4247   ppl 616.90
[train-sarf] step   450/4000   train 6.0888   lr 4.95e-04   grad 3.10   m=0.994   gamma=0.990   elapsed 47s
[train-sarf] step   500/4000   train 6.0044   lr 4.92e-04   grad 2.77   m=0.993   gamma=0.989   elapsed 51s
[train-sarf] step   550/4000   train 5.9472   lr 4.90e-04   grad 0.80   m=0.991   gamma=0.987   elapsed 56s
[train-sarf] step   600/4000   train 5.8433   lr 4.87e-04   grad 1.23   m=0.990   gamma=0.986   elapsed 61s
[train-sarf] >>> eval @ 600: train 5.8023   val 6.1760   ppl 481.08
[train-sarf] step   650/4000   train 5.7785   lr 4.83e-04   grad 1.64   m=0.990   gamma=0.985   elapsed 68s
[train-sarf] step   700/4000   train 5.7167   lr 4.79e-04   grad 1.29   m=0.989   gamma=0.983   elapsed 72s
[train-sarf] step   750/4000   train 5.7167   lr 4.75e-04   grad 1.72   m=0.989   gamma=0.982   elapsed 77s
[train-sarf] step   800/4000   train 5.6814   lr 4.70e-04   grad 1.73   m=0.988   gamma=0.982   elapsed 81s
[train-sarf] >>> eval @ 800: train 5.6546   val 6.0330   ppl 416.97
[train-sarf] step   850/4000   train 5.6666   lr 4.65e-04   grad 2.43   m=0.988   gamma=0.981   elapsed 89s
[train-sarf] step   900/4000   train 5.6223   lr 4.59e-04   grad 2.07   m=0.988   gamma=0.980   elapsed 93s
[train-sarf] step   950/4000   train 5.5979   lr 4.54e-04   grad 3.71   m=0.987   gamma=0.979   elapsed 98s
[train-sarf] step  1000/4000   train 5.5708   lr 4.47e-04   grad 2.42   m=0.986   gamma=0.978   elapsed 103s
[train-sarf] >>> eval @ 1000: train 5.5664   val 5.9881   ppl 398.68
[train-sarf] step  1050/4000   train 5.5246   lr 4.41e-04   grad 1.94   m=0.986   gamma=0.977   elapsed 110s
[train-sarf] step  1100/4000   train 5.5034   lr 4.34e-04   grad 1.52   m=0.985   gamma=0.976   elapsed 114s
[train-sarf] step  1150/4000   train 5.4491   lr 4.27e-04   grad 3.36   m=0.985   gamma=0.974   elapsed 119s
[train-sarf] step  1200/4000   train 5.4233   lr 4.19e-04   grad 1.71   m=0.984   gamma=0.973   elapsed 124s
[train-sarf] >>> eval @ 1200: train 5.3897   val 5.8238   ppl 338.26
[train-sarf] step  1250/4000   train 5.3804   lr 4.12e-04   grad 3.01   m=0.983   gamma=0.972   elapsed 131s
[train-sarf] step  1300/4000   train 5.3208   lr 4.04e-04   grad 2.25   m=0.983   gamma=0.971   elapsed 135s
[train-sarf] step  1350/4000   train 5.2723   lr 3.95e-04   grad 14.30   m=0.982   gamma=0.970   elapsed 140s
[train-sarf] step  1400/4000   train 5.2957   lr 3.87e-04   grad 3.76   m=0.982   gamma=0.969   elapsed 145s
[train-sarf] >>> eval @ 1400: train 5.2430   val 5.7309   ppl 308.26
[train-sarf] step  1450/4000   train 5.2589   lr 3.78e-04   grad 2.42   m=0.982   gamma=0.969   elapsed 152s
[train-sarf] step  1500/4000   train 5.2227   lr 3.69e-04   grad 5.70   m=0.981   gamma=0.968   elapsed 157s
[train-sarf] step  1550/4000   train 5.2061   lr 3.60e-04   grad 3.62   m=0.981   gamma=0.968   elapsed 161s
[train-sarf] step  1600/4000   train 5.1465   lr 3.51e-04   grad 15.44   m=0.980   gamma=0.967   elapsed 166s
[train-sarf] >>> eval @ 1600: train 5.2398   val 5.8574   ppl 349.81
[train-sarf] step  1650/4000   train 5.1735   lr 3.41e-04   grad 6.38   m=0.980   gamma=0.966   elapsed 173s
[train-sarf] step  1700/4000   train 5.1565   lr 3.31e-04   grad 16.01   m=0.980   gamma=0.966   elapsed 178s
[train-sarf] step  1750/4000   train 5.1421   lr 3.22e-04   grad 2.54   m=0.979   gamma=0.965   elapsed 182s
[train-sarf] step  1800/4000   train 5.1071   lr 3.12e-04   grad 3.72   m=0.979   gamma=0.964   elapsed 187s
[train-sarf] >>> eval @ 1800: train 5.0811   val 5.6276   ppl 278.01
[train-sarf] step  1850/4000   train 5.0996   lr 3.02e-04   grad 5.53   m=0.978   gamma=0.964   elapsed 194s
[train-sarf] step  1900/4000   train 5.1338   lr 2.91e-04   grad 5.65   m=0.978   gamma=0.963   elapsed 199s
[train-sarf] step  1950/4000   train 5.0638   lr 2.81e-04   grad 5.23   m=0.977   gamma=0.962   elapsed 203s
[train-sarf] step  2000/4000   train 5.0515   lr 2.71e-04   grad 6.45   m=0.977   gamma=0.962   elapsed 208s
[train-sarf] >>> eval @ 2000: train 5.0298   val 5.5941   ppl 268.84
[train-sarf] step  2050/4000   train 5.0310   lr 2.61e-04   grad 3.53   m=0.976   gamma=0.961   elapsed 215s
[train-sarf] step  2100/4000   train 4.9972   lr 2.50e-04   grad 8.67   m=0.976   gamma=0.960   elapsed 220s
[train-sarf] step  2150/4000   train 5.0287   lr 2.40e-04   grad 6.54   m=0.975   gamma=0.959   elapsed 224s
[train-sarf] step  2200/4000   train 4.9800   lr 2.30e-04   grad 7.25   m=0.975   gamma=0.959   elapsed 229s
[train-sarf] >>> eval @ 2200: train 4.9674   val 5.5052   ppl 245.98
[train-sarf] step  2250/4000   train 4.9895   lr 2.19e-04   grad 5.25   m=0.974   gamma=0.958   elapsed 236s
[train-sarf] step  2300/4000   train 4.9650   lr 2.09e-04   grad 5.76   m=0.973   gamma=0.957   elapsed 241s
[train-sarf] step  2350/4000   train 4.9630   lr 1.99e-04   grad 2.69   m=0.973   gamma=0.957   elapsed 245s
[train-sarf] step  2400/4000   train 4.9276   lr 1.89e-04   grad 8.11   m=0.972   gamma=0.956   elapsed 250s
[train-sarf] >>> eval @ 2400: train 4.9824   val 5.5353   ppl 253.49
[train-sarf] step  2450/4000   train 4.9666   lr 1.79e-04   grad 10.31   m=0.972   gamma=0.955   elapsed 257s
[train-sarf] step  2500/4000   train 4.9606   lr 1.69e-04   grad 7.36   m=0.972   gamma=0.955   elapsed 262s
[train-sarf] step  2550/4000   train 4.9121   lr 1.59e-04   grad 5.59   m=0.971   gamma=0.954   elapsed 266s
[train-sarf] step  2600/4000   train 4.9106   lr 1.50e-04   grad 4.66   m=0.970   gamma=0.953   elapsed 271s
[train-sarf] >>> eval @ 2600: train 4.8975   val 5.5170   ppl 248.90
[train-sarf] step  2650/4000   train 4.9004   lr 1.40e-04   grad 5.03   m=0.970   gamma=0.953   elapsed 278s
[train-sarf] step  2700/4000   train 4.9212   lr 1.31e-04   grad 6.00   m=0.970   gamma=0.952   elapsed 283s
[train-sarf] step  2750/4000   train 4.9002   lr 1.22e-04   grad 6.37   m=0.969   gamma=0.952   elapsed 288s
[train-sarf] step  2800/4000   train 4.8965   lr 1.13e-04   grad 8.73   m=0.969   gamma=0.951   elapsed 292s
[train-sarf] >>> eval @ 2800: train 4.9228   val 5.5139   ppl 248.12
[train-sarf] step  2850/4000   train 4.8870   lr 1.05e-04   grad 6.84   m=0.968   gamma=0.951   elapsed 299s
[train-sarf] step  2900/4000   train 4.8439   lr 9.66e-05   grad 3.76   m=0.968   gamma=0.950   elapsed 304s
[train-sarf] step  2950/4000   train 4.8680   lr 8.86e-05   grad 8.51   m=0.968   gamma=0.950   elapsed 309s
[train-sarf] step  3000/4000   train 4.8710   lr 8.08e-05   grad 4.40   m=0.967   gamma=0.949   elapsed 313s
[train-sarf] >>> eval @ 3000: train 4.8101   val 5.5469   ppl 256.43
[train-sarf] step  3050/4000   train 4.8433   lr 7.34e-05   grad 7.23   m=0.967   gamma=0.949   elapsed 320s
[train-sarf] step  3100/4000   train 4.8301   lr 6.62e-05   grad 9.29   m=0.967   gamma=0.948   elapsed 325s
[train-sarf] step  3150/4000   train 4.8334   lr 5.94e-05   grad 3.65   m=0.966   gamma=0.948   elapsed 330s
[train-sarf] step  3200/4000   train 4.8212   lr 5.28e-05   grad 5.96   m=0.966   gamma=0.947   elapsed 334s
[train-sarf] >>> eval @ 3200: train 4.8458   val 5.5412   ppl 254.98
[train-sarf] step  3250/4000   train 4.8247   lr 4.67e-05   grad 4.62   m=0.965   gamma=0.947   elapsed 342s
[train-sarf] step  3300/4000   train 4.8196   lr 4.08e-05   grad 3.73   m=0.965   gamma=0.946   elapsed 346s
[train-sarf] step  3350/4000   train 4.7858   lr 3.53e-05   grad 7.64   m=0.965   gamma=0.946   elapsed 351s
[train-sarf] step  3400/4000   train 4.8298   lr 3.02e-05   grad 4.86   m=0.965   gamma=0.946   elapsed 356s
[train-sarf] >>> eval @ 3400: train 4.7724   val 5.5578   ppl 259.26
[train-sarf] step  3450/4000   train 4.7798   lr 2.55e-05   grad 3.33   m=0.965   gamma=0.945   elapsed 363s
[train-sarf] step  3500/4000   train 4.8096   lr 2.11e-05   grad 4.06   m=0.964   gamma=0.945   elapsed 367s
[train-sarf] step  3550/4000   train 4.7943   lr 1.72e-05   grad 3.68   m=0.964   gamma=0.945   elapsed 372s
[train-sarf] step  3600/4000   train 4.8133   lr 1.36e-05   grad 4.04   m=0.964   gamma=0.945   elapsed 377s
[train-sarf] >>> eval @ 3600: train 4.8323   val 5.5251   ppl 250.92
[train-sarf] step  3650/4000   train 4.8091   lr 1.05e-05   grad 2.55   m=0.964   gamma=0.945   elapsed 384s
[train-sarf] step  3700/4000   train 4.7991   lr 7.70e-06   grad 5.58   m=0.964   gamma=0.945   elapsed 389s
[train-sarf] step  3750/4000   train 4.7993   lr 5.36e-06   grad 3.54   m=0.964   gamma=0.945   elapsed 393s
[train-sarf] step  3800/4000   train 4.7858   lr 3.44e-06   grad 3.69   m=0.964   gamma=0.945   elapsed 398s
[train-sarf] >>> eval @ 3800: train 4.7918   val 5.5773   ppl 264.36
[train-sarf] step  3850/4000   train 4.7894   lr 1.95e-06   grad 2.91   m=0.964   gamma=0.945   elapsed 405s
[train-sarf] step  3900/4000   train 4.8120   lr 8.71e-07   grad 2.86   m=0.964   gamma=0.945   elapsed 410s
[train-sarf] step  3950/4000   train 4.7897   lr 2.22e-07   grad 3.66   m=0.964   gamma=0.945   elapsed 414s
[train-sarf] step  4000/4000   train 4.7924   lr 8.54e-11   grad 3.11   m=0.964   gamma=0.945   elapsed 419s
[train-sarf] >>> eval @ 4000: train 4.7655   val 5.5213   ppl 249.96
[train-sarf] done in 421s
[train-sarf] saved checkpoint -> /content/semsimula/notebooks/conservative_arch/sarf_variant/results/splm_sarf_shakespeare_ckpt_latest.pt
[train-sarf] saved loss curve -> /content/semsimula/notebooks/conservative_arch/sarf_variant/results/splm_sarf_shakespeare_loss_curve.png
[train-sarf] saved summary -> /content/semsimula/notebooks/conservative_arch/sarf_variant/results/splm_sarf_shakespeare_summary.md
