[train-sarf] device=cuda  mode=shakespeare
[train-sarf] TF32 disabled (default) for SPLM autograd.grad numerical stability (CUDA matmuls in true fp32)
[train-sarf] tokens: train=321,124  val=16,901
[train-sarf] params: 7,123,075   d=128  L=8  v_hidden=512
[train-sarf] step    50/4000   train 10.8205   lr 1.25e-04   grad 0.19   m=0.999   gamma=0.998   elapsed 5s
[train-sarf] step   100/4000   train 9.3217   lr 2.50e-04   grad 20.05   m=0.993   gamma=0.992   elapsed 9s
[train-sarf] step   150/4000   train 6.4584   lr 3.75e-04   grad 1.74   m=0.994   gamma=0.993   elapsed 14s
[train-sarf] step   200/4000   train 6.3975   lr 5.00e-04   grad 1.82   m=0.995   gamma=0.994   elapsed 19s
[train-sarf] >>> eval @ 200: train 6.3801   val 6.6002   ppl 735.22
[train-sarf] step   250/4000   train 6.3669   lr 5.00e-04   grad 1.05   m=0.995   gamma=0.994   elapsed 26s
[train-sarf] step   300/4000   train 6.3395   lr 4.99e-04   grad 0.74   m=0.995   gamma=0.994   elapsed 30s
[train-sarf] step   350/4000   train 6.3018   lr 4.98e-04   grad 1.51   m=0.995   gamma=0.992   elapsed 35s
[train-sarf] step   400/4000   train 6.2054   lr 4.97e-04   grad 1.33   m=0.995   gamma=0.991   elapsed 40s
[train-sarf] >>> eval @ 400: train 6.1807   val 6.3977   ppl 600.47
[train-sarf] step   450/4000   train 6.1291   lr 4.95e-04   grad 1.21   m=0.994   gamma=0.990   elapsed 47s
[train-sarf] step   500/4000   train 6.0315   lr 4.92e-04   grad 1.02   m=0.993   gamma=0.987   elapsed 51s
[train-sarf] step   550/4000   train 5.9672   lr 4.90e-04   grad 0.81   m=0.993   gamma=0.986   elapsed 56s
[train-sarf] step   600/4000   train 5.9023   lr 4.87e-04   grad 1.65   m=0.993   gamma=0.984   elapsed 61s
[train-sarf] >>> eval @ 600: train 5.8768   val 6.1576   ppl 472.27
[train-sarf] step   650/4000   train 5.8891   lr 4.83e-04   grad 1.15   m=0.993   gamma=0.984   elapsed 68s
[train-sarf] step   700/4000   train 5.8411   lr 4.79e-04   grad 1.64   m=0.992   gamma=0.983   elapsed 72s
[train-sarf] step   750/4000   train 5.7954   lr 4.75e-04   grad 1.74   m=0.992   gamma=0.982   elapsed 77s
[train-sarf] step   800/4000   train 5.7645   lr 4.70e-04   grad 1.68   m=0.992   gamma=0.981   elapsed 82s
[train-sarf] >>> eval @ 800: train 5.7577   val 6.1006   ppl 446.14
[train-sarf] step   850/4000   train 5.7365   lr 4.65e-04   grad 1.58   m=0.991   gamma=0.980   elapsed 89s
[train-sarf] step   900/4000   train 5.6992   lr 4.59e-04   grad 1.32   m=0.990   gamma=0.979   elapsed 93s
[train-sarf] step   950/4000   train 5.6936   lr 4.54e-04   grad 2.77   m=0.990   gamma=0.978   elapsed 98s
[train-sarf] step  1000/4000   train 5.6216   lr 4.47e-04   grad 2.12   m=0.989   gamma=0.976   elapsed 103s
[train-sarf] >>> eval @ 1000: train 5.6240   val 5.9862   ppl 397.89
[train-sarf] step  1050/4000   train 5.6277   lr 4.41e-04   grad 2.15   m=0.989   gamma=0.975   elapsed 110s
[train-sarf] step  1100/4000   train 5.6164   lr 4.34e-04   grad 1.81   m=0.989   gamma=0.975   elapsed 114s
[train-sarf] step  1150/4000   train 5.6234   lr 4.27e-04   grad 3.13   m=0.989   gamma=0.974   elapsed 119s
[train-sarf] step  1200/4000   train 5.5561   lr 4.19e-04   grad 1.63   m=0.988   gamma=0.973   elapsed 124s
[train-sarf] >>> eval @ 1200: train 5.5141   val 5.9147   ppl 370.44
[train-sarf] step  1250/4000   train 5.4710   lr 4.12e-04   grad 2.06   m=0.987   gamma=0.972   elapsed 131s
[train-sarf] step  1300/4000   train 5.5047   lr 4.04e-04   grad 5.93   m=0.986   gamma=0.971   elapsed 136s
[train-sarf] step  1350/4000   train 5.4515   lr 3.95e-04   grad 3.06   m=0.987   gamma=0.971   elapsed 140s
[train-sarf] step  1400/4000   train 5.4385   lr 3.87e-04   grad 2.34   m=0.986   gamma=0.969   elapsed 145s
[train-sarf] >>> eval @ 1400: train 5.4336   val 5.8562   ppl 349.41
[train-sarf] step  1450/4000   train 5.3997   lr 3.78e-04   grad 4.58   m=0.986   gamma=0.968   elapsed 152s
[train-sarf] step  1500/4000   train 5.3835   lr 3.69e-04   grad 2.88   m=0.984   gamma=0.966   elapsed 157s
[train-sarf] step  1550/4000   train 5.3484   lr 3.60e-04   grad 3.03   m=0.982   gamma=0.964   elapsed 161s
[train-sarf] step  1600/4000   train 5.2969   lr 3.51e-04   grad 1.55   m=0.982   gamma=0.963   elapsed 166s
[train-sarf] >>> eval @ 1600: train 5.2864   val 5.7457   ppl 312.86
[train-sarf] step  1650/4000   train 5.2699   lr 3.41e-04   grad 1.81   m=0.981   gamma=0.961   elapsed 173s
[train-sarf] step  1700/4000   train 5.2484   lr 3.31e-04   grad 2.23   m=0.981   gamma=0.960   elapsed 178s
[train-sarf] step  1750/4000   train 5.2517   lr 3.22e-04   grad 3.47   m=0.980   gamma=0.958   elapsed 182s
[train-sarf] step  1800/4000   train 5.2104   lr 3.12e-04   grad 2.77   m=0.979   gamma=0.957   elapsed 187s
[train-sarf] >>> eval @ 1800: train 5.2113   val 5.7264   ppl 306.85
[train-sarf] step  1850/4000   train 5.1423   lr 3.02e-04   grad 1.80   m=0.978   gamma=0.956   elapsed 194s
[train-sarf] step  1900/4000   train 5.1452   lr 2.91e-04   grad 1.75   m=0.978   gamma=0.954   elapsed 199s
[train-sarf] step  1950/4000   train 5.1159   lr 2.81e-04   grad 4.38   m=0.977   gamma=0.953   elapsed 203s
[train-sarf] step  2000/4000   train 5.1286   lr 2.71e-04   grad 4.38   m=0.976   gamma=0.951   elapsed 208s
[train-sarf] >>> eval @ 2000: train 5.0826   val 5.6300   ppl 278.66
[train-sarf] step  2050/4000   train 5.0957   lr 2.61e-04   grad 2.03   m=0.975   gamma=0.950   elapsed 215s
[train-sarf] step  2100/4000   train 5.0906   lr 2.50e-04   grad 3.18   m=0.974   gamma=0.949   elapsed 220s
[train-sarf] step  2150/4000   train 5.0855   lr 2.40e-04   grad 2.40   m=0.974   gamma=0.948   elapsed 224s
[train-sarf] step  2200/4000   train 5.0438   lr 2.30e-04   grad 2.64   m=0.973   gamma=0.946   elapsed 229s
[train-sarf] >>> eval @ 2200: train 5.0561   val 5.6064   ppl 272.17
[train-sarf] step  2250/4000   train 5.0596   lr 2.19e-04   grad 3.28   m=0.972   gamma=0.945   elapsed 236s
[train-sarf] step  2300/4000   train 5.0186   lr 2.09e-04   grad 3.01   m=0.971   gamma=0.944   elapsed 241s
[train-sarf] step  2350/4000   train 5.0075   lr 1.99e-04   grad 2.37   m=0.971   gamma=0.943   elapsed 245s
[train-sarf] step  2400/4000   train 5.0083   lr 1.89e-04   grad 2.50   m=0.970   gamma=0.942   elapsed 250s
[train-sarf] >>> eval @ 2400: train 5.0036   val 5.6028   ppl 271.19
[train-sarf] step  2450/4000   train 4.9684   lr 1.79e-04   grad 2.91   m=0.970   gamma=0.941   elapsed 257s
[train-sarf] step  2500/4000   train 4.9619   lr 1.69e-04   grad 4.63   m=0.969   gamma=0.939   elapsed 262s
[train-sarf] step  2550/4000   train 4.9740   lr 1.59e-04   grad 6.60   m=0.968   gamma=0.938   elapsed 267s
[train-sarf] step  2600/4000   train 4.9559   lr 1.50e-04   grad 4.60   m=0.968   gamma=0.938   elapsed 271s
[train-sarf] >>> eval @ 2600: train 4.9790   val 5.5688   ppl 262.12
[train-sarf] step  2650/4000   train 4.9459   lr 1.40e-04   grad 6.71   m=0.967   gamma=0.937   elapsed 278s
[train-sarf] step  2700/4000   train 4.9670   lr 1.31e-04   grad 2.81   m=0.966   gamma=0.936   elapsed 283s
[train-sarf] step  2750/4000   train 4.9372   lr 1.22e-04   grad 4.43   m=0.966   gamma=0.935   elapsed 288s
[train-sarf] step  2800/4000   train 4.9191   lr 1.13e-04   grad 3.15   m=0.965   gamma=0.934   elapsed 292s
[train-sarf] >>> eval @ 2800: train 4.9354   val 5.6029   ppl 271.21
[train-sarf] step  2850/4000   train 4.9375   lr 1.05e-04   grad 4.89   m=0.965   gamma=0.934   elapsed 300s
[train-sarf] step  2900/4000   train 4.9461   lr 9.66e-05   grad 3.15   m=0.964   gamma=0.933   elapsed 304s
[train-sarf] step  2950/4000   train 4.8895   lr 8.86e-05   grad 3.74   m=0.963   gamma=0.932   elapsed 309s
[train-sarf] step  3000/4000   train 4.9061   lr 8.08e-05   grad 2.88   m=0.963   gamma=0.931   elapsed 313s
[train-sarf] >>> eval @ 3000: train 4.8994   val 5.5744   ppl 263.60
[train-sarf] step  3050/4000   train 4.9007   lr 7.34e-05   grad 6.68   m=0.962   gamma=0.931   elapsed 321s
[train-sarf] step  3100/4000   train 4.8902   lr 6.62e-05   grad 4.25   m=0.962   gamma=0.930   elapsed 325s
[train-sarf] step  3150/4000   train 4.8774   lr 5.94e-05   grad 7.74   m=0.962   gamma=0.930   elapsed 330s
[train-sarf] step  3200/4000   train 4.8616   lr 5.28e-05   grad 3.36   m=0.961   gamma=0.929   elapsed 335s
[train-sarf] >>> eval @ 3200: train 4.8947   val 5.5447   ppl 255.89
[train-sarf] step  3250/4000   train 4.8878   lr 4.67e-05   grad 3.63   m=0.961   gamma=0.929   elapsed 342s
[train-sarf] step  3300/4000   train 4.8650   lr 4.08e-05   grad 2.38   m=0.961   gamma=0.928   elapsed 346s
[train-sarf] step  3350/4000   train 4.8572   lr 3.53e-05   grad 3.57   m=0.960   gamma=0.928   elapsed 351s
[train-sarf] step  3400/4000   train 4.8348   lr 3.02e-05   grad 3.17   m=0.960   gamma=0.928   elapsed 356s
[train-sarf] >>> eval @ 3400: train 4.8755   val 5.6151   ppl 274.55
[train-sarf] step  3450/4000   train 4.8409   lr 2.55e-05   grad 3.46   m=0.960   gamma=0.927   elapsed 363s
[train-sarf] step  3500/4000   train 4.8439   lr 2.11e-05   grad 2.44   m=0.960   gamma=0.927   elapsed 368s
[train-sarf] step  3550/4000   train 4.8435   lr 1.72e-05   grad 4.32   m=0.960   gamma=0.927   elapsed 372s
[train-sarf] step  3600/4000   train 4.8390   lr 1.36e-05   grad 2.96   m=0.959   gamma=0.927   elapsed 377s
[train-sarf] >>> eval @ 3600: train 4.8273   val 5.5727   ppl 263.15
[train-sarf] step  3650/4000   train 4.8633   lr 1.05e-05   grad 2.68   m=0.959   gamma=0.926   elapsed 384s
[train-sarf] step  3700/4000   train 4.8531   lr 7.70e-06   grad 4.44   m=0.959   gamma=0.926   elapsed 389s
[train-sarf] step  3750/4000   train 4.8629   lr 5.36e-06   grad 3.10   m=0.959   gamma=0.926   elapsed 393s
[train-sarf] step  3800/4000   train 4.8536   lr 3.44e-06   grad 2.38   m=0.959   gamma=0.926   elapsed 398s
[train-sarf] >>> eval @ 3800: train 4.8344   val 5.5183   ppl 249.21
[train-sarf] step  3850/4000   train 4.8496   lr 1.95e-06   grad 2.45   m=0.959   gamma=0.926   elapsed 405s
[train-sarf] step  3900/4000   train 4.8588   lr 8.71e-07   grad 2.68   m=0.959   gamma=0.926   elapsed 410s
[train-sarf] step  3950/4000   train 4.8717   lr 2.22e-07   grad 2.67   m=0.959   gamma=0.926   elapsed 415s
[train-sarf] step  4000/4000   train 4.8896   lr 8.54e-11   grad 2.90   m=0.959   gamma=0.926   elapsed 419s
[train-sarf] >>> eval @ 4000: train 4.8154   val 5.5842   ppl 266.20
[train-sarf] done in 422s
[train-sarf] saved checkpoint -> /content/semsimula/notebooks/conservative_arch/sarf_variant/results/splm_sarf_shakespeare_ckpt_latest.pt
[train-sarf] saved loss curve -> /content/semsimula/notebooks/conservative_arch/sarf_variant/results/splm_sarf_shakespeare_loss_curve.png
[train-sarf] saved summary -> /content/semsimula/notebooks/conservative_arch/sarf_variant/results/splm_sarf_shakespeare_summary.md
