[train] device=cuda  mode=shakespeare
[train] TF32 disabled (default) for SPLM autograd.grad numerical stability (CUDA matmuls in true fp32)
[train] tokens: train=321,124  val=16,901
[train] params: 7,123,075   d=128  L=8  v_hidden=512
[train] step    50/4000   train 10.8203   lr 1.25e-04   grad 0.20   m=0.999   gamma=0.998   elapsed 5s
[train] step   100/4000   train 9.3600   lr 2.50e-04   grad 23.34   m=0.993   gamma=0.992   elapsed 9s
[train] step   150/4000   train 6.4642   lr 3.75e-04   grad 0.88   m=0.994   gamma=0.994   elapsed 14s
[train] step   200/4000   train 6.4089   lr 5.00e-04   grad 1.07   m=0.995   gamma=0.994   elapsed 19s
[train] >>> eval @ 200: train 6.4111   val 6.6030   ppl 737.32
[train] step   250/4000   train 6.3794   lr 5.00e-04   grad 1.13   m=0.995   gamma=0.994   elapsed 26s
[train] step   300/4000   train 6.3542   lr 4.99e-04   grad 1.33   m=0.995   gamma=0.994   elapsed 30s
[train] step   350/4000   train 6.3603   lr 4.98e-04   grad 0.65   m=0.995   gamma=0.994   elapsed 35s
[train] step   400/4000   train 6.3238   lr 4.97e-04   grad 0.44   m=0.993   gamma=0.991   elapsed 40s
[train] >>> eval @ 400: train 6.2707   val 6.5716   ppl 714.54
[train] step   450/4000   train 6.1683   lr 4.95e-04   grad 1.30   m=0.992   gamma=0.987   elapsed 47s
[train] step   500/4000   train 6.0803   lr 4.92e-04   grad 5.36   m=0.991   gamma=0.984   elapsed 52s
[train] step   550/4000   train 6.0292   lr 4.90e-04   grad 7.32   m=0.991   gamma=0.983   elapsed 56s
[train] step   600/4000   train 5.9833   lr 4.87e-04   grad 7.34   m=0.991   gamma=0.982   elapsed 61s
[train] >>> eval @ 600: train 5.9442   val 6.2074   ppl 496.39
[train] step   650/4000   train 5.9825   lr 4.83e-04   grad 12.40   m=0.991   gamma=0.982   elapsed 68s
[train] step   700/4000   train 5.9718   lr 4.79e-04   grad 11.35   m=0.991   gamma=0.981   elapsed 73s
[train] step   750/4000   train 5.9461   lr 4.75e-04   grad 9.70   m=0.991   gamma=0.981   elapsed 77s
[train] step   800/4000   train 5.9385   lr 4.70e-04   grad 1.56   m=0.990   gamma=0.980   elapsed 82s
[train] >>> eval @ 800: train 5.8702   val 6.1418   ppl 464.88
[train] step   850/4000   train 5.8867   lr 4.65e-04   grad 1.92   m=0.990   gamma=0.979   elapsed 89s
[train] step   900/4000   train 5.8875   lr 4.59e-04   grad 10.33   m=0.991   gamma=0.979   elapsed 93s
[train] step   950/4000   train 5.8304   lr 4.54e-04   grad 3.70   m=0.990   gamma=0.978   elapsed 98s
[train] step  1000/4000   train 5.8281   lr 4.47e-04   grad 1.98   m=0.990   gamma=0.977   elapsed 103s
[train] >>> eval @ 1000: train 5.7936   val 6.0829   ppl 438.30
[train] step  1050/4000   train 5.8097   lr 4.41e-04   grad 10.32   m=0.990   gamma=0.977   elapsed 110s
[train] step  1100/4000   train 5.7702   lr 4.34e-04   grad 18.00   m=0.990   gamma=0.976   elapsed 115s
[train] step  1150/4000   train 5.7524   lr 4.27e-04   grad 5.63   m=0.990   gamma=0.976   elapsed 119s
[train] step  1200/4000   train 5.7869   lr 4.19e-04   grad 9.09   m=0.990   gamma=0.976   elapsed 124s
[train] >>> eval @ 1200: train 5.8041   val 6.1382   ppl 463.20
[train] step  1250/4000   train 5.7077   lr 4.12e-04   grad 3.73   m=0.990   gamma=0.975   elapsed 131s
[train] step  1300/4000   train 5.7045   lr 4.04e-04   grad 17.22   m=0.990   gamma=0.975   elapsed 136s
[train] step  1350/4000   train 5.6605   lr 3.95e-04   grad 4.36   m=0.990   gamma=0.975   elapsed 140s
[train] step  1400/4000   train 5.6372   lr 3.87e-04   grad 13.90   m=0.989   gamma=0.975   elapsed 145s
[train] >>> eval @ 1400: train 5.7380   val 6.0726   ppl 433.79
[train] step  1450/4000   train 5.6328   lr 3.78e-04   grad 3.02   m=0.989   gamma=0.974   elapsed 152s
[train] step  1500/4000   train 5.6212   lr 3.69e-04   grad 3.71   m=0.989   gamma=0.974   elapsed 157s
[train] step  1550/4000   train 5.6006   lr 3.60e-04   grad 25.15   m=0.989   gamma=0.974   elapsed 161s
[train] step  1600/4000   train 5.5998   lr 3.51e-04   grad 5.34   m=0.989   gamma=0.973   elapsed 166s
[train] >>> eval @ 1600: train 5.5811   val 5.9391   ppl 379.58
[train] step  1650/4000   train 5.5469   lr 3.41e-04   grad 15.94   m=0.988   gamma=0.973   elapsed 173s
[train] step  1700/4000   train 5.5168   lr 3.31e-04   grad 5.87   m=0.988   gamma=0.973   elapsed 178s
[train] step  1750/4000   train 5.5119   lr 3.22e-04   grad 21.01   m=0.988   gamma=0.973   elapsed 182s
[train] step  1800/4000   train 5.5061   lr 3.12e-04   grad 15.40   m=0.988   gamma=0.973   elapsed 187s
[train] >>> eval @ 1800: train 5.4965   val 5.8517   ppl 347.83
[train] step  1850/4000   train 5.4305   lr 3.02e-04   grad 13.58   m=0.988   gamma=0.972   elapsed 194s
[train] step  1900/4000   train 5.4419   lr 2.91e-04   grad 9.75   m=0.987   gamma=0.972   elapsed 199s
[train] step  1950/4000   train 5.3766   lr 2.81e-04   grad 10.01   m=0.987   gamma=0.972   elapsed 203s
[train] step  2000/4000   train 5.3314   lr 2.71e-04   grad 13.67   m=0.987   gamma=0.972   elapsed 208s
[train] >>> eval @ 2000: train 5.3306   val 5.7525   ppl 314.99
[train] step  2050/4000   train 5.4329   lr 2.61e-04   grad 23.73   m=0.987   gamma=0.972   elapsed 215s
[train] step  2100/4000   train 5.3810   lr 2.50e-04   grad 9.93   m=0.987   gamma=0.972   elapsed 220s
[train] step  2150/4000   train 5.3259   lr 2.40e-04   grad 20.85   m=0.987   gamma=0.971   elapsed 225s
[train] step  2200/4000   train 5.3169   lr 2.30e-04   grad 6.06   m=0.986   gamma=0.971   elapsed 229s
[train] >>> eval @ 2200: train 5.3725   val 5.8268   ppl 339.28
[train] step  2250/4000   train 5.4263   lr 2.19e-04   grad 4.01   m=0.986   gamma=0.971   elapsed 236s
[train] step  2300/4000   train 5.3056   lr 2.09e-04   grad 24.80   m=0.986   gamma=0.971   elapsed 241s
[train] step  2350/4000   train 5.2803   lr 1.99e-04   grad 6.69   m=0.986   gamma=0.971   elapsed 246s
[train] step  2400/4000   train 5.2626   lr 1.89e-04   grad 13.71   m=0.986   gamma=0.970   elapsed 250s
[train] >>> eval @ 2400: train 5.2414   val 5.7611   ppl 317.69
[train] step  2450/4000   train 5.2932   lr 1.79e-04   grad 6.63   m=0.986   gamma=0.970   elapsed 257s
[train] step  2500/4000   train 5.2518   lr 1.69e-04   grad 8.34   m=0.986   gamma=0.970   elapsed 262s
[train] step  2550/4000   train 5.2067   lr 1.59e-04   grad 15.56   m=0.985   gamma=0.970   elapsed 267s
[train] step  2600/4000   train 5.2314   lr 1.50e-04   grad 28.51   m=0.985   gamma=0.970   elapsed 271s
[train] >>> eval @ 2600: train 5.3083   val 5.7950   ppl 328.66
[train] step  2650/4000   train 5.2384   lr 1.40e-04   grad 10.71   m=0.985   gamma=0.970   elapsed 278s
[train] step  2700/4000   train 5.1931   lr 1.31e-04   grad 10.62   m=0.985   gamma=0.970   elapsed 283s
[train] step  2750/4000   train 5.1799   lr 1.22e-04   grad 16.24   m=0.985   gamma=0.969   elapsed 288s
[train] step  2800/4000   train 5.2069   lr 1.13e-04   grad 16.00   m=0.985   gamma=0.969   elapsed 292s
[train] >>> eval @ 2800: train 5.2082   val 5.7333   ppl 309.00
[train] step  2850/4000   train 5.1352   lr 1.05e-04   grad 2.78   m=0.985   gamma=0.969   elapsed 299s
[train] step  2900/4000   train 5.1659   lr 9.66e-05   grad 3.00   m=0.985   gamma=0.969   elapsed 304s
[train] step  2950/4000   train 5.1292   lr 8.86e-05   grad 6.72   m=0.985   gamma=0.969   elapsed 309s
[train] step  3000/4000   train 5.1830   lr 8.08e-05   grad 2.46   m=0.984   gamma=0.969   elapsed 313s
[train] >>> eval @ 3000: train 5.1335   val 5.6799   ppl 292.91
[train] step  3050/4000   train 5.1561   lr 7.34e-05   grad 14.02   m=0.984   gamma=0.969   elapsed 320s
[train] step  3100/4000   train 5.1189   lr 6.62e-05   grad 14.38   m=0.984   gamma=0.969   elapsed 325s
[train] step  3150/4000   train 5.1205   lr 5.94e-05   grad 18.57   m=0.984   gamma=0.968   elapsed 330s
[train] step  3200/4000   train 5.1447   lr 5.28e-05   grad 7.71   m=0.984   gamma=0.968   elapsed 334s
[train] >>> eval @ 3200: train 5.1199   val 5.6482   ppl 283.79
[train] step  3250/4000   train 5.1317   lr 4.67e-05   grad 6.75   m=0.984   gamma=0.968   elapsed 341s
[train] step  3300/4000   train 5.1025   lr 4.08e-05   grad 9.80   m=0.984   gamma=0.968   elapsed 346s
[train] step  3350/4000   train 5.0915   lr 3.53e-05   grad 16.06   m=0.984   gamma=0.968   elapsed 351s
[train] step  3400/4000   train 5.1334   lr 3.02e-05   grad 3.20   m=0.984   gamma=0.968   elapsed 355s
[train] >>> eval @ 3400: train 5.1220   val 5.6415   ppl 281.90
[train] step  3450/4000   train 5.0846   lr 2.55e-05   grad 5.53   m=0.984   gamma=0.968   elapsed 362s
[train] step  3500/4000   train 5.0702   lr 2.11e-05   grad 3.45   m=0.984   gamma=0.968   elapsed 367s
[train] step  3550/4000   train 5.1117   lr 1.72e-05   grad 2.82   m=0.984   gamma=0.968   elapsed 372s
[train] step  3600/4000   train 5.0719   lr 1.36e-05   grad 3.91   m=0.983   gamma=0.968   elapsed 376s
[train] >>> eval @ 3600: train 5.0570   val 5.6802   ppl 293.02
[train] step  3650/4000   train 5.0960   lr 1.05e-05   grad 4.66   m=0.983   gamma=0.968   elapsed 384s
[train] step  3700/4000   train 5.0723   lr 7.70e-06   grad 4.83   m=0.983   gamma=0.968   elapsed 388s
[train] step  3750/4000   train 5.0844   lr 5.36e-06   grad 3.02   m=0.983   gamma=0.968   elapsed 393s
[train] step  3800/4000   train 5.1041   lr 3.44e-06   grad 4.80   m=0.983   gamma=0.968   elapsed 398s
[train] >>> eval @ 3800: train 5.0736   val 5.6698   ppl 289.99
[train] step  3850/4000   train 5.0747   lr 1.95e-06   grad 2.68   m=0.983   gamma=0.968   elapsed 405s
[train] step  3900/4000   train 5.0649   lr 8.71e-07   grad 4.22   m=0.983   gamma=0.968   elapsed 409s
[train] step  3950/4000   train 5.1065   lr 2.22e-07   grad 1.88   m=0.983   gamma=0.968   elapsed 414s
[train] step  4000/4000   train 5.0778   lr 8.54e-11   grad 2.11   m=0.983   gamma=0.968   elapsed 419s
[train] >>> eval @ 4000: train 5.0690   val 5.6902   ppl 295.94
[train] done in 421s
[train] saved checkpoint -> /content/semsimula/notebooks/conservative_arch/results/splm_shakespeare_ckpt_latest.pt
[train] saved loss curve -> /content/semsimula/notebooks/conservative_arch/results/splm_shakespeare_loss_curve.png
[train] saved summary -> /content/semsimula/notebooks/conservative_arch/results/splm_shakespeare_summary.md
