[train-matched] device=cuda  mode=shakespeare
[train-matched] TF32 disabled (default) to match the SPLM-cell numerical regime (CUDA matmuls in true fp32)
[train-matched] tokens: train=321,124  val=16,901
[train-matched] params: 8,052,096   d=128  n_layer=8  n_head=4
[train-matched] step    50/4000   train 10.4061   lr 1.25e-04   grad 1.73   elapsed 3s
[train-matched] step   100/4000   train 9.1910   lr 2.50e-04   grad 1.70   elapsed 5s
[train-matched] step   150/4000   train 7.3978   lr 3.75e-04   grad 1.46   elapsed 8s
[train-matched] step   200/4000   train 6.2674   lr 5.00e-04   grad 1.00   elapsed 10s
[train-matched] >>> eval @ 200: train 5.9750   val 6.1441   ppl 465.94
[train-matched] step   250/4000   train 5.7719   lr 5.00e-04   grad 1.23   elapsed 14s
[train-matched] step   300/4000   train 5.4385   lr 4.99e-04   grad 0.98   elapsed 17s
[train-matched] step   350/4000   train 5.2150   lr 4.98e-04   grad 0.91   elapsed 20s
[train-matched] step   400/4000   train 5.0286   lr 4.97e-04   grad 1.15   elapsed 22s
[train-matched] >>> eval @ 400: train 5.0166   val 5.3995   ppl 221.29
[train-matched] step   450/4000   train 4.9282   lr 4.95e-04   grad 1.13   elapsed 26s
[train-matched] step   500/4000   train 4.8168   lr 4.92e-04   grad 1.26   elapsed 29s
[train-matched] step   550/4000   train 4.7554   lr 4.90e-04   grad 1.08   elapsed 31s
[train-matched] step   600/4000   train 4.6372   lr 4.87e-04   grad 1.62   elapsed 34s
[train-matched] >>> eval @ 600: train 4.6289   val 5.1907   ppl 179.60
[train-matched] step   650/4000   train 4.6024   lr 4.83e-04   grad 1.43   elapsed 38s
[train-matched] step   700/4000   train 4.5385   lr 4.79e-04   grad 1.28   elapsed 41s
[train-matched] step   750/4000   train 4.4646   lr 4.75e-04   grad 1.32   elapsed 43s
[train-matched] step   800/4000   train 4.4238   lr 4.70e-04   grad 1.20   elapsed 46s
[train-matched] >>> eval @ 800: train 4.3924   val 5.1318   ppl 169.32
[train-matched] step   850/4000   train 4.3731   lr 4.65e-04   grad 1.62   elapsed 50s
[train-matched] step   900/4000   train 4.3351   lr 4.59e-04   grad 1.27   elapsed 53s
[train-matched] step   950/4000   train 4.3217   lr 4.54e-04   grad 1.25   elapsed 55s
[train-matched] step  1000/4000   train 4.2545   lr 4.47e-04   grad 1.28   elapsed 58s
[train-matched] >>> eval @ 1000: train 4.2366   val 5.0417   ppl 154.73
[train-matched] step  1050/4000   train 4.2514   lr 4.41e-04   grad 1.27   elapsed 62s
[train-matched] step  1100/4000   train 4.2034   lr 4.34e-04   grad 1.29   elapsed 64s
[train-matched] step  1150/4000   train 4.2358   lr 4.27e-04   grad 1.23   elapsed 67s
[train-matched] step  1200/4000   train 4.1755   lr 4.19e-04   grad 1.24   elapsed 69s
[train-matched] >>> eval @ 1200: train 4.1335   val 5.0365   ppl 153.93
[train-matched] step  1250/4000   train 4.1048   lr 4.12e-04   grad 1.10   elapsed 74s
[train-matched] step  1300/4000   train 4.1394   lr 4.04e-04   grad 1.06   elapsed 76s
[train-matched] step  1350/4000   train 4.0627   lr 3.95e-04   grad 1.75   elapsed 79s
[train-matched] step  1400/4000   train 4.0347   lr 3.87e-04   grad 1.35   elapsed 81s
[train-matched] >>> eval @ 1400: train 4.0684   val 5.0839   ppl 161.40
[train-matched] step  1450/4000   train 4.0222   lr 3.78e-04   grad 1.21   elapsed 85s
[train-matched] step  1500/4000   train 4.0066   lr 3.69e-04   grad 1.38   elapsed 88s
[train-matched] step  1550/4000   train 4.0046   lr 3.60e-04   grad 1.51   elapsed 90s
[train-matched] step  1600/4000   train 3.9505   lr 3.51e-04   grad 1.56   elapsed 93s
[train-matched] >>> eval @ 1600: train 3.9620   val 5.0616   ppl 157.84
[train-matched] step  1650/4000   train 3.9435   lr 3.41e-04   grad 1.45   elapsed 97s
[train-matched] step  1700/4000   train 3.9276   lr 3.31e-04   grad 1.28   elapsed 100s
[train-matched] step  1750/4000   train 3.9414   lr 3.22e-04   grad 1.46   elapsed 102s
[train-matched] step  1800/4000   train 3.9070   lr 3.12e-04   grad 1.42   elapsed 105s
[train-matched] >>> eval @ 1800: train 3.9028   val 5.1230   ppl 167.85
[train-matched] step  1850/4000   train 3.8243   lr 3.02e-04   grad 1.55   elapsed 109s
[train-matched] step  1900/4000   train 3.8426   lr 2.91e-04   grad 1.34   elapsed 111s
[train-matched] step  1950/4000   train 3.8051   lr 2.81e-04   grad 1.18   elapsed 114s
[train-matched] step  2000/4000   train 3.8341   lr 2.71e-04   grad 1.46   elapsed 117s
[train-matched] >>> eval @ 2000: train 3.7684   val 5.0312   ppl 153.12
[train-matched] step  2050/4000   train 3.7916   lr 2.61e-04   grad 1.36   elapsed 121s
[train-matched] step  2100/4000   train 3.7853   lr 2.50e-04   grad 1.34   elapsed 123s
[train-matched] step  2150/4000   train 3.7970   lr 2.40e-04   grad 1.51   elapsed 126s
[train-matched] step  2200/4000   train 3.7462   lr 2.30e-04   grad 1.41   elapsed 128s
[train-matched] >>> eval @ 2200: train 3.7501   val 5.0012   ppl 148.59
[train-matched] step  2250/4000   train 3.7391   lr 2.19e-04   grad 1.37   elapsed 132s
[train-matched] step  2300/4000   train 3.7177   lr 2.09e-04   grad 1.37   elapsed 135s
[train-matched] step  2350/4000   train 3.7135   lr 1.99e-04   grad 1.66   elapsed 138s
[train-matched] step  2400/4000   train 3.7099   lr 1.89e-04   grad 1.55   elapsed 140s
[train-matched] >>> eval @ 2400: train 3.6823   val 5.0246   ppl 152.11
[train-matched] step  2450/4000   train 3.6714   lr 1.79e-04   grad 1.38   elapsed 144s
[train-matched] step  2500/4000   train 3.6720   lr 1.69e-04   grad 1.65   elapsed 147s
[train-matched] step  2550/4000   train 3.6692   lr 1.59e-04   grad 1.60   elapsed 149s
[train-matched] step  2600/4000   train 3.6538   lr 1.50e-04   grad 1.62   elapsed 152s
[train-matched] >>> eval @ 2600: train 3.6581   val 4.9945   ppl 147.60
[train-matched] step  2650/4000   train 3.6434   lr 1.40e-04   grad 1.78   elapsed 156s
[train-matched] step  2700/4000   train 3.6703   lr 1.31e-04   grad 1.50   elapsed 159s
[train-matched] step  2750/4000   train 3.6199   lr 1.22e-04   grad 1.54   elapsed 161s
[train-matched] step  2800/4000   train 3.6166   lr 1.13e-04   grad 1.47   elapsed 164s
[train-matched] >>> eval @ 2800: train 3.6350   val 5.0369   ppl 153.99
[train-matched] step  2850/4000   train 3.6155   lr 1.05e-04   grad 2.03   elapsed 168s
[train-matched] step  2900/4000   train 3.6283   lr 9.66e-05   grad 1.41   elapsed 170s
[train-matched] step  2950/4000   train 3.5842   lr 8.86e-05   grad 1.60   elapsed 173s
[train-matched] step  3000/4000   train 3.5962   lr 8.08e-05   grad 1.69   elapsed 176s
[train-matched] >>> eval @ 3000: train 3.6028   val 5.0662   ppl 158.57
[train-matched] step  3050/4000   train 3.6024   lr 7.34e-05   grad 1.48   elapsed 180s
[train-matched] step  3100/4000   train 3.5772   lr 6.62e-05   grad 2.70   elapsed 182s
[train-matched] step  3150/4000   train 3.5764   lr 5.94e-05   grad 1.96   elapsed 185s
[train-matched] step  3200/4000   train 3.5426   lr 5.28e-05   grad 1.71   elapsed 187s
[train-matched] >>> eval @ 3200: train 3.5818   val 5.0121   ppl 150.23
[train-matched] step  3250/4000   train 3.5713   lr 4.67e-05   grad 2.17   elapsed 192s
[train-matched] step  3300/4000   train 3.5509   lr 4.08e-05   grad 1.52   elapsed 194s
[train-matched] step  3350/4000   train 3.5399   lr 3.53e-05   grad 1.68   elapsed 197s
[train-matched] step  3400/4000   train 3.5283   lr 3.02e-05   grad 1.71   elapsed 199s
[train-matched] >>> eval @ 3400: train 3.5504   val 5.0941   ppl 163.05
[train-matched] step  3450/4000   train 3.5239   lr 2.55e-05   grad 1.79   elapsed 203s
[train-matched] step  3500/4000   train 3.5259   lr 2.11e-05   grad 1.48   elapsed 206s
[train-matched] step  3550/4000   train 3.5342   lr 1.72e-05   grad 1.93   elapsed 209s
[train-matched] step  3600/4000   train 3.5266   lr 1.36e-05   grad 1.53   elapsed 211s
[train-matched] >>> eval @ 3600: train 3.5118   val 5.0361   ppl 153.87
[train-matched] step  3650/4000   train 3.5539   lr 1.05e-05   grad 1.53   elapsed 215s
[train-matched] step  3700/4000   train 3.5361   lr 7.70e-06   grad 1.56   elapsed 218s
[train-matched] step  3750/4000   train 3.5530   lr 5.36e-06   grad 1.78   elapsed 220s
[train-matched] step  3800/4000   train 3.5374   lr 3.44e-06   grad 1.53   elapsed 223s
[train-matched] >>> eval @ 3800: train 3.5192   val 4.9940   ppl 147.53
[train-matched] step  3850/4000   train 3.5373   lr 1.95e-06   grad 1.59   elapsed 227s
[train-matched] step  3900/4000   train 3.5398   lr 8.71e-07   grad 1.68   elapsed 230s
[train-matched] step  3950/4000   train 3.5634   lr 2.22e-07   grad 1.62   elapsed 232s
[train-matched] step  4000/4000   train 3.5814   lr 8.54e-11   grad 1.64   elapsed 235s
[train-matched] >>> eval @ 4000: train 3.5053   val 5.0720   ppl 159.49
[train-matched] done in 236s
[train-matched] saved checkpoint -> /content/semsimula/notebooks/conservative_arch/results/matched_shakespeare_ckpt_latest.pt
[train-matched] saved loss curve -> /content/semsimula/notebooks/conservative_arch/results/matched_shakespeare_loss_curve.png
[train-matched] saved summary -> /content/semsimula/notebooks/conservative_arch/results/matched_shakespeare_summary.md
