[train-mass] TF32 disabled (default) for SPLM autograd.grad numerical stability (CUDA matmuls in true fp32)
[train-mass] device=cuda  mode=shakespeare  mass_mode=logfreq  fixed_gamma=None  results_dir=/content/semsimula/notebooks/conservative_arch/sarf_mass_variant/results
[train-mass] tokens: train=321,124  val=16,901
[train-mass] params: 7,123,076   d=128  L=8  v_hidden=512
[train-mass] init mass: mean=1.449  std=0.205  min=1.151  max=1.915
[train-mass] step    50/4000   train 10.8212   lr 1.25e-04   grad 0.13   m[mean 1.458 std 0.202]   gamma=0.998   elapsed 5s
[train-mass] step   100/4000   train 9.5332   lr 2.50e-04   grad 19.75   m[mean 1.442 std 0.199]   gamma=0.992   elapsed 9s
[train-mass] step   150/4000   train 6.5237   lr 3.75e-04   grad 0.72   m[mean 1.451 std 0.207]   gamma=0.993   elapsed 14s
[train-mass] step   200/4000   train 6.3790   lr 5.00e-04   grad 0.74   m[mean 1.459 std 0.209]   gamma=0.992   elapsed 19s
[train-mass] >>> eval @ 200: train 6.3348   val 6.5534   ppl 701.60
[train-mass] step   250/4000   train 6.3003   lr 5.00e-04   grad 0.49   m[mean 1.450 std 0.207]   gamma=0.987   elapsed 26s
[train-mass] step   300/4000   train 6.1573   lr 4.99e-04   grad 0.73   m[mean 1.442 std 0.212]   gamma=0.983   elapsed 30s
[train-mass] step   350/4000   train 6.0829   lr 4.98e-04   grad 0.93   m[mean 1.454 std 0.209]   gamma=0.981   elapsed 35s
[train-mass] step   400/4000   train 5.9885   lr 4.97e-04   grad 1.32   m[mean 1.444 std 0.203]   gamma=0.978   elapsed 40s
[train-mass] >>> eval @ 400: train 5.9997   val 6.2479   ppl 516.95
[train-mass] step   450/4000   train 5.9462   lr 4.95e-04   grad 2.55   m[mean 1.441 std 0.210]   gamma=0.975   elapsed 47s
[train-mass] step   500/4000   train 5.8961   lr 4.92e-04   grad 0.97   m[mean 1.450 std 0.212]   gamma=0.973   elapsed 51s
[train-mass] step   550/4000   train 5.8707   lr 4.90e-04   grad 1.02   m[mean 1.445 std 0.208]   gamma=0.970   elapsed 56s
[train-mass] step   600/4000   train 5.7980   lr 4.87e-04   grad 1.68   m[mean 1.441 std 0.207]   gamma=0.967   elapsed 61s
[train-mass] >>> eval @ 600: train 5.7658   val 6.0571   ppl 427.15
[train-mass] step   650/4000   train 5.7826   lr 4.83e-04   grad 1.98   m[mean 1.437 std 0.211]   gamma=0.965   elapsed 68s
[train-mass] step   700/4000   train 5.7421   lr 4.79e-04   grad 2.25   m[mean 1.438 std 0.208]   gamma=0.963   elapsed 72s
[train-mass] step   750/4000   train 5.7049   lr 4.75e-04   grad 4.44   m[mean 1.440 std 0.207]   gamma=0.962   elapsed 77s
[train-mass] step   800/4000   train 5.6708   lr 4.70e-04   grad 2.49   m[mean 1.451 std 0.215]   gamma=0.960   elapsed 82s
[train-mass] >>> eval @ 800: train 5.6641   val 5.9704   ppl 391.67
[train-mass] step   850/4000   train 5.6395   lr 4.65e-04   grad 3.58   m[mean 1.440 std 0.207]   gamma=0.959   elapsed 89s
[train-mass] step   900/4000   train 5.5965   lr 4.59e-04   grad 1.63   m[mean 1.430 std 0.208]   gamma=0.956   elapsed 93s
[train-mass] step   950/4000   train 5.5777   lr 4.54e-04   grad 1.99   m[mean 1.433 std 0.210]   gamma=0.955   elapsed 98s
[train-mass] step  1000/4000   train 5.4824   lr 4.47e-04   grad 2.92   m[mean 1.425 std 0.206]   gamma=0.953   elapsed 103s
[train-mass] >>> eval @ 1000: train 5.4595   val 5.8315   ppl 340.88
[train-mass] step  1050/4000   train 5.5058   lr 4.41e-04   grad 2.60   m[mean 1.441 std 0.211]   gamma=0.952   elapsed 110s
[train-mass] step  1100/4000   train 5.4378   lr 4.34e-04   grad 2.35   m[mean 1.429 std 0.210]   gamma=0.950   elapsed 114s
[train-mass] step  1150/4000   train 5.4506   lr 4.27e-04   grad 2.45   m[mean 1.430 std 0.213]   gamma=0.948   elapsed 119s
[train-mass] step  1200/4000   train 5.3994   lr 4.19e-04   grad 5.06   m[mean 1.415 std 0.205]   gamma=0.947   elapsed 124s
[train-mass] >>> eval @ 1200: train 5.3572   val 5.7527   ppl 315.03
[train-mass] step  1250/4000   train 5.3630   lr 4.12e-04   grad 3.09   m[mean 1.416 std 0.205]   gamma=0.946   elapsed 131s
[train-mass] step  1300/4000   train 5.3820   lr 4.04e-04   grad 6.42   m[mean 1.420 std 0.205]   gamma=0.944   elapsed 136s
[train-mass] step  1350/4000   train 5.2980   lr 3.95e-04   grad 4.36   m[mean 1.421 std 0.209]   gamma=0.942   elapsed 140s
[train-mass] step  1400/4000   train 5.2574   lr 3.87e-04   grad 4.01   m[mean 1.402 std 0.207]   gamma=0.939   elapsed 145s
[train-mass] >>> eval @ 1400: train 5.2851   val 5.7573   ppl 316.49
[train-mass] step  1450/4000   train 5.2470   lr 3.78e-04   grad 3.23   m[mean 1.396 std 0.199]   gamma=0.937   elapsed 152s
[train-mass] step  1500/4000   train 5.2624   lr 3.69e-04   grad 7.40   m[mean 1.409 std 0.207]   gamma=0.935   elapsed 157s
[train-mass] step  1550/4000   train 5.2235   lr 3.60e-04   grad 5.90   m[mean 1.387 std 0.198]   gamma=0.934   elapsed 161s
[train-mass] step  1600/4000   train 5.1839   lr 3.51e-04   grad 7.98   m[mean 1.392 std 0.197]   gamma=0.932   elapsed 166s
[train-mass] >>> eval @ 1600: train 5.2079   val 5.6972   ppl 298.02
[train-mass] step  1650/4000   train 5.1974   lr 3.41e-04   grad 2.56   m[mean 1.390 std 0.202]   gamma=0.931   elapsed 173s
[train-mass] step  1700/4000   train 5.1672   lr 3.31e-04   grad 3.61   m[mean 1.394 std 0.203]   gamma=0.929   elapsed 178s
[train-mass] step  1750/4000   train 5.1641   lr 3.22e-04   grad 3.39   m[mean 1.380 std 0.194]   gamma=0.928   elapsed 182s
[train-mass] step  1800/4000   train 5.1251   lr 3.12e-04   grad 4.13   m[mean 1.383 std 0.198]   gamma=0.926   elapsed 187s
[train-mass] >>> eval @ 1800: train 5.1165   val 5.6536   ppl 285.33
[train-mass] step  1850/4000   train 5.0638   lr 3.02e-04   grad 6.02   m[mean 1.397 std 0.204]   gamma=0.925   elapsed 194s
[train-mass] step  1900/4000   train 5.0667   lr 2.91e-04   grad 3.39   m[mean 1.379 std 0.196]   gamma=0.924   elapsed 199s
[train-mass] step  1950/4000   train 5.0410   lr 2.81e-04   grad 6.92   m[mean 1.378 std 0.200]   gamma=0.922   elapsed 203s
[train-mass] step  2000/4000   train 5.0442   lr 2.71e-04   grad 8.02   m[mean 1.370 std 0.197]   gamma=0.921   elapsed 208s
[train-mass] >>> eval @ 2000: train 5.0062   val 5.5726   ppl 263.11
[train-mass] step  2050/4000   train 5.0260   lr 2.61e-04   grad 4.19   m[mean 1.374 std 0.195]   gamma=0.920   elapsed 215s
[train-mass] step  2100/4000   train 5.0409   lr 2.50e-04   grad 8.94   m[mean 1.375 std 0.199]   gamma=0.919   elapsed 220s
[train-mass] step  2150/4000   train 5.0217   lr 2.40e-04   grad 4.18   m[mean 1.369 std 0.196]   gamma=0.917   elapsed 224s
[train-mass] step  2200/4000   train 4.9791   lr 2.30e-04   grad 6.82   m[mean 1.378 std 0.204]   gamma=0.916   elapsed 229s
[train-mass] >>> eval @ 2200: train 4.9809   val 5.5513   ppl 257.58
[train-mass] step  2250/4000   train 4.9894   lr 2.19e-04   grad 3.44   m[mean 1.367 std 0.197]   gamma=0.915   elapsed 236s
[train-mass] step  2300/4000   train 4.9667   lr 2.09e-04   grad 5.14   m[mean 1.368 std 0.194]   gamma=0.914   elapsed 241s
[train-mass] step  2350/4000   train 4.9447   lr 1.99e-04   grad 4.95   m[mean 1.367 std 0.200]   gamma=0.913   elapsed 246s
[train-mass] step  2400/4000   train 4.9402   lr 1.89e-04   grad 4.07   m[mean 1.368 std 0.196]   gamma=0.912   elapsed 250s
[train-mass] >>> eval @ 2400: train 4.9350   val 5.5593   ppl 259.65
[train-mass] step  2450/4000   train 4.9038   lr 1.79e-04   grad 2.30   m[mean 1.351 std 0.194]   gamma=0.911   elapsed 257s
[train-mass] step  2500/4000   train 4.9196   lr 1.69e-04   grad 4.57   m[mean 1.365 std 0.198]   gamma=0.910   elapsed 262s
[train-mass] step  2550/4000   train 4.9140   lr 1.59e-04   grad 6.89   m[mean 1.355 std 0.192]   gamma=0.909   elapsed 267s
[train-mass] step  2600/4000   train 4.9013   lr 1.50e-04   grad 10.66   m[mean 1.348 std 0.188]   gamma=0.909   elapsed 271s
[train-mass] >>> eval @ 2600: train 4.9062   val 5.5293   ppl 251.98
[train-mass] step  2650/4000   train 4.8997   lr 1.40e-04   grad 5.10   m[mean 1.360 std 0.195]   gamma=0.908   elapsed 279s
[train-mass] step  2700/4000   train 4.9181   lr 1.31e-04   grad 4.38   m[mean 1.358 std 0.192]   gamma=0.907   elapsed 283s
[train-mass] step  2750/4000   train 4.8834   lr 1.22e-04   grad 5.43   m[mean 1.356 std 0.192]   gamma=0.906   elapsed 288s
[train-mass] step  2800/4000   train 4.8663   lr 1.13e-04   grad 5.70   m[mean 1.348 std 0.191]   gamma=0.906   elapsed 293s
[train-mass] >>> eval @ 2800: train 4.8851   val 5.5513   ppl 257.56
[train-mass] step  2850/4000   train 4.8797   lr 1.05e-04   grad 6.09   m[mean 1.350 std 0.190]   gamma=0.905   elapsed 300s
[train-mass] step  2900/4000   train 4.8944   lr 9.66e-05   grad 3.53   m[mean 1.351 std 0.193]   gamma=0.904   elapsed 304s
[train-mass] step  2950/4000   train 4.8340   lr 8.86e-05   grad 4.07   m[mean 1.348 std 0.196]   gamma=0.903   elapsed 309s
[train-mass] step  3000/4000   train 4.8518   lr 8.08e-05   grad 3.03   m[mean 1.350 std 0.196]   gamma=0.903   elapsed 314s
[train-mass] >>> eval @ 3000: train 4.8504   val 5.5444   ppl 255.79
[train-mass] step  3050/4000   train 4.8455   lr 7.34e-05   grad 7.01   m[mean 1.344 std 0.193]   gamma=0.902   elapsed 321s
[train-mass] step  3100/4000   train 4.8377   lr 6.62e-05   grad 4.00   m[mean 1.349 std 0.199]   gamma=0.902   elapsed 325s
[train-mass] step  3150/4000   train 4.8143   lr 5.94e-05   grad 7.81   m[mean 1.336 std 0.185]   gamma=0.901   elapsed 330s
[train-mass] step  3200/4000   train 4.8083   lr 5.28e-05   grad 5.36   m[mean 1.346 std 0.195]   gamma=0.901   elapsed 335s
[train-mass] >>> eval @ 3200: train 4.8281   val 5.5113   ppl 247.48
[train-mass] step  3250/4000   train 4.8298   lr 4.67e-05   grad 3.44   m[mean 1.342 std 0.190]   gamma=0.900   elapsed 342s
[train-mass] step  3300/4000   train 4.8102   lr 4.08e-05   grad 4.87   m[mean 1.346 std 0.193]   gamma=0.900   elapsed 347s
[train-mass] step  3350/4000   train 4.7926   lr 3.53e-05   grad 3.65   m[mean 1.340 std 0.193]   gamma=0.900   elapsed 351s
[train-mass] step  3400/4000   train 4.7785   lr 3.02e-05   grad 4.57   m[mean 1.353 std 0.198]   gamma=0.899   elapsed 356s
[train-mass] >>> eval @ 3400: train 4.8147   val 5.5653   ppl 261.20
[train-mass] step  3450/4000   train 4.7755   lr 2.55e-05   grad 4.26   m[mean 1.330 std 0.185]   gamma=0.899   elapsed 363s
[train-mass] step  3500/4000   train 4.7926   lr 2.11e-05   grad 5.90   m[mean 1.336 std 0.189]   gamma=0.899   elapsed 368s
[train-mass] step  3550/4000   train 4.7942   lr 1.72e-05   grad 4.73   m[mean 1.358 std 0.199]   gamma=0.899   elapsed 372s
[train-mass] step  3600/4000   train 4.7737   lr 1.36e-05   grad 3.54   m[mean 1.354 std 0.196]   gamma=0.899   elapsed 377s
[train-mass] >>> eval @ 3600: train 4.7682   val 5.5231   ppl 250.41
[train-mass] step  3650/4000   train 4.7999   lr 1.05e-05   grad 4.83   m[mean 1.337 std 0.190]   gamma=0.898   elapsed 384s
[train-mass] step  3700/4000   train 4.7889   lr 7.70e-06   grad 5.23   m[mean 1.332 std 0.190]   gamma=0.898   elapsed 389s
[train-mass] step  3750/4000   train 4.8014   lr 5.36e-06   grad 3.70   m[mean 1.332 std 0.190]   gamma=0.898   elapsed 394s
[train-mass] step  3800/4000   train 4.7970   lr 3.44e-06   grad 3.84   m[mean 1.352 std 0.195]   gamma=0.898   elapsed 398s
[train-mass] >>> eval @ 3800: train 4.7775   val 5.4695   ppl 237.35
[train-mass] step  3850/4000   train 4.7798   lr 1.95e-06   grad 5.24   m[mean 1.332 std 0.183]   gamma=0.898   elapsed 405s
[train-mass] step  3900/4000   train 4.8060   lr 8.71e-07   grad 2.78   m[mean 1.349 std 0.195]   gamma=0.898   elapsed 410s
[train-mass] step  3950/4000   train 4.8100   lr 2.22e-07   grad 3.63   m[mean 1.342 std 0.190]   gamma=0.898   elapsed 415s
[train-mass] step  4000/4000   train 4.8263   lr 8.54e-11   grad 2.73   m[mean 1.342 std 0.189]   gamma=0.898   elapsed 420s
[train-mass] >>> eval @ 4000: train 4.7542   val 5.5252   ppl 250.95
[train-mass] done in 422s
[train-mass] saved checkpoint -> /content/semsimula/notebooks/conservative_arch/sarf_mass_variant/results/splm_sarfmass_logfreq_shakespeare_ckpt_latest.pt
[train-mass] saved loss curve -> /content/semsimula/notebooks/conservative_arch/sarf_mass_variant/results/splm_sarfmass_logfreq_shakespeare_loss_curve.png
[train-mass] saved summary -> /content/semsimula/notebooks/conservative_arch/sarf_mass_variant/results/splm_sarfmass_logfreq_shakespeare_summary.md
