[train-matched] device=cuda  mode=shakespeare
[train-matched] TF32 disabled (default) to match the SPLM-cell numerical regime (CUDA matmuls in true fp32)
[train-matched] tokens: train=321,124  val=16,901
[train-matched] params: 8,052,096   d=128  n_layer=8  n_head=4
[train-matched] step    50/4000   train 10.4223   lr 1.25e-04   grad 1.64   elapsed 3s
[train-matched] step   100/4000   train 9.2309   lr 2.50e-04   grad 1.77   elapsed 5s
[train-matched] step   150/4000   train 7.4212   lr 3.75e-04   grad 1.48   elapsed 8s
[train-matched] step   200/4000   train 6.2711   lr 5.00e-04   grad 2.54   elapsed 10s
[train-matched] >>> eval @ 200: train 5.9942   val 6.1607   ppl 473.78
[train-matched] step   250/4000   train 5.7700   lr 5.00e-04   grad 1.08   elapsed 15s
[train-matched] step   300/4000   train 5.4237   lr 4.99e-04   grad 0.99   elapsed 17s
[train-matched] step   350/4000   train 5.2107   lr 4.98e-04   grad 0.93   elapsed 20s
[train-matched] step   400/4000   train 5.0494   lr 4.97e-04   grad 1.45   elapsed 22s
[train-matched] >>> eval @ 400: train 4.9830   val 5.4492   ppl 232.58
[train-matched] step   450/4000   train 4.9202   lr 4.95e-04   grad 1.30   elapsed 26s
[train-matched] step   500/4000   train 4.8314   lr 4.92e-04   grad 0.94   elapsed 29s
[train-matched] step   550/4000   train 4.7202   lr 4.90e-04   grad 1.21   elapsed 32s
[train-matched] step   600/4000   train 4.6594   lr 4.87e-04   grad 1.63   elapsed 34s
[train-matched] >>> eval @ 600: train 4.6222   val 5.1887   ppl 179.23
[train-matched] step   650/4000   train 4.6053   lr 4.83e-04   grad 1.17   elapsed 38s
[train-matched] step   700/4000   train 4.5539   lr 4.79e-04   grad 1.46   elapsed 41s
[train-matched] step   750/4000   train 4.4713   lr 4.75e-04   grad 1.22   elapsed 44s
[train-matched] step   800/4000   train 4.4695   lr 4.70e-04   grad 1.28   elapsed 46s
[train-matched] >>> eval @ 800: train 4.4252   val 5.1409   ppl 170.87
[train-matched] step   850/4000   train 4.3842   lr 4.65e-04   grad 1.13   elapsed 50s
[train-matched] step   900/4000   train 4.3475   lr 4.59e-04   grad 1.31   elapsed 53s
[train-matched] step   950/4000   train 4.3042   lr 4.54e-04   grad 1.15   elapsed 55s
[train-matched] step  1000/4000   train 4.2796   lr 4.47e-04   grad 1.28   elapsed 58s
[train-matched] >>> eval @ 1000: train 4.2415   val 5.0507   ppl 156.13
[train-matched] step  1050/4000   train 4.2554   lr 4.41e-04   grad 1.19   elapsed 62s
[train-matched] step  1100/4000   train 4.1965   lr 4.34e-04   grad 1.20   elapsed 65s
[train-matched] step  1150/4000   train 4.1697   lr 4.27e-04   grad 1.31   elapsed 67s
[train-matched] step  1200/4000   train 4.1339   lr 4.19e-04   grad 1.37   elapsed 70s
[train-matched] >>> eval @ 1200: train 4.1338   val 5.0891   ppl 162.24
[train-matched] step  1250/4000   train 4.1130   lr 4.12e-04   grad 1.26   elapsed 74s
[train-matched] step  1300/4000   train 4.1121   lr 4.04e-04   grad 1.13   elapsed 76s
[train-matched] step  1350/4000   train 4.0093   lr 3.95e-04   grad 1.42   elapsed 79s
[train-matched] step  1400/4000   train 4.0218   lr 3.87e-04   grad 1.37   elapsed 81s
[train-matched] >>> eval @ 1400: train 4.0193   val 4.9573   ppl 142.20
[train-matched] step  1450/4000   train 4.0594   lr 3.78e-04   grad 1.37   elapsed 85s
[train-matched] step  1500/4000   train 4.0061   lr 3.69e-04   grad 1.21   elapsed 88s
[train-matched] step  1550/4000   train 3.9677   lr 3.60e-04   grad 1.52   elapsed 91s
[train-matched] step  1600/4000   train 3.9887   lr 3.51e-04   grad 1.30   elapsed 93s
[train-matched] >>> eval @ 1600: train 3.9559   val 4.9859   ppl 146.34
[train-matched] step  1650/4000   train 3.9268   lr 3.41e-04   grad 1.34   elapsed 97s
[train-matched] step  1700/4000   train 3.9401   lr 3.31e-04   grad 1.38   elapsed 100s
[train-matched] step  1750/4000   train 3.9152   lr 3.22e-04   grad 1.31   elapsed 102s
[train-matched] step  1800/4000   train 3.8767   lr 3.12e-04   grad 1.54   elapsed 105s
[train-matched] >>> eval @ 1800: train 3.9284   val 5.0153   ppl 150.70
[train-matched] step  1850/4000   train 3.8658   lr 3.02e-04   grad 1.25   elapsed 109s
[train-matched] step  1900/4000   train 3.8803   lr 2.91e-04   grad 1.62   elapsed 112s
[train-matched] step  1950/4000   train 3.8289   lr 2.81e-04   grad 1.25   elapsed 114s
[train-matched] step  2000/4000   train 3.7757   lr 2.71e-04   grad 1.43   elapsed 117s
[train-matched] >>> eval @ 2000: train 3.7990   val 4.9646   ppl 143.25
[train-matched] step  2050/4000   train 3.8328   lr 2.61e-04   grad 1.55   elapsed 121s
[train-matched] step  2100/4000   train 3.7766   lr 2.50e-04   grad 1.49   elapsed 124s
[train-matched] step  2150/4000   train 3.7658   lr 2.40e-04   grad 1.49   elapsed 126s
[train-matched] step  2200/4000   train 3.7526   lr 2.30e-04   grad 1.27   elapsed 129s
[train-matched] >>> eval @ 2200: train 3.7388   val 5.0121   ppl 150.23
[train-matched] step  2250/4000   train 3.7431   lr 2.19e-04   grad 1.34   elapsed 133s
[train-matched] step  2300/4000   train 3.7520   lr 2.09e-04   grad 1.58   elapsed 135s
[train-matched] step  2350/4000   train 3.7156   lr 1.99e-04   grad 1.35   elapsed 138s
[train-matched] step  2400/4000   train 3.6957   lr 1.89e-04   grad 1.51   elapsed 141s
[train-matched] >>> eval @ 2400: train 3.6913   val 5.0785   ppl 160.53
[train-matched] step  2450/4000   train 3.7455   lr 1.79e-04   grad 1.75   elapsed 145s
[train-matched] step  2500/4000   train 3.7064   lr 1.69e-04   grad 1.36   elapsed 147s
[train-matched] step  2550/4000   train 3.6623   lr 1.59e-04   grad 1.74   elapsed 150s
[train-matched] step  2600/4000   train 3.6513   lr 1.50e-04   grad 2.18   elapsed 152s
[train-matched] >>> eval @ 2600: train 3.6527   val 4.9571   ppl 142.18
[train-matched] step  2650/4000   train 3.6755   lr 1.40e-04   grad 1.65   elapsed 156s
[train-matched] step  2700/4000   train 3.6261   lr 1.31e-04   grad 1.44   elapsed 159s
[train-matched] step  2750/4000   train 3.6165   lr 1.22e-04   grad 1.62   elapsed 162s
[train-matched] step  2800/4000   train 3.6505   lr 1.13e-04   grad 1.63   elapsed 164s
[train-matched] >>> eval @ 2800: train 3.6505   val 5.1011   ppl 164.20
[train-matched] step  2850/4000   train 3.5726   lr 1.05e-04   grad 1.53   elapsed 168s
[train-matched] step  2900/4000   train 3.6094   lr 9.66e-05   grad 1.64   elapsed 171s
[train-matched] step  2950/4000   train 3.5603   lr 8.86e-05   grad 1.59   elapsed 173s
[train-matched] step  3000/4000   train 3.6294   lr 8.08e-05   grad 1.52   elapsed 176s
[train-matched] >>> eval @ 3000: train 3.5775   val 5.0182   ppl 151.15
[train-matched] step  3050/4000   train 3.5982   lr 7.34e-05   grad 1.46   elapsed 180s
[train-matched] step  3100/4000   train 3.5443   lr 6.62e-05   grad 1.60   elapsed 183s
[train-matched] step  3150/4000   train 3.5583   lr 5.94e-05   grad 1.56   elapsed 185s
[train-matched] step  3200/4000   train 3.5824   lr 5.28e-05   grad 1.63   elapsed 188s
[train-matched] >>> eval @ 3200: train 3.5714   val 4.9829   ppl 145.89
[train-matched] step  3250/4000   train 3.5778   lr 4.67e-05   grad 1.57   elapsed 192s
[train-matched] step  3300/4000   train 3.5522   lr 4.08e-05   grad 2.09   elapsed 194s
[train-matched] step  3350/4000   train 3.5355   lr 3.53e-05   grad 1.52   elapsed 197s
[train-matched] step  3400/4000   train 3.5615   lr 3.02e-05   grad 1.80   elapsed 200s
[train-matched] >>> eval @ 3400: train 3.5629   val 4.9872   ppl 146.53
[train-matched] step  3450/4000   train 3.5227   lr 2.55e-05   grad 1.49   elapsed 204s
[train-matched] step  3500/4000   train 3.5174   lr 2.11e-05   grad 1.46   elapsed 206s
[train-matched] step  3550/4000   train 3.5475   lr 1.72e-05   grad 1.45   elapsed 209s
[train-matched] step  3600/4000   train 3.5204   lr 1.36e-05   grad 1.55   elapsed 211s
[train-matched] >>> eval @ 3600: train 3.5007   val 5.0121   ppl 150.23
[train-matched] step  3650/4000   train 3.5368   lr 1.05e-05   grad 1.55   elapsed 215s
[train-matched] step  3700/4000   train 3.5260   lr 7.70e-06   grad 1.57   elapsed 218s
[train-matched] step  3750/4000   train 3.5380   lr 5.36e-06   grad 1.42   elapsed 221s
[train-matched] step  3800/4000   train 3.5435   lr 3.44e-06   grad 1.57   elapsed 223s
[train-matched] >>> eval @ 3800: train 3.5152   val 5.0252   ppl 152.19
[train-matched] step  3850/4000   train 3.5198   lr 1.95e-06   grad 1.55   elapsed 227s
[train-matched] step  3900/4000   train 3.5191   lr 8.71e-07   grad 1.47   elapsed 230s
[train-matched] step  3950/4000   train 3.5706   lr 2.22e-07   grad 1.55   elapsed 233s
[train-matched] step  4000/4000   train 3.5222   lr 8.54e-11   grad 1.59   elapsed 235s
[train-matched] >>> eval @ 4000: train 3.5110   val 5.0424   ppl 154.84
[train-matched] done in 237s
[train-matched] saved checkpoint -> /content/semsimula/notebooks/conservative_arch/results/matched_shakespeare_ckpt_latest.pt
[train-matched] saved loss curve -> /content/semsimula/notebooks/conservative_arch/results/matched_shakespeare_loss_curve.png
[train-matched] saved summary -> /content/semsimula/notebooks/conservative_arch/results/matched_shakespeare_summary.md
