[train-mass] TF32 disabled (default) for SPLM autograd.grad numerical stability (CUDA matmuls in true fp32)
[train-mass] device=cuda  mode=shakespeare  mass_mode=logfreq  fixed_gamma=None  results_dir=/content/semsimula/notebooks/conservative_arch/sarf_mass_variant/results
[train-mass] tokens: train=321,124  val=16,901
[train-mass] params: 7,123,076   d=128  L=8  v_hidden=512
[train-mass] init mass: mean=1.459  std=0.209  min=1.151  max=1.915
[train-mass] step    50/4000   train 10.8212   lr 1.25e-04   grad 0.14   m[mean 1.449 std 0.202]   gamma=0.998   elapsed 5s
[train-mass] step   100/4000   train 9.5103   lr 2.50e-04   grad 21.29   m[mean 1.432 std 0.198]   gamma=0.992   elapsed 9s
[train-mass] step   150/4000   train 6.5111   lr 3.75e-04   grad 0.70   m[mean 1.453 std 0.210]   gamma=0.993   elapsed 14s
[train-mass] step   200/4000   train 6.3821   lr 5.00e-04   grad 0.53   m[mean 1.448 std 0.206]   gamma=0.992   elapsed 19s
[train-mass] >>> eval @ 200: train 6.3544   val 6.5551   ppl 702.82
[train-mass] step   250/4000   train 6.3022   lr 5.00e-04   grad 0.53   m[mean 1.441 std 0.201]   gamma=0.987   elapsed 26s
[train-mass] step   300/4000   train 6.1748   lr 4.99e-04   grad 1.44   m[mean 1.453 std 0.210]   gamma=0.983   elapsed 30s
[train-mass] step   350/4000   train 6.1056   lr 4.98e-04   grad 0.71   m[mean 1.442 std 0.208]   gamma=0.981   elapsed 35s
[train-mass] step   400/4000   train 6.0130   lr 4.97e-04   grad 1.13   m[mean 1.457 std 0.209]   gamma=0.977   elapsed 40s
[train-mass] >>> eval @ 400: train 5.9551   val 6.2722   ppl 529.65
[train-mass] step   450/4000   train 5.9276   lr 4.95e-04   grad 2.90   m[mean 1.451 std 0.216]   gamma=0.974   elapsed 47s
[train-mass] step   500/4000   train 5.8556   lr 4.92e-04   grad 1.40   m[mean 1.435 std 0.208]   gamma=0.969   elapsed 52s
[train-mass] step   550/4000   train 5.7921   lr 4.90e-04   grad 1.40   m[mean 1.434 std 0.208]   gamma=0.967   elapsed 56s
[train-mass] step   600/4000   train 5.7553   lr 4.87e-04   grad 1.28   m[mean 1.433 std 0.207]   gamma=0.965   elapsed 61s
[train-mass] >>> eval @ 600: train 5.7423   val 6.0588   ppl 427.87
[train-mass] step   650/4000   train 5.7537   lr 4.83e-04   grad 1.45   m[mean 1.446 std 0.210]   gamma=0.963   elapsed 68s
[train-mass] step   700/4000   train 5.7230   lr 4.79e-04   grad 1.09   m[mean 1.433 std 0.206]   gamma=0.962   elapsed 73s
[train-mass] step   750/4000   train 5.6885   lr 4.75e-04   grad 2.00   m[mean 1.444 std 0.211]   gamma=0.960   elapsed 77s
[train-mass] step   800/4000   train 5.6941   lr 4.70e-04   grad 1.79   m[mean 1.435 std 0.211]   gamma=0.958   elapsed 82s
[train-mass] >>> eval @ 800: train 5.6522   val 5.9822   ppl 396.30
[train-mass] step   850/4000   train 5.6205   lr 4.65e-04   grad 1.45   m[mean 1.426 std 0.206]   gamma=0.955   elapsed 89s
[train-mass] step   900/4000   train 5.5639   lr 4.59e-04   grad 1.53   m[mean 1.422 std 0.205]   gamma=0.951   elapsed 94s
[train-mass] step   950/4000   train 5.5328   lr 4.54e-04   grad 2.98   m[mean 1.415 std 0.202]   gamma=0.949   elapsed 98s
[train-mass] step  1000/4000   train 5.5245   lr 4.47e-04   grad 3.16   m[mean 1.421 std 0.206]   gamma=0.946   elapsed 103s
[train-mass] >>> eval @ 1000: train 5.5082   val 5.8797   ppl 357.71
[train-mass] step  1050/4000   train 5.4763   lr 4.41e-04   grad 2.86   m[mean 1.413 std 0.206]   gamma=0.943   elapsed 110s
[train-mass] step  1100/4000   train 5.4310   lr 4.34e-04   grad 5.54   m[mean 1.409 std 0.199]   gamma=0.940   elapsed 115s
[train-mass] step  1150/4000   train 5.4365   lr 4.27e-04   grad 3.89   m[mean 1.397 std 0.195]   gamma=0.938   elapsed 119s
[train-mass] step  1200/4000   train 5.4048   lr 4.19e-04   grad 6.44   m[mean 1.405 std 0.203]   gamma=0.936   elapsed 124s
[train-mass] >>> eval @ 1200: train 5.3543   val 5.7785   ppl 323.29
[train-mass] step  1250/4000   train 5.3561   lr 4.12e-04   grad 11.53   m[mean 1.392 std 0.194]   gamma=0.933   elapsed 131s
[train-mass] step  1300/4000   train 5.3562   lr 4.04e-04   grad 12.38   m[mean 1.391 std 0.197]   gamma=0.931   elapsed 136s
[train-mass] step  1350/4000   train 5.2843   lr 3.95e-04   grad 12.13   m[mean 1.394 std 0.197]   gamma=0.928   elapsed 141s
[train-mass] step  1400/4000   train 5.2832   lr 3.87e-04   grad 5.33   m[mean 1.382 std 0.192]   gamma=0.926   elapsed 145s
[train-mass] >>> eval @ 1400: train 5.2743   val 5.6940   ppl 297.08
[train-mass] step  1450/4000   train 5.3103   lr 3.78e-04   grad 3.23   m[mean 1.386 std 0.194]   gamma=0.924   elapsed 152s
[train-mass] step  1500/4000   train 5.2735   lr 3.69e-04   grad 6.01   m[mean 1.379 std 0.198]   gamma=0.922   elapsed 157s
[train-mass] step  1550/4000   train 5.2219   lr 3.60e-04   grad 5.81   m[mean 1.371 std 0.192]   gamma=0.920   elapsed 162s
[train-mass] step  1600/4000   train 5.2595   lr 3.51e-04   grad 3.07   m[mean 1.385 std 0.196]   gamma=0.918   elapsed 166s
[train-mass] >>> eval @ 1600: train 5.2311   val 5.6469   ppl 283.41
[train-mass] step  1650/4000   train 5.2092   lr 3.41e-04   grad 4.33   m[mean 1.374 std 0.192]   gamma=0.916   elapsed 173s
[train-mass] step  1700/4000   train 5.1993   lr 3.31e-04   grad 9.59   m[mean 1.371 std 0.194]   gamma=0.914   elapsed 178s
[train-mass] step  1750/4000   train 5.2114   lr 3.22e-04   grad 5.10   m[mean 1.376 std 0.198]   gamma=0.913   elapsed 183s
[train-mass] step  1800/4000   train 5.1817   lr 3.12e-04   grad 2.08   m[mean 1.367 std 0.195]   gamma=0.912   elapsed 187s
[train-mass] >>> eval @ 1800: train 5.1999   val 5.6238   ppl 276.93
[train-mass] step  1850/4000   train 5.1396   lr 3.02e-04   grad 13.94   m[mean 1.363 std 0.190]   gamma=0.910   elapsed 194s
[train-mass] step  1900/4000   train 5.2014   lr 2.91e-04   grad 13.31   m[mean 1.374 std 0.199]   gamma=0.909   elapsed 199s
[train-mass] step  1950/4000   train 5.1292   lr 2.81e-04   grad 4.27   m[mean 1.364 std 0.196]   gamma=0.908   elapsed 204s
[train-mass] step  2000/4000   train 5.0828   lr 2.71e-04   grad 3.84   m[mean 1.359 std 0.192]   gamma=0.906   elapsed 208s
[train-mass] >>> eval @ 2000: train 5.1023   val 5.6098   ppl 273.09
[train-mass] step  2050/4000   train 5.1302   lr 2.61e-04   grad 5.69   m[mean 1.373 std 0.197]   gamma=0.905   elapsed 216s
[train-mass] step  2100/4000   train 5.0965   lr 2.50e-04   grad 14.10   m[mean 1.350 std 0.189]   gamma=0.904   elapsed 220s
[train-mass] step  2150/4000   train 5.0923   lr 2.40e-04   grad 3.55   m[mean 1.361 std 0.193]   gamma=0.902   elapsed 225s
[train-mass] step  2200/4000   train 5.0721   lr 2.30e-04   grad 3.75   m[mean 1.359 std 0.190]   gamma=0.900   elapsed 230s
[train-mass] >>> eval @ 2200: train 5.0622   val 5.6361   ppl 280.38
[train-mass] step  2250/4000   train 5.0695   lr 2.19e-04   grad 5.52   m[mean 1.364 std 0.195]   gamma=0.899   elapsed 237s
[train-mass] step  2300/4000   train 5.0550   lr 2.09e-04   grad 4.18   m[mean 1.349 std 0.189]   gamma=0.897   elapsed 241s
[train-mass] step  2350/4000   train 5.0399   lr 1.99e-04   grad 6.81   m[mean 1.353 std 0.192]   gamma=0.896   elapsed 246s
[train-mass] step  2400/4000   train 5.0255   lr 1.89e-04   grad 5.55   m[mean 1.348 std 0.190]   gamma=0.895   elapsed 251s
[train-mass] >>> eval @ 2400: train 5.0281   val 5.6493   ppl 284.10
[train-mass] step  2450/4000   train 5.0651   lr 1.79e-04   grad 6.03   m[mean 1.348 std 0.190]   gamma=0.893   elapsed 258s
[train-mass] step  2500/4000   train 5.0115   lr 1.69e-04   grad 7.81   m[mean 1.341 std 0.189]   gamma=0.892   elapsed 263s
[train-mass] step  2550/4000   train 4.9773   lr 1.59e-04   grad 2.68   m[mean 1.348 std 0.193]   gamma=0.891   elapsed 267s
[train-mass] step  2600/4000   train 4.9684   lr 1.50e-04   grad 8.18   m[mean 1.335 std 0.188]   gamma=0.890   elapsed 272s
[train-mass] >>> eval @ 2600: train 4.9814   val 5.5632   ppl 260.65
[train-mass] step  2650/4000   train 5.0045   lr 1.40e-04   grad 3.71   m[mean 1.350 std 0.196]   gamma=0.889   elapsed 279s
[train-mass] step  2700/4000   train 4.9567   lr 1.31e-04   grad 2.96   m[mean 1.346 std 0.192]   gamma=0.887   elapsed 284s
[train-mass] step  2750/4000   train 4.9491   lr 1.22e-04   grad 5.80   m[mean 1.340 std 0.189]   gamma=0.886   elapsed 288s
[train-mass] step  2800/4000   train 4.9734   lr 1.13e-04   grad 6.51   m[mean 1.338 std 0.189]   gamma=0.885   elapsed 293s
[train-mass] >>> eval @ 2800: train 4.9646   val 5.6422   ppl 282.10
[train-mass] step  2850/4000   train 4.9102   lr 1.05e-04   grad 9.64   m[mean 1.333 std 0.186]   gamma=0.884   elapsed 300s
[train-mass] step  2900/4000   train 4.9491   lr 9.66e-05   grad 4.61   m[mean 1.344 std 0.191]   gamma=0.883   elapsed 305s
[train-mass] step  2950/4000   train 4.9005   lr 8.86e-05   grad 3.02   m[mean 1.348 std 0.197]   gamma=0.882   elapsed 310s
[train-mass] step  3000/4000   train 4.9577   lr 8.08e-05   grad 3.35   m[mean 1.343 std 0.193]   gamma=0.881   elapsed 314s
[train-mass] >>> eval @ 3000: train 4.9328   val 5.5950   ppl 269.08
[train-mass] step  3050/4000   train 4.9366   lr 7.34e-05   grad 3.09   m[mean 1.342 std 0.198]   gamma=0.880   elapsed 321s
[train-mass] step  3100/4000   train 4.8954   lr 6.62e-05   grad 3.03   m[mean 1.337 std 0.192]   gamma=0.879   elapsed 326s
[train-mass] step  3150/4000   train 4.8867   lr 5.94e-05   grad 6.01   m[mean 1.329 std 0.184]   gamma=0.878   elapsed 331s
[train-mass] step  3200/4000   train 4.9286   lr 5.28e-05   grad 7.06   m[mean 1.337 std 0.186]   gamma=0.878   elapsed 335s
[train-mass] >>> eval @ 3200: train 4.9111   val 5.5756   ppl 263.91
[train-mass] step  3250/4000   train 4.9158   lr 4.67e-05   grad 4.71   m[mean 1.341 std 0.192]   gamma=0.877   elapsed 343s
[train-mass] step  3300/4000   train 4.8808   lr 4.08e-05   grad 2.99   m[mean 1.334 std 0.187]   gamma=0.877   elapsed 347s
[train-mass] step  3350/4000   train 4.8669   lr 3.53e-05   grad 5.17   m[mean 1.338 std 0.194]   gamma=0.876   elapsed 352s
[train-mass] step  3400/4000   train 4.9033   lr 3.02e-05   grad 4.08   m[mean 1.323 std 0.185]   gamma=0.876   elapsed 357s
[train-mass] >>> eval @ 3400: train 4.9126   val 5.5406   ppl 254.82
[train-mass] step  3450/4000   train 4.8640   lr 2.55e-05   grad 7.39   m[mean 1.328 std 0.193]   gamma=0.875   elapsed 364s
[train-mass] step  3500/4000   train 4.8529   lr 2.11e-05   grad 6.79   m[mean 1.333 std 0.189]   gamma=0.875   elapsed 368s
[train-mass] step  3550/4000   train 4.8858   lr 1.72e-05   grad 3.91   m[mean 1.328 std 0.184]   gamma=0.875   elapsed 373s
[train-mass] step  3600/4000   train 4.8559   lr 1.36e-05   grad 3.56   m[mean 1.333 std 0.187]   gamma=0.874   elapsed 378s
[train-mass] >>> eval @ 3600: train 4.8419   val 5.5494   ppl 257.09
[train-mass] step  3650/4000   train 4.8789   lr 1.05e-05   grad 3.13   m[mean 1.331 std 0.189]   gamma=0.874   elapsed 385s
[train-mass] step  3700/4000   train 4.8543   lr 7.70e-06   grad 3.40   m[mean 1.328 std 0.189]   gamma=0.874   elapsed 390s
[train-mass] step  3750/4000   train 4.8657   lr 5.36e-06   grad 4.41   m[mean 1.328 std 0.188]   gamma=0.874   elapsed 394s
[train-mass] step  3800/4000   train 4.8868   lr 3.44e-06   grad 2.89   m[mean 1.332 std 0.187]   gamma=0.874   elapsed 399s
[train-mass] >>> eval @ 3800: train 4.8545   val 5.5554   ppl 258.63
[train-mass] step  3850/4000   train 4.8498   lr 1.95e-06   grad 4.01   m[mean 1.331 std 0.188]   gamma=0.874   elapsed 406s
[train-mass] step  3900/4000   train 4.8435   lr 8.71e-07   grad 4.74   m[mean 1.333 std 0.188]   gamma=0.874   elapsed 411s
[train-mass] step  3950/4000   train 4.8817   lr 2.22e-07   grad 3.20   m[mean 1.322 std 0.183]   gamma=0.874   elapsed 416s
[train-mass] step  4000/4000   train 4.8523   lr 8.54e-11   grad 3.42   m[mean 1.322 std 0.184]   gamma=0.874   elapsed 420s
[train-mass] >>> eval @ 4000: train 4.8526   val 5.5753   ppl 263.82
[train-mass] done in 423s
[train-mass] saved checkpoint -> /content/semsimula/notebooks/conservative_arch/sarf_mass_variant/results/splm_sarfmass_logfreq_shakespeare_ckpt_latest.pt
[train-mass] saved loss curve -> /content/semsimula/notebooks/conservative_arch/sarf_mass_variant/results/splm_sarfmass_logfreq_shakespeare_loss_curve.png
[train-mass] saved summary -> /content/semsimula/notebooks/conservative_arch/sarf_mass_variant/results/splm_sarfmass_logfreq_shakespeare_summary.md
