[train-matched] device=cuda  mode=shakespeare
[train-matched] TF32 disabled (default) to match the SPLM-cell numerical regime (CUDA matmuls in true fp32)
[train-matched] tokens: train=321,124  val=16,901
[train-matched] params: 8,052,096   d=128  n_layer=8  n_head=4
[train-matched] step    50/4000   train 10.4714   lr 1.25e-04   grad 1.61   elapsed 3s
[train-matched] step   100/4000   train 9.2686   lr 2.50e-04   grad 1.63   elapsed 5s
[train-matched] step   150/4000   train 7.4684   lr 3.75e-04   grad 1.33   elapsed 8s
[train-matched] step   200/4000   train 6.3199   lr 5.00e-04   grad 0.90   elapsed 10s
[train-matched] >>> eval @ 200: train 6.0482   val 6.1380   ppl 463.13
[train-matched] step   250/4000   train 5.7917   lr 5.00e-04   grad 0.89   elapsed 15s
[train-matched] step   300/4000   train 5.4266   lr 4.99e-04   grad 0.95   elapsed 17s
[train-matched] step   350/4000   train 5.1627   lr 4.98e-04   grad 1.22   elapsed 20s
[train-matched] step   400/4000   train 5.0202   lr 4.97e-04   grad 1.01   elapsed 22s
[train-matched] >>> eval @ 400: train 4.9950   val 5.4186   ppl 225.56
[train-matched] step   450/4000   train 4.9271   lr 4.95e-04   grad 1.07   elapsed 27s
[train-matched] step   500/4000   train 4.8038   lr 4.92e-04   grad 1.10   elapsed 29s
[train-matched] step   550/4000   train 4.7603   lr 4.90e-04   grad 1.25   elapsed 32s
[train-matched] step   600/4000   train 4.6478   lr 4.87e-04   grad 1.25   elapsed 34s
[train-matched] >>> eval @ 600: train 4.5946   val 5.2365   ppl 188.01
[train-matched] step   650/4000   train 4.5886   lr 4.83e-04   grad 0.94   elapsed 38s
[train-matched] step   700/4000   train 4.5093   lr 4.79e-04   grad 1.28   elapsed 41s
[train-matched] step   750/4000   train 4.4887   lr 4.75e-04   grad 1.20   elapsed 44s
[train-matched] step   800/4000   train 4.4110   lr 4.70e-04   grad 1.31   elapsed 46s
[train-matched] >>> eval @ 800: train 4.3974   val 5.1094   ppl 165.58
[train-matched] step   850/4000   train 4.3850   lr 4.65e-04   grad 1.14   elapsed 50s
[train-matched] step   900/4000   train 4.3400   lr 4.59e-04   grad 1.23   elapsed 53s
[train-matched] step   950/4000   train 4.3060   lr 4.54e-04   grad 1.41   elapsed 55s
[train-matched] step  1000/4000   train 4.2697   lr 4.47e-04   grad 1.39   elapsed 58s
[train-matched] >>> eval @ 1000: train 4.2770   val 5.1085   ppl 165.43
[train-matched] step  1050/4000   train 4.2277   lr 4.41e-04   grad 1.29   elapsed 62s
[train-matched] step  1100/4000   train 4.2199   lr 4.34e-04   grad 1.34   elapsed 65s
[train-matched] step  1150/4000   train 4.1762   lr 4.27e-04   grad 1.21   elapsed 67s
[train-matched] step  1200/4000   train 4.1698   lr 4.19e-04   grad 1.13   elapsed 70s
[train-matched] >>> eval @ 1200: train 4.1245   val 5.0261   ppl 152.34
[train-matched] step  1250/4000   train 4.1299   lr 4.12e-04   grad 1.37   elapsed 74s
[train-matched] step  1300/4000   train 4.0896   lr 4.04e-04   grad 1.16   elapsed 76s
[train-matched] step  1350/4000   train 4.0393   lr 3.95e-04   grad 1.19   elapsed 79s
[train-matched] step  1400/4000   train 4.0540   lr 3.87e-04   grad 1.48   elapsed 81s
[train-matched] >>> eval @ 1400: train 4.0042   val 5.0453   ppl 155.28
[train-matched] step  1450/4000   train 4.0338   lr 3.78e-04   grad 1.58   elapsed 86s
[train-matched] step  1500/4000   train 4.0047   lr 3.69e-04   grad 1.58   elapsed 88s
[train-matched] step  1550/4000   train 3.9759   lr 3.60e-04   grad 1.24   elapsed 91s
[train-matched] step  1600/4000   train 3.9202   lr 3.51e-04   grad 1.26   elapsed 93s
[train-matched] >>> eval @ 1600: train 3.9356   val 5.1047   ppl 164.80
[train-matched] step  1650/4000   train 3.9509   lr 3.41e-04   grad 1.29   elapsed 97s
[train-matched] step  1700/4000   train 3.9319   lr 3.31e-04   grad 1.41   elapsed 100s
[train-matched] step  1750/4000   train 3.9230   lr 3.22e-04   grad 1.29   elapsed 103s
[train-matched] step  1800/4000   train 3.8765   lr 3.12e-04   grad 1.27   elapsed 105s
[train-matched] >>> eval @ 1800: train 3.8395   val 5.0141   ppl 150.53
[train-matched] step  1850/4000   train 3.8672   lr 3.02e-04   grad 1.26   elapsed 109s
[train-matched] step  1900/4000   train 3.9053   lr 2.91e-04   grad 1.35   elapsed 112s
[train-matched] step  1950/4000   train 3.8307   lr 2.81e-04   grad 1.47   elapsed 114s
[train-matched] step  2000/4000   train 3.8070   lr 2.71e-04   grad 1.25   elapsed 117s
[train-matched] >>> eval @ 2000: train 3.7931   val 5.0004   ppl 148.47
[train-matched] step  2050/4000   train 3.8021   lr 2.61e-04   grad 1.43   elapsed 121s
[train-matched] step  2100/4000   train 3.7744   lr 2.50e-04   grad 1.68   elapsed 124s
[train-matched] step  2150/4000   train 3.7884   lr 2.40e-04   grad 1.68   elapsed 126s
[train-matched] step  2200/4000   train 3.7396   lr 2.30e-04   grad 1.44   elapsed 129s
[train-matched] >>> eval @ 2200: train 3.7385   val 4.9919   ppl 147.22
[train-matched] step  2250/4000   train 3.7552   lr 2.19e-04   grad 1.42   elapsed 133s
[train-matched] step  2300/4000   train 3.7167   lr 2.09e-04   grad 1.46   elapsed 135s
[train-matched] step  2350/4000   train 3.7274   lr 1.99e-04   grad 1.36   elapsed 138s
[train-matched] step  2400/4000   train 3.6726   lr 1.89e-04   grad 1.44   elapsed 141s
[train-matched] >>> eval @ 2400: train 3.7131   val 4.9787   ppl 145.29
[train-matched] step  2450/4000   train 3.7186   lr 1.79e-04   grad 1.46   elapsed 145s
[train-matched] step  2500/4000   train 3.6866   lr 1.69e-04   grad 1.50   elapsed 147s
[train-matched] step  2550/4000   train 3.6704   lr 1.59e-04   grad 1.59   elapsed 150s
[train-matched] step  2600/4000   train 3.6636   lr 1.50e-04   grad 1.89   elapsed 152s
[train-matched] >>> eval @ 2600: train 3.6591   val 5.0450   ppl 155.25
[train-matched] step  2650/4000   train 3.6570   lr 1.40e-04   grad 1.76   elapsed 157s
[train-matched] step  2700/4000   train 3.6663   lr 1.31e-04   grad 1.48   elapsed 159s
[train-matched] step  2750/4000   train 3.6340   lr 1.22e-04   grad 1.36   elapsed 162s
[train-matched] step  2800/4000   train 3.6421   lr 1.13e-04   grad 1.55   elapsed 164s
[train-matched] >>> eval @ 2800: train 3.6581   val 4.9988   ppl 148.24
[train-matched] step  2850/4000   train 3.6260   lr 1.05e-04   grad 1.66   elapsed 168s
[train-matched] step  2900/4000   train 3.5863   lr 9.66e-05   grad 1.59   elapsed 171s
[train-matched] step  2950/4000   train 3.6109   lr 8.86e-05   grad 1.46   elapsed 174s
[train-matched] step  3000/4000   train 3.6167   lr 8.08e-05   grad 1.57   elapsed 176s
[train-matched] >>> eval @ 3000: train 3.5621   val 5.0357   ppl 153.81
[train-matched] step  3050/4000   train 3.5924   lr 7.34e-05   grad 1.52   elapsed 180s
[train-matched] step  3100/4000   train 3.5687   lr 6.62e-05   grad 1.69   elapsed 183s
[train-matched] step  3150/4000   train 3.5902   lr 5.94e-05   grad 1.58   elapsed 185s
[train-matched] step  3200/4000   train 3.5654   lr 5.28e-05   grad 1.51   elapsed 188s
[train-matched] >>> eval @ 3200: train 3.5934   val 5.0569   ppl 157.10
[train-matched] step  3250/4000   train 3.5737   lr 4.67e-05   grad 1.75   elapsed 192s
[train-matched] step  3300/4000   train 3.5740   lr 4.08e-05   grad 1.55   elapsed 195s
[train-matched] step  3350/4000   train 3.5337   lr 3.53e-05   grad 1.61   elapsed 197s
[train-matched] step  3400/4000   train 3.5767   lr 3.02e-05   grad 1.61   elapsed 200s
[train-matched] >>> eval @ 3400: train 3.5003   val 5.0694   ppl 159.09
[train-matched] step  3450/4000   train 3.5221   lr 2.55e-05   grad 1.56   elapsed 204s
[train-matched] step  3500/4000   train 3.5482   lr 2.11e-05   grad 1.55   elapsed 206s
[train-matched] step  3550/4000   train 3.5389   lr 1.72e-05   grad 1.56   elapsed 209s
[train-matched] step  3600/4000   train 3.5468   lr 1.36e-05   grad 1.54   elapsed 211s
[train-matched] >>> eval @ 3600: train 3.5735   val 4.9737   ppl 144.56
[train-matched] step  3650/4000   train 3.5566   lr 1.05e-05   grad 1.56   elapsed 216s
[train-matched] step  3700/4000   train 3.5414   lr 7.70e-06   grad 1.78   elapsed 218s
[train-matched] step  3750/4000   train 3.5321   lr 5.36e-06   grad 1.57   elapsed 221s
[train-matched] step  3800/4000   train 3.5364   lr 3.44e-06   grad 1.55   elapsed 223s
[train-matched] >>> eval @ 3800: train 3.5375   val 5.0552   ppl 156.84
[train-matched] step  3850/4000   train 3.5359   lr 1.95e-06   grad 1.52   elapsed 227s
[train-matched] step  3900/4000   train 3.5419   lr 8.71e-07   grad 1.53   elapsed 230s
[train-matched] step  3950/4000   train 3.5390   lr 2.22e-07   grad 1.62   elapsed 233s
[train-matched] step  4000/4000   train 3.5318   lr 8.54e-11   grad 1.54   elapsed 235s
[train-matched] >>> eval @ 4000: train 3.5053   val 4.9888   ppl 146.76
[train-matched] done in 237s
[train-matched] saved checkpoint -> /content/semsimula/notebooks/conservative_arch/results/matched_shakespeare_ckpt_latest.pt
[train-matched] saved loss curve -> /content/semsimula/notebooks/conservative_arch/results/matched_shakespeare_loss_curve.png
[train-matched] saved summary -> /content/semsimula/notebooks/conservative_arch/results/matched_shakespeare_summary.md
