[train-matched] device=cuda  mode=shakespeare
[train-matched] TF32 disabled (default) to match the SPLM-cell numerical regime (CUDA matmuls in true fp32)
[train-matched] tokens: train=321,124  val=16,901
[train-matched] params: 8,052,096   d=128  n_layer=8  n_head=4
[train-matched] step    50/4000   train 10.4118   lr 1.25e-04   grad 1.65   elapsed 3s
[train-matched] step   100/4000   train 9.2052   lr 2.50e-04   grad 1.71   elapsed 5s
[train-matched] step   150/4000   train 7.4172   lr 3.75e-04   grad 1.47   elapsed 8s
[train-matched] step   200/4000   train 6.2537   lr 5.00e-04   grad 1.31   elapsed 10s
[train-matched] >>> eval @ 200: train 5.9468   val 6.1197   ppl 454.71
[train-matched] step   250/4000   train 5.7772   lr 5.00e-04   grad 1.48   elapsed 15s
[train-matched] step   300/4000   train 5.4336   lr 4.99e-04   grad 1.01   elapsed 17s
[train-matched] step   350/4000   train 5.2243   lr 4.98e-04   grad 0.97   elapsed 20s
[train-matched] step   400/4000   train 5.0726   lr 4.97e-04   grad 0.90   elapsed 22s
[train-matched] >>> eval @ 400: train 4.9466   val 5.3991   ppl 221.20
[train-matched] step   450/4000   train 4.9422   lr 4.95e-04   grad 1.08   elapsed 26s
[train-matched] step   500/4000   train 4.8240   lr 4.92e-04   grad 1.09   elapsed 29s
[train-matched] step   550/4000   train 4.7813   lr 4.90e-04   grad 1.22   elapsed 32s
[train-matched] step   600/4000   train 4.6489   lr 4.87e-04   grad 1.18   elapsed 34s
[train-matched] >>> eval @ 600: train 4.6421   val 5.2089   ppl 182.90
[train-matched] step   650/4000   train 4.5602   lr 4.83e-04   grad 1.32   elapsed 38s
[train-matched] step   700/4000   train 4.5816   lr 4.79e-04   grad 1.22   elapsed 41s
[train-matched] step   750/4000   train 4.4696   lr 4.75e-04   grad 1.25   elapsed 44s
[train-matched] step   800/4000   train 4.4512   lr 4.70e-04   grad 1.23   elapsed 46s
[train-matched] >>> eval @ 800: train 4.4354   val 5.1349   ppl 169.85
[train-matched] step   850/4000   train 4.4200   lr 4.65e-04   grad 1.26   elapsed 50s
[train-matched] step   900/4000   train 4.3669   lr 4.59e-04   grad 2.30   elapsed 53s
[train-matched] step   950/4000   train 4.3536   lr 4.54e-04   grad 1.12   elapsed 55s
[train-matched] step  1000/4000   train 4.2688   lr 4.47e-04   grad 1.34   elapsed 58s
[train-matched] >>> eval @ 1000: train 4.3159   val 5.0916   ppl 162.66
[train-matched] step  1050/4000   train 4.2055   lr 4.41e-04   grad 1.47   elapsed 62s
[train-matched] step  1100/4000   train 4.1513   lr 4.34e-04   grad 1.13   elapsed 65s
[train-matched] step  1150/4000   train 4.1668   lr 4.27e-04   grad 1.17   elapsed 67s
[train-matched] step  1200/4000   train 4.1538   lr 4.19e-04   grad 1.30   elapsed 70s
[train-matched] >>> eval @ 1200: train 4.1862   val 5.0502   ppl 156.05
[train-matched] step  1250/4000   train 4.1523   lr 4.12e-04   grad 1.45   elapsed 74s
[train-matched] step  1300/4000   train 4.1081   lr 4.04e-04   grad 1.27   elapsed 76s
[train-matched] step  1350/4000   train 4.1006   lr 3.95e-04   grad 1.20   elapsed 79s
[train-matched] step  1400/4000   train 4.0624   lr 3.87e-04   grad 1.28   elapsed 81s
[train-matched] >>> eval @ 1400: train 4.0617   val 4.9956   ppl 147.77
[train-matched] step  1450/4000   train 4.0195   lr 3.78e-04   grad 1.21   elapsed 85s
[train-matched] step  1500/4000   train 4.0062   lr 3.69e-04   grad 1.24   elapsed 88s
[train-matched] step  1550/4000   train 3.9654   lr 3.60e-04   grad 1.19   elapsed 91s
[train-matched] step  1600/4000   train 3.9726   lr 3.51e-04   grad 1.37   elapsed 93s
[train-matched] >>> eval @ 1600: train 3.9062   val 4.9818   ppl 145.73
[train-matched] step  1650/4000   train 3.9599   lr 3.41e-04   grad 1.29   elapsed 97s
[train-matched] step  1700/4000   train 3.9503   lr 3.31e-04   grad 1.58   elapsed 100s
[train-matched] step  1750/4000   train 3.9550   lr 3.22e-04   grad 1.39   elapsed 102s
[train-matched] step  1800/4000   train 3.8912   lr 3.12e-04   grad 1.44   elapsed 105s
[train-matched] >>> eval @ 1800: train 3.8916   val 5.0588   ppl 157.40
[train-matched] step  1850/4000   train 3.8516   lr 3.02e-04   grad 1.54   elapsed 109s
[train-matched] step  1900/4000   train 3.8400   lr 2.91e-04   grad 1.22   elapsed 112s
[train-matched] step  1950/4000   train 3.8803   lr 2.81e-04   grad 1.66   elapsed 114s
[train-matched] step  2000/4000   train 3.8160   lr 2.71e-04   grad 1.43   elapsed 117s
[train-matched] >>> eval @ 2000: train 3.8148   val 5.0656   ppl 158.48
[train-matched] step  2050/4000   train 3.8297   lr 2.61e-04   grad 1.69   elapsed 121s
[train-matched] step  2100/4000   train 3.8218   lr 2.50e-04   grad 1.52   elapsed 124s
[train-matched] step  2150/4000   train 3.7676   lr 2.40e-04   grad 1.52   elapsed 126s
[train-matched] step  2200/4000   train 3.7384   lr 2.30e-04   grad 1.38   elapsed 129s
[train-matched] >>> eval @ 2200: train 3.7521   val 5.0160   ppl 150.80
[train-matched] step  2250/4000   train 3.7590   lr 2.19e-04   grad 1.47   elapsed 133s
[train-matched] step  2300/4000   train 3.7564   lr 2.09e-04   grad 1.60   elapsed 135s
[train-matched] step  2350/4000   train 3.6950   lr 1.99e-04   grad 1.43   elapsed 138s
[train-matched] step  2400/4000   train 3.7262   lr 1.89e-04   grad 1.45   elapsed 141s
[train-matched] >>> eval @ 2400: train 3.7174   val 5.0616   ppl 157.85
[train-matched] step  2450/4000   train 3.6716   lr 1.79e-04   grad 1.60   elapsed 145s
[train-matched] step  2500/4000   train 3.7077   lr 1.69e-04   grad 1.55   elapsed 147s
[train-matched] step  2550/4000   train 3.6738   lr 1.59e-04   grad 1.88   elapsed 150s
[train-matched] step  2600/4000   train 3.6756   lr 1.50e-04   grad 1.33   elapsed 152s
[train-matched] >>> eval @ 2600: train 3.6326   val 5.0447   ppl 155.19
[train-matched] step  2650/4000   train 3.5895   lr 1.40e-04   grad 1.53   elapsed 156s
[train-matched] step  2700/4000   train 3.6545   lr 1.31e-04   grad 1.49   elapsed 159s
[train-matched] step  2750/4000   train 3.6648   lr 1.22e-04   grad 1.65   elapsed 162s
[train-matched] step  2800/4000   train 3.6181   lr 1.13e-04   grad 1.83   elapsed 164s
[train-matched] >>> eval @ 2800: train 3.6390   val 5.0004   ppl 148.47
[train-matched] step  2850/4000   train 3.6500   lr 1.05e-04   grad 1.71   elapsed 168s
[train-matched] step  2900/4000   train 3.6151   lr 9.66e-05   grad 1.67   elapsed 171s
[train-matched] step  2950/4000   train 3.6074   lr 8.86e-05   grad 1.42   elapsed 173s
[train-matched] step  3000/4000   train 3.5763   lr 8.08e-05   grad 1.64   elapsed 176s
[train-matched] >>> eval @ 3000: train 3.6058   val 5.0138   ppl 150.48
[train-matched] step  3050/4000   train 3.6024   lr 7.34e-05   grad 1.70   elapsed 180s
[train-matched] step  3100/4000   train 3.6033   lr 6.62e-05   grad 1.54   elapsed 183s
[train-matched] step  3150/4000   train 3.5364   lr 5.94e-05   grad 1.55   elapsed 185s
[train-matched] step  3200/4000   train 3.5576   lr 5.28e-05   grad 2.03   elapsed 188s
[train-matched] >>> eval @ 3200: train 3.5889   val 5.0686   ppl 158.96
[train-matched] step  3250/4000   train 3.5447   lr 4.67e-05   grad 1.59   elapsed 192s
[train-matched] step  3300/4000   train 3.5195   lr 4.08e-05   grad 1.65   elapsed 194s
[train-matched] step  3350/4000   train 3.5746   lr 3.53e-05   grad 1.79   elapsed 197s
[train-matched] step  3400/4000   train 3.5846   lr 3.02e-05   grad 1.39   elapsed 199s
[train-matched] >>> eval @ 3400: train 3.5713   val 5.0555   ppl 156.88
[train-matched] step  3450/4000   train 3.5349   lr 2.55e-05   grad 1.74   elapsed 204s
[train-matched] step  3500/4000   train 3.5159   lr 2.11e-05   grad 1.74   elapsed 206s
[train-matched] step  3550/4000   train 3.5573   lr 1.72e-05   grad 1.58   elapsed 209s
[train-matched] step  3600/4000   train 3.5861   lr 1.36e-05   grad 1.65   elapsed 211s
[train-matched] >>> eval @ 3600: train 3.5179   val 5.0799   ppl 160.76
[train-matched] step  3650/4000   train 3.5614   lr 1.05e-05   grad 1.59   elapsed 215s
[train-matched] step  3700/4000   train 3.5394   lr 7.70e-06   grad 1.65   elapsed 218s
[train-matched] step  3750/4000   train 3.5445   lr 5.36e-06   grad 1.59   elapsed 220s
[train-matched] step  3800/4000   train 3.5566   lr 3.44e-06   grad 1.66   elapsed 223s
[train-matched] >>> eval @ 3800: train 3.4880   val 4.9850   ppl 146.21
[train-matched] step  3850/4000   train 3.5314   lr 1.95e-06   grad 1.63   elapsed 227s
[train-matched] step  3900/4000   train 3.5313   lr 8.71e-07   grad 1.67   elapsed 230s
[train-matched] step  3950/4000   train 3.5500   lr 2.22e-07   grad 1.53   elapsed 232s
[train-matched] step  4000/4000   train 3.5469   lr 8.54e-11   grad 1.68   elapsed 235s
[train-matched] >>> eval @ 4000: train 3.5479   val 4.9538   ppl 141.71
[train-matched] done in 236s
[train-matched] saved checkpoint -> /content/semsimula/notebooks/conservative_arch/results/matched_shakespeare_ckpt_latest.pt
[train-matched] saved loss curve -> /content/semsimula/notebooks/conservative_arch/results/matched_shakespeare_loss_curve.png
[train-matched] saved summary -> /content/semsimula/notebooks/conservative_arch/results/matched_shakespeare_summary.md
