[train-fo] device=mps  mode=shakespeare  seed=4  results_dir=/Users/dimitargueorguiev/git/ml/semsimula/notebooks/conservative_arch/first_order_ablation/results/splm1_leakfree/seed4
[train-fo] tokens: train=321,124  val=16,901
[train-fo] params: 7,123,075   d=128  L=8  v_hidden=512  ln_after_step=True  first_order=True (no v-buffer, no gamma)
[train-fo] causal_force=True  (FIXED (post-bug))  steps=4000
[train-fo] init mass: mean=1.463  std=0.205  min=1.151  max=1.915
[train-fo] step    50/4000   train 10.7441   lr 1.25e-04   grad 1.07   m[mean 1.446 std 0.201]   elapsed 14s
[train-fo] step   100/4000   train 9.7352   lr 2.50e-04   grad 1.61   m[mean 1.437 std 0.199]   elapsed 26s
[train-fo] step   150/4000   train 7.6465   lr 3.75e-04   grad 1.24   m[mean 1.450 std 0.205]   elapsed 38s
[train-fo] step   200/4000   train 6.4657   lr 5.00e-04   grad 0.34   m[mean 1.453 std 0.208]   elapsed 50s
[train-fo] step   200   val_loss=6.4862  val_ppl=656.02
[train-fo] step   250/4000   train 6.2232   lr 5.00e-04   grad 0.76   m[mean 1.438 std 0.202]   elapsed 65s
[train-fo] step   300/4000   train 5.9319   lr 4.99e-04   grad 0.55   m[mean 1.442 std 0.204]   elapsed 78s
[train-fo] step   350/4000   train 5.6855   lr 4.98e-04   grad 0.58   m[mean 1.459 std 0.217]   elapsed 90s
[train-fo] step   400/4000   train 5.5299   lr 4.97e-04   grad 0.75   m[mean 1.468 std 0.216]   elapsed 103s
[train-fo] step   400   val_loss=5.8326  val_ppl=341.25
[train-fo] step   450/4000   train 5.3784   lr 4.95e-04   grad 1.39   m[mean 1.466 std 0.221]   elapsed 120s
[train-fo] step   500/4000   train 5.2576   lr 4.92e-04   grad 0.94   m[mean 1.465 std 0.221]   elapsed 134s
[train-fo] step   550/4000   train 5.1661   lr 4.90e-04   grad 1.27   m[mean 1.473 std 0.229]   elapsed 147s
[train-fo] step   600/4000   train 5.0979   lr 4.87e-04   grad 1.26   m[mean 1.477 std 0.226]   elapsed 160s
[train-fo] step   600   val_loss=5.6393  val_ppl=281.27
[train-fo] step   650/4000   train 5.0224   lr 4.83e-04   grad 1.38   m[mean 1.477 std 0.224]   elapsed 176s
[train-fo] step   700/4000   train 4.9766   lr 4.79e-04   grad 0.97   m[mean 1.479 std 0.230]   elapsed 189s
[train-fo] step   750/4000   train 4.9325   lr 4.75e-04   grad 1.93   m[mean 1.482 std 0.227]   elapsed 202s
[train-fo] step   800/4000   train 4.8791   lr 4.70e-04   grad 1.10   m[mean 1.480 std 0.229]   elapsed 215s
[train-fo] step   800   val_loss=5.4316  val_ppl=228.52
[train-fo] step   850/4000   train 4.8341   lr 4.65e-04   grad 1.22   m[mean 1.497 std 0.237]   elapsed 233s
[train-fo] step   900/4000   train 4.8053   lr 4.59e-04   grad 0.97   m[mean 1.491 std 0.233]   elapsed 246s
[train-fo] step   950/4000   train 4.7415   lr 4.54e-04   grad 1.03   m[mean 1.473 std 0.231]   elapsed 260s
[train-fo] step  1000/4000   train 4.7355   lr 4.47e-04   grad 1.12   m[mean 1.487 std 0.232]   elapsed 275s
[train-fo] step  1000   val_loss=5.3626  val_ppl=213.29
[train-fo] step  1050/4000   train 4.6990   lr 4.41e-04   grad 1.08   m[mean 1.471 std 0.230]   elapsed 294s
[train-fo] step  1100/4000   train 4.6672   lr 4.34e-04   grad 1.10   m[mean 1.475 std 0.234]   elapsed 309s
[train-fo] step  1150/4000   train 4.6141   lr 4.27e-04   grad 1.23   m[mean 1.489 std 0.232]   elapsed 324s
[train-fo] step  1200/4000   train 4.6256   lr 4.19e-04   grad 0.85   m[mean 1.486 std 0.236]   elapsed 339s
[train-fo] step  1200   val_loss=5.3001  val_ppl=200.36
[train-fo] step  1250/4000   train 4.5752   lr 4.12e-04   grad 1.37   m[mean 1.483 std 0.235]   elapsed 358s
[train-fo] step  1300/4000   train 4.5337   lr 4.04e-04   grad 1.09   m[mean 1.476 std 0.230]   elapsed 374s
[train-fo] step  1350/4000   train 4.5601   lr 3.95e-04   grad 1.20   m[mean 1.490 std 0.240]   elapsed 388s
[train-fo] step  1400/4000   train 4.5227   lr 3.87e-04   grad 0.91   m[mean 1.483 std 0.237]   elapsed 402s
[train-fo] step  1400   val_loss=5.3116  val_ppl=202.67
[train-fo] step  1450/4000   train 4.5052   lr 3.78e-04   grad 1.35   m[mean 1.476 std 0.234]   elapsed 420s
[train-fo] step  1500/4000   train 4.4866   lr 3.69e-04   grad 1.01   m[mean 1.489 std 0.238]   elapsed 436s
[train-fo] step  1550/4000   train 4.4620   lr 3.60e-04   grad 1.47   m[mean 1.483 std 0.235]   elapsed 451s
[train-fo] step  1600/4000   train 4.4688   lr 3.51e-04   grad 0.90   m[mean 1.485 std 0.234]   elapsed 468s
[train-fo] step  1600   val_loss=5.2788  val_ppl=196.13
[train-fo] step  1650/4000   train 4.4885   lr 3.41e-04   grad 2.26   m[mean 1.484 std 0.239]   elapsed 490s
[train-fo] step  1700/4000   train 4.4186   lr 3.31e-04   grad 1.42   m[mean 1.493 std 0.240]   elapsed 508s
[train-fo] step  1750/4000   train 4.4209   lr 3.22e-04   grad 1.38   m[mean 1.483 std 0.236]   elapsed 524s
[train-fo] step  1800/4000   train 4.4091   lr 3.12e-04   grad 1.36   m[mean 1.498 std 0.240]   elapsed 540s
[train-fo] step  1800   val_loss=5.1769  val_ppl=177.13
[train-fo] step  1850/4000   train 4.4110   lr 3.02e-04   grad 1.26   m[mean 1.487 std 0.242]   elapsed 559s
[train-fo] step  1900/4000   train 4.3789   lr 2.91e-04   grad 0.85   m[mean 1.487 std 0.236]   elapsed 574s
[train-fo] step  1950/4000   train 4.3672   lr 2.81e-04   grad 1.22   m[mean 1.482 std 0.238]   elapsed 589s
[train-fo] step  2000/4000   train 4.3548   lr 2.71e-04   grad 1.13   m[mean 1.481 std 0.233]   elapsed 604s
[train-fo] step  2000   val_loss=5.2642  val_ppl=193.29
[train-fo] step  2050/4000   train 4.3416   lr 2.61e-04   grad 1.25   m[mean 1.474 std 0.234]   elapsed 624s
[train-fo] step  2100/4000   train 4.3497   lr 2.50e-04   grad 1.13   m[mean 1.474 std 0.229]   elapsed 640s
[train-fo] step  2150/4000   train 4.3881   lr 2.40e-04   grad 1.46   m[mean 1.482 std 0.240]   elapsed 655s
[train-fo] step  2200/4000   train 4.3188   lr 2.30e-04   grad 1.33   m[mean 1.490 std 0.240]   elapsed 671s
[train-fo] step  2200   val_loss=5.2368  val_ppl=188.06
[train-fo] step  2250/4000   train 4.3243   lr 2.19e-04   grad 1.06   m[mean 1.484 std 0.236]   elapsed 692s
[train-fo] step  2300/4000   train 4.3224   lr 2.09e-04   grad 1.29   m[mean 1.475 std 0.236]   elapsed 707s
[train-fo] step  2350/4000   train 4.2806   lr 1.99e-04   grad 1.24   m[mean 1.477 std 0.236]   elapsed 723s
[train-fo] step  2400/4000   train 4.3297   lr 1.89e-04   grad 1.19   m[mean 1.490 std 0.244]   elapsed 740s
[train-fo] step  2400   val_loss=5.2015  val_ppl=181.54
[train-fo] step  2450/4000   train 4.2864   lr 1.79e-04   grad 1.14   m[mean 1.481 std 0.233]   elapsed 762s
[train-fo] step  2500/4000   train 4.3136   lr 1.69e-04   grad 1.16   m[mean 1.479 std 0.235]   elapsed 779s
[train-fo] step  2550/4000   train 4.2970   lr 1.59e-04   grad 1.23   m[mean 1.490 std 0.245]   elapsed 795s
[train-fo] step  2600/4000   train 4.2837   lr 1.50e-04   grad 1.16   m[mean 1.478 std 0.242]   elapsed 811s
[train-fo] step  2600   val_loss=5.2611  val_ppl=192.69
[train-fo] step  2650/4000   train 4.2638   lr 1.40e-04   grad 1.22   m[mean 1.470 std 0.234]   elapsed 831s
[train-fo] step  2700/4000   train 4.2721   lr 1.31e-04   grad 1.34   m[mean 1.477 std 0.235]   elapsed 846s
[train-fo] step  2750/4000   train 4.2730   lr 1.22e-04   grad 1.21   m[mean 1.472 std 0.231]   elapsed 863s
[train-fo] step  2800/4000   train 4.2767   lr 1.13e-04   grad 1.53   m[mean 1.464 std 0.236]   elapsed 881s
[train-fo] step  2800   val_loss=5.2656  val_ppl=193.57
[train-fo] step  2850/4000   train 4.2496   lr 1.05e-04   grad 1.17   m[mean 1.485 std 0.239]   elapsed 908s
[train-fo] step  2900/4000   train 4.2635   lr 9.66e-05   grad 1.15   m[mean 1.509 std 0.249]   elapsed 927s
[train-fo] step  2950/4000   train 4.2475   lr 8.86e-05   grad 1.31   m[mean 1.475 std 0.230]   elapsed 947s
[train-fo] step  3000/4000   train 4.2717   lr 8.08e-05   grad 1.22   m[mean 1.486 std 0.239]   elapsed 967s
[train-fo] step  3000   val_loss=5.2182  val_ppl=184.59
[train-fo] step  3050/4000   train 4.2743   lr 7.34e-05   grad 1.51   m[mean 1.487 std 0.237]   elapsed 991s
[train-fo] step  3100/4000   train 4.2081   lr 6.62e-05   grad 1.35   m[mean 1.483 std 0.232]   elapsed 1010s
[train-fo] step  3150/4000   train 4.2213   lr 5.94e-05   grad 1.05   m[mean 1.481 std 0.236]   elapsed 1030s
[train-fo] step  3200/4000   train 4.2312   lr 5.28e-05   grad 1.30   m[mean 1.481 std 0.233]   elapsed 1051s
[train-fo] step  3200   val_loss=5.1747  val_ppl=176.75
[train-fo] step  3250/4000   train 4.2505   lr 4.67e-05   grad 1.48   m[mean 1.493 std 0.246]   elapsed 1078s
[train-fo] step  3300/4000   train 4.2402   lr 4.08e-05   grad 1.14   m[mean 1.478 std 0.238]   elapsed 1100s
[train-fo] step  3350/4000   train 4.2384   lr 3.53e-05   grad 1.36   m[mean 1.486 std 0.240]   elapsed 1122s
[train-fo] step  3400/4000   train 4.2363   lr 3.02e-05   grad 1.16   m[mean 1.471 std 0.234]   elapsed 1143s
[train-fo] step  3400   val_loss=5.2093  val_ppl=182.97
[train-fo] step  3450/4000   train 4.2481   lr 2.55e-05   grad 1.14   m[mean 1.477 std 0.238]   elapsed 1168s
[train-fo] step  3500/4000   train 4.2248   lr 2.11e-05   grad 1.29   m[mean 1.491 std 0.243]   elapsed 1186s
[train-fo] step  3550/4000   train 4.2273   lr 1.72e-05   grad 1.09   m[mean 1.486 std 0.241]   elapsed 1202s
[train-fo] step  3600/4000   train 4.2683   lr 1.36e-05   grad 1.49   m[mean 1.460 std 0.229]   elapsed 1219s
[train-fo] step  3600   val_loss=5.2214  val_ppl=185.19
[train-fo] step  3650/4000   train 4.2560   lr 1.05e-05   grad 1.64   m[mean 1.488 std 0.235]   elapsed 1241s
[train-fo] step  3700/4000   train 4.2345   lr 7.70e-06   grad 1.37   m[mean 1.486 std 0.239]   elapsed 1258s
[train-fo] step  3750/4000   train 4.2571   lr 5.36e-06   grad 1.28   m[mean 1.478 std 0.237]   elapsed 1277s
[train-fo] step  3800/4000   train 4.2346   lr 3.44e-06   grad 1.20   m[mean 1.483 std 0.243]   elapsed 1296s
[train-fo] step  3800   val_loss=5.2215  val_ppl=185.21
[train-fo] step  3850/4000   train 4.2324   lr 1.95e-06   grad 1.22   m[mean 1.475 std 0.231]   elapsed 1318s
[train-fo] step  3900/4000   train 4.2295   lr 8.71e-07   grad 1.41   m[mean 1.482 std 0.243]   elapsed 1334s
[train-fo] step  3950/4000   train 4.2479   lr 2.22e-07   grad 1.10   m[mean 1.471 std 0.232]   elapsed 1351s
[train-fo] step  4000/4000   train 4.2191   lr 8.54e-11   grad 1.22   m[mean 1.478 std 0.233]   elapsed 1369s
[train-fo] step  4000   val_loss=5.1746  val_ppl=176.73

[train-fo] DONE  val_loss=5.2290  val_ppl=186.61  (first-order, no gamma)
[train-fo] checkpoint saved to /Users/dimitargueorguiev/git/ml/semsimula/notebooks/conservative_arch/first_order_ablation/results/splm1_leakfree/seed4/splm_first_order_shakespeare_seed4_ckpt_latest.pt
[train-fo] summary written to /Users/dimitargueorguiev/git/ml/semsimula/notebooks/conservative_arch/first_order_ablation/results/splm1_leakfree/seed4/splm_first_order_shakespeare_seed4_summary.md
