[train-mass] TF32 disabled (default) for SPLM autograd.grad numerical stability (CUDA matmuls in true fp32)
[train-mass] device=cuda  mode=shakespeare  mass_mode=embed_head  fixed_gamma=None  results_dir=/content/semsimula/notebooks/conservative_arch/sarf_mass_variant/results
[train-mass] tokens: train=321,124  val=16,901
[train-mass] params: 7,123,204   d=128  L=8  v_hidden=512
[train-mass] init mass: mean=1.001  std=0.000  min=1.001  max=1.001
[train-mass] step    50/4000   train 10.8205   lr 1.25e-04   grad 0.19   m[mean 0.996 std 0.001]   gamma=0.998   elapsed 5s
[train-mass] step   100/4000   train 9.3139   lr 2.50e-04   grad 21.98   m[mean 0.977 std 0.007]   gamma=0.992   elapsed 9s
[train-mass] step   150/4000   train 6.4546   lr 3.75e-04   grad 1.26   m[mean 0.979 std 0.010]   gamma=0.993   elapsed 14s
[train-mass] step   200/4000   train 6.4016   lr 5.00e-04   grad 0.81   m[mean 0.978 std 0.016]   gamma=0.994   elapsed 19s
[train-mass] >>> eval @ 200: train 6.3915   val 6.5893   ppl 727.25
[train-mass] step   250/4000   train 6.3626   lr 5.00e-04   grad 0.91   m[mean 0.971 std 0.027]   gamma=0.994   elapsed 26s
[train-mass] step   300/4000   train 6.2989   lr 4.99e-04   grad 0.39   m[mean 0.959 std 0.054]   gamma=0.993   elapsed 30s
[train-mass] step   350/4000   train 6.1800   lr 4.98e-04   grad 0.43   m[mean 0.943 std 0.082]   gamma=0.992   elapsed 35s
[train-mass] step   400/4000   train 6.1028   lr 4.97e-04   grad 3.59   m[mean 0.951 std 0.088]   gamma=0.991   elapsed 40s
[train-mass] >>> eval @ 400: train 6.0799   val 6.3941   ppl 598.29
[train-mass] step   450/4000   train 6.0401   lr 4.95e-04   grad 1.24   m[mean 0.946 std 0.107]   gamma=0.991   elapsed 47s
[train-mass] step   500/4000   train 5.9747   lr 4.92e-04   grad 2.69   m[mean 0.935 std 0.130]   gamma=0.991   elapsed 52s
[train-mass] step   550/4000   train 5.9004   lr 4.90e-04   grad 2.09   m[mean 0.935 std 0.146]   gamma=0.991   elapsed 56s
[train-mass] step   600/4000   train 5.8403   lr 4.87e-04   grad 3.33   m[mean 0.931 std 0.158]   gamma=0.991   elapsed 61s
[train-mass] >>> eval @ 600: train 5.7923   val 6.1578   ppl 472.37
[train-mass] step   650/4000   train 5.7991   lr 4.83e-04   grad 1.94   m[mean 0.941 std 0.163]   gamma=0.991   elapsed 68s
[train-mass] step   700/4000   train 5.7217   lr 4.79e-04   grad 1.19   m[mean 0.932 std 0.180]   gamma=0.990   elapsed 73s
[train-mass] step   750/4000   train 5.6798   lr 4.75e-04   grad 3.30   m[mean 0.935 std 0.179]   gamma=0.989   elapsed 77s
[train-mass] step   800/4000   train 5.6696   lr 4.70e-04   grad 1.78   m[mean 0.930 std 0.195]   gamma=0.989   elapsed 82s
[train-mass] >>> eval @ 800: train 5.6390   val 6.0909   ppl 441.82
[train-mass] step   850/4000   train 5.5940   lr 4.65e-04   grad 0.99   m[mean 0.916 std 0.194]   gamma=0.988   elapsed 89s
[train-mass] step   900/4000   train 5.5442   lr 4.59e-04   grad 1.08   m[mean 0.919 std 0.196]   gamma=0.987   elapsed 94s
[train-mass] step   950/4000   train 5.5131   lr 4.54e-04   grad 2.65   m[mean 0.915 std 0.197]   gamma=0.986   elapsed 99s
[train-mass] step  1000/4000   train 5.5173   lr 4.47e-04   grad 2.48   m[mean 0.922 std 0.211]   gamma=0.986   elapsed 103s
[train-mass] >>> eval @ 1000: train 5.4935   val 6.0159   ppl 409.88
[train-mass] step  1050/4000   train 5.4779   lr 4.41e-04   grad 0.86   m[mean 0.921 std 0.209]   gamma=0.985   elapsed 110s
[train-mass] step  1100/4000   train 5.4404   lr 4.34e-04   grad 1.55   m[mean 0.921 std 0.211]   gamma=0.985   elapsed 115s
[train-mass] step  1150/4000   train 5.4089   lr 4.27e-04   grad 2.29   m[mean 0.914 std 0.213]   gamma=0.984   elapsed 120s
[train-mass] step  1200/4000   train 5.3801   lr 4.19e-04   grad 2.71   m[mean 0.922 std 0.206]   gamma=0.982   elapsed 125s
[train-mass] >>> eval @ 1200: train 5.3615   val 5.9421   ppl 380.74
[train-mass] step  1250/4000   train 5.3399   lr 4.12e-04   grad 2.40   m[mean 0.921 std 0.214]   gamma=0.982   elapsed 132s
[train-mass] step  1300/4000   train 5.3190   lr 4.04e-04   grad 1.88   m[mean 0.910 std 0.203]   gamma=0.981   elapsed 137s
[train-mass] step  1350/4000   train 5.2273   lr 3.95e-04   grad 2.44   m[mean 0.915 std 0.198]   gamma=0.979   elapsed 141s
[train-mass] step  1400/4000   train 5.2182   lr 3.87e-04   grad 2.99   m[mean 0.917 std 0.207]   gamma=0.978   elapsed 146s
[train-mass] >>> eval @ 1400: train 5.2158   val 5.8677   ppl 353.43
[train-mass] step  1450/4000   train 5.2527   lr 3.78e-04   grad 4.62   m[mean 0.914 std 0.190]   gamma=0.978   elapsed 153s
[train-mass] step  1500/4000   train 5.1876   lr 3.69e-04   grad 3.49   m[mean 0.909 std 0.194]   gamma=0.977   elapsed 158s
[train-mass] step  1550/4000   train 5.1386   lr 3.60e-04   grad 3.59   m[mean 0.900 std 0.189]   gamma=0.976   elapsed 162s
[train-mass] step  1600/4000   train 5.1555   lr 3.51e-04   grad 6.01   m[mean 0.915 std 0.202]   gamma=0.976   elapsed 167s
[train-mass] >>> eval @ 1600: train 5.1266   val 5.7995   ppl 330.13
[train-mass] step  1650/4000   train 5.1039   lr 3.41e-04   grad 4.59   m[mean 0.917 std 0.196]   gamma=0.975   elapsed 174s
[train-mass] step  1700/4000   train 5.1025   lr 3.31e-04   grad 5.81   m[mean 0.903 std 0.187]   gamma=0.975   elapsed 179s
[train-mass] step  1750/4000   train 5.0922   lr 3.22e-04   grad 6.02   m[mean 0.910 std 0.194]   gamma=0.974   elapsed 184s
[train-mass] step  1800/4000   train 5.0489   lr 3.12e-04   grad 6.10   m[mean 0.894 std 0.187]   gamma=0.974   elapsed 188s
[train-mass] >>> eval @ 1800: train 5.0888   val 5.7907   ppl 327.25
[train-mass] step  1850/4000   train 5.0281   lr 3.02e-04   grad 3.83   m[mean 0.888 std 0.196]   gamma=0.974   elapsed 195s
[train-mass] step  1900/4000   train 5.0671   lr 2.91e-04   grad 6.73   m[mean 0.911 std 0.200]   gamma=0.973   elapsed 200s
[train-mass] step  1950/4000   train 4.9866   lr 2.81e-04   grad 4.12   m[mean 0.904 std 0.201]   gamma=0.972   elapsed 205s
[train-mass] step  2000/4000   train 4.9482   lr 2.71e-04   grad 8.06   m[mean 0.904 std 0.199]   gamma=0.972   elapsed 209s
[train-mass] >>> eval @ 2000: train 4.9878   val 5.7392   ppl 310.83
[train-mass] step  2050/4000   train 5.0028   lr 2.61e-04   grad 6.40   m[mean 0.906 std 0.198]   gamma=0.972   elapsed 217s
[train-mass] step  2100/4000   train 4.9463   lr 2.50e-04   grad 6.87   m[mean 0.883 std 0.204]   gamma=0.971   elapsed 221s
[train-mass] step  2150/4000   train 4.9559   lr 2.40e-04   grad 8.40   m[mean 0.903 std 0.201]   gamma=0.970   elapsed 226s
[train-mass] step  2200/4000   train 4.9465   lr 2.30e-04   grad 8.68   m[mean 0.897 std 0.188]   gamma=0.970   elapsed 231s
[train-mass] >>> eval @ 2200: train 4.9491   val 5.7305   ppl 308.14
[train-mass] step  2250/4000   train 4.9309   lr 2.19e-04   grad 10.51   m[mean 0.912 std 0.195]   gamma=0.970   elapsed 238s
[train-mass] step  2300/4000   train 4.9265   lr 2.09e-04   grad 3.18   m[mean 0.900 std 0.198]   gamma=0.969   elapsed 242s
[train-mass] step  2350/4000   train 4.9078   lr 1.99e-04   grad 6.77   m[mean 0.886 std 0.205]   gamma=0.969   elapsed 247s
[train-mass] step  2400/4000   train 4.9059   lr 1.89e-04   grad 4.41   m[mean 0.893 std 0.193]   gamma=0.969   elapsed 252s
[train-mass] >>> eval @ 2400: train 4.9126   val 5.7646   ppl 318.80
[train-mass] step  2450/4000   train 4.9503   lr 1.79e-04   grad 7.44   m[mean 0.890 std 0.205]   gamma=0.968   elapsed 259s
[train-mass] step  2500/4000   train 4.8902   lr 1.69e-04   grad 6.08   m[mean 0.888 std 0.200]   gamma=0.968   elapsed 264s
[train-mass] step  2550/4000   train 4.8521   lr 1.59e-04   grad 4.50   m[mean 0.901 std 0.200]   gamma=0.967   elapsed 268s
[train-mass] step  2600/4000   train 4.8417   lr 1.50e-04   grad 4.77   m[mean 0.888 std 0.197]   gamma=0.967   elapsed 273s
[train-mass] >>> eval @ 2600: train 4.8453   val 5.6111   ppl 273.43
[train-mass] step  2650/4000   train 4.8695   lr 1.40e-04   grad 4.30   m[mean 0.898 std 0.204]   gamma=0.966   elapsed 280s
[train-mass] step  2700/4000   train 4.8217   lr 1.31e-04   grad 9.62   m[mean 0.891 std 0.202]   gamma=0.965   elapsed 285s
[train-mass] step  2750/4000   train 4.8212   lr 1.22e-04   grad 6.37   m[mean 0.890 std 0.197]   gamma=0.965   elapsed 290s
[train-mass] step  2800/4000   train 4.8471   lr 1.13e-04   grad 3.59   m[mean 0.892 std 0.203]   gamma=0.964   elapsed 294s
[train-mass] >>> eval @ 2800: train 4.8328   val 5.7272   ppl 307.11
[train-mass] step  2850/4000   train 4.7705   lr 1.05e-04   grad 10.47   m[mean 0.882 std 0.190]   gamma=0.964   elapsed 301s
[train-mass] step  2900/4000   train 4.8223   lr 9.66e-05   grad 6.22   m[mean 0.907 std 0.197]   gamma=0.964   elapsed 306s
[train-mass] step  2950/4000   train 4.7706   lr 8.86e-05   grad 4.50   m[mean 0.901 std 0.201]   gamma=0.963   elapsed 311s
[train-mass] step  3000/4000   train 4.8296   lr 8.08e-05   grad 6.50   m[mean 0.901 std 0.197]   gamma=0.963   elapsed 316s
[train-mass] >>> eval @ 3000: train 4.7965   val 5.6709   ppl 290.29
[train-mass] step  3050/4000   train 4.7992   lr 7.34e-05   grad 6.36   m[mean 0.890 std 0.207]   gamma=0.962   elapsed 323s
[train-mass] step  3100/4000   train 4.7630   lr 6.62e-05   grad 4.54   m[mean 0.891 std 0.210]   gamma=0.962   elapsed 327s
[train-mass] step  3150/4000   train 4.7597   lr 5.94e-05   grad 4.88   m[mean 0.878 std 0.212]   gamma=0.962   elapsed 332s
[train-mass] step  3200/4000   train 4.8035   lr 5.28e-05   grad 3.44   m[mean 0.887 std 0.198]   gamma=0.961   elapsed 337s
[train-mass] >>> eval @ 3200: train 4.7804   val 5.6131   ppl 274.00
[train-mass] step  3250/4000   train 4.7931   lr 4.67e-05   grad 4.02   m[mean 0.902 std 0.198]   gamma=0.961   elapsed 344s
[train-mass] step  3300/4000   train 4.7564   lr 4.08e-05   grad 3.58   m[mean 0.891 std 0.199]   gamma=0.961   elapsed 349s
[train-mass] step  3350/4000   train 4.7419   lr 3.53e-05   grad 4.59   m[mean 0.884 std 0.194]   gamma=0.960   elapsed 353s
[train-mass] step  3400/4000   train 4.7765   lr 3.02e-05   grad 4.53   m[mean 0.868 std 0.194]   gamma=0.960   elapsed 358s
[train-mass] >>> eval @ 3400: train 4.7954   val 5.6184   ppl 275.44
[train-mass] step  3450/4000   train 4.7417   lr 2.55e-05   grad 5.23   m[mean 0.879 std 0.204]   gamma=0.960   elapsed 365s
[train-mass] step  3500/4000   train 4.7343   lr 2.11e-05   grad 3.62   m[mean 0.895 std 0.195]   gamma=0.960   elapsed 370s
[train-mass] step  3550/4000   train 4.7634   lr 1.72e-05   grad 3.77   m[mean 0.883 std 0.200]   gamma=0.960   elapsed 375s
[train-mass] step  3600/4000   train 4.7359   lr 1.36e-05   grad 3.16   m[mean 0.883 std 0.206]   gamma=0.960   elapsed 379s
[train-mass] >>> eval @ 3600: train 4.7140   val 5.6355   ppl 280.19
[train-mass] step  3650/4000   train 4.7638   lr 1.05e-05   grad 4.73   m[mean 0.893 std 0.205]   gamma=0.960   elapsed 386s
[train-mass] step  3700/4000   train 4.7312   lr 7.70e-06   grad 3.46   m[mean 0.882 std 0.207]   gamma=0.960   elapsed 391s
[train-mass] step  3750/4000   train 4.7499   lr 5.36e-06   grad 4.13   m[mean 0.881 std 0.201]   gamma=0.959   elapsed 396s
[train-mass] step  3800/4000   train 4.7718   lr 3.44e-06   grad 4.39   m[mean 0.884 std 0.202]   gamma=0.959   elapsed 401s
[train-mass] >>> eval @ 3800: train 4.7326   val 5.6367   ppl 280.52
[train-mass] step  3850/4000   train 4.7312   lr 1.95e-06   grad 3.30   m[mean 0.886 std 0.201]   gamma=0.959   elapsed 408s
[train-mass] step  3900/4000   train 4.7246   lr 8.71e-07   grad 2.70   m[mean 0.889 std 0.199]   gamma=0.959   elapsed 412s
[train-mass] step  3950/4000   train 4.7681   lr 2.22e-07   grad 3.98   m[mean 0.876 std 0.212]   gamma=0.959   elapsed 417s
[train-mass] step  4000/4000   train 4.7391   lr 8.54e-11   grad 2.65   m[mean 0.873 std 0.211]   gamma=0.959   elapsed 422s
[train-mass] >>> eval @ 4000: train 4.7290   val 5.6766   ppl 291.95
[train-mass] done in 424s
[train-mass] saved checkpoint -> /content/semsimula/notebooks/conservative_arch/sarf_mass_variant/results/splm_sarfmass_embed_head_shakespeare_ckpt_latest.pt
[train-mass] saved loss curve -> /content/semsimula/notebooks/conservative_arch/sarf_mass_variant/results/splm_sarfmass_embed_head_shakespeare_loss_curve.png
[train-mass] saved summary -> /content/semsimula/notebooks/conservative_arch/sarf_mass_variant/results/splm_sarfmass_embed_head_shakespeare_summary.md
