[train-sarf] device=cuda  mode=shakespeare
[train-sarf] TF32 disabled (default) for SPLM autograd.grad numerical stability (CUDA matmuls in true fp32)
[train-sarf] tokens: train=321,124  val=16,901
[train-sarf] params: 7,123,075   d=128  L=8  v_hidden=512
[train-sarf] step    50/4000   train 10.8205   lr 1.25e-04   grad 0.19   m=0.999   gamma=0.998   elapsed 5s
[train-sarf] step   100/4000   train 9.3216   lr 2.50e-04   grad 21.97   m=0.993   gamma=0.992   elapsed 9s
[train-sarf] step   150/4000   train 6.4513   lr 3.75e-04   grad 0.73   m=0.994   gamma=0.993   elapsed 14s
[train-sarf] step   200/4000   train 6.4074   lr 5.00e-04   grad 0.81   m=0.995   gamma=0.994   elapsed 19s
[train-sarf] >>> eval @ 200: train 6.4051   val 6.6006   ppl 735.54
[train-sarf] step   250/4000   train 6.3770   lr 5.00e-04   grad 1.30   m=0.995   gamma=0.994   elapsed 26s
[train-sarf] step   300/4000   train 6.3480   lr 4.99e-04   grad 1.73   m=0.995   gamma=0.994   elapsed 30s
[train-sarf] step   350/4000   train 6.3391   lr 4.98e-04   grad 0.64   m=0.995   gamma=0.993   elapsed 35s
[train-sarf] step   400/4000   train 6.2592   lr 4.97e-04   grad 1.96   m=0.994   gamma=0.991   elapsed 40s
[train-sarf] >>> eval @ 400: train 6.2133   val 6.5146   ppl 674.90
[train-sarf] step   450/4000   train 6.1459   lr 4.95e-04   grad 1.78   m=0.994   gamma=0.990   elapsed 47s
[train-sarf] step   500/4000   train 6.0930   lr 4.92e-04   grad 1.54   m=0.993   gamma=0.989   elapsed 51s
[train-sarf] step   550/4000   train 5.9960   lr 4.90e-04   grad 1.26   m=0.992   gamma=0.988   elapsed 56s
[train-sarf] step   600/4000   train 5.9228   lr 4.87e-04   grad 1.74   m=0.991   gamma=0.986   elapsed 61s
[train-sarf] >>> eval @ 600: train 5.8893   val 6.2169   ppl 501.17
[train-sarf] step   650/4000   train 5.8874   lr 4.83e-04   grad 0.89   m=0.990   gamma=0.985   elapsed 68s
[train-sarf] step   700/4000   train 5.8285   lr 4.79e-04   grad 3.23   m=0.990   gamma=0.984   elapsed 72s
[train-sarf] step   750/4000   train 5.7690   lr 4.75e-04   grad 1.89   m=0.990   gamma=0.983   elapsed 77s
[train-sarf] step   800/4000   train 5.7725   lr 4.70e-04   grad 0.96   m=0.989   gamma=0.983   elapsed 82s
[train-sarf] >>> eval @ 800: train 5.7420   val 6.0632   ppl 429.77
[train-sarf] step   850/4000   train 5.7072   lr 4.65e-04   grad 1.28   m=0.989   gamma=0.981   elapsed 89s
[train-sarf] step   900/4000   train 5.6703   lr 4.59e-04   grad 1.74   m=0.988   gamma=0.980   elapsed 93s
[train-sarf] step   950/4000   train 5.6348   lr 4.54e-04   grad 2.27   m=0.987   gamma=0.979   elapsed 98s
[train-sarf] step  1000/4000   train 5.6246   lr 4.47e-04   grad 1.76   m=0.987   gamma=0.978   elapsed 103s
[train-sarf] >>> eval @ 1000: train 5.5913   val 5.9892   ppl 399.11
[train-sarf] step  1050/4000   train 5.5880   lr 4.41e-04   grad 1.74   m=0.986   gamma=0.977   elapsed 110s
[train-sarf] step  1100/4000   train 5.5565   lr 4.34e-04   grad 1.66   m=0.985   gamma=0.976   elapsed 114s
[train-sarf] step  1150/4000   train 5.5175   lr 4.27e-04   grad 1.83   m=0.984   gamma=0.975   elapsed 119s
[train-sarf] step  1200/4000   train 5.4846   lr 4.19e-04   grad 1.31   m=0.984   gamma=0.974   elapsed 124s
[train-sarf] >>> eval @ 1200: train 5.4570   val 5.9088   ppl 368.26
[train-sarf] step  1250/4000   train 5.4590   lr 4.12e-04   grad 1.60   m=0.983   gamma=0.973   elapsed 131s
[train-sarf] step  1300/4000   train 5.4331   lr 4.04e-04   grad 2.48   m=0.982   gamma=0.972   elapsed 136s
[train-sarf] step  1350/4000   train 5.3536   lr 3.95e-04   grad 2.93   m=0.981   gamma=0.970   elapsed 140s
[train-sarf] step  1400/4000   train 5.3503   lr 3.87e-04   grad 1.74   m=0.980   gamma=0.969   elapsed 145s
[train-sarf] >>> eval @ 1400: train 5.3363   val 5.8144   ppl 335.10
[train-sarf] step  1450/4000   train 5.3688   lr 3.78e-04   grad 3.57   m=0.980   gamma=0.968   elapsed 152s
[train-sarf] step  1500/4000   train 5.3227   lr 3.69e-04   grad 2.22   m=0.979   gamma=0.967   elapsed 157s
[train-sarf] step  1550/4000   train 5.2705   lr 3.60e-04   grad 2.67   m=0.978   gamma=0.966   elapsed 161s
[train-sarf] step  1600/4000   train 5.2949   lr 3.51e-04   grad 2.01   m=0.977   gamma=0.965   elapsed 166s
[train-sarf] >>> eval @ 1600: train 5.2682   val 5.7605   ppl 317.50
[train-sarf] step  1650/4000   train 5.2413   lr 3.41e-04   grad 5.57   m=0.976   gamma=0.964   elapsed 173s
[train-sarf] step  1700/4000   train 5.2372   lr 3.31e-04   grad 4.21   m=0.975   gamma=0.963   elapsed 178s
[train-sarf] step  1750/4000   train 5.2305   lr 3.22e-04   grad 4.83   m=0.975   gamma=0.962   elapsed 183s
[train-sarf] step  1800/4000   train 5.1904   lr 3.12e-04   grad 3.06   m=0.974   gamma=0.960   elapsed 187s
[train-sarf] >>> eval @ 1800: train 5.2308   val 5.6627   ppl 287.92
[train-sarf] step  1850/4000   train 5.1659   lr 3.02e-04   grad 5.11   m=0.973   gamma=0.959   elapsed 194s
[train-sarf] step  1900/4000   train 5.1861   lr 2.91e-04   grad 4.62   m=0.973   gamma=0.959   elapsed 199s
[train-sarf] step  1950/4000   train 5.1274   lr 2.81e-04   grad 6.35   m=0.972   gamma=0.958   elapsed 204s
[train-sarf] step  2000/4000   train 5.0867   lr 2.71e-04   grad 4.54   m=0.971   gamma=0.957   elapsed 208s
[train-sarf] >>> eval @ 2000: train 5.1010   val 5.6114   ppl 273.52
[train-sarf] step  2050/4000   train 5.1345   lr 2.61e-04   grad 2.48   m=0.971   gamma=0.956   elapsed 216s
[train-sarf] step  2100/4000   train 5.1038   lr 2.50e-04   grad 3.37   m=0.970   gamma=0.955   elapsed 220s
[train-sarf] step  2150/4000   train 5.0910   lr 2.40e-04   grad 5.96   m=0.970   gamma=0.955   elapsed 225s
[train-sarf] step  2200/4000   train 5.0693   lr 2.30e-04   grad 2.74   m=0.969   gamma=0.954   elapsed 230s
[train-sarf] >>> eval @ 2200: train 5.0590   val 5.6067   ppl 272.25
[train-sarf] step  2250/4000   train 5.0625   lr 2.19e-04   grad 3.71   m=0.969   gamma=0.953   elapsed 237s
[train-sarf] step  2300/4000   train 5.0553   lr 2.09e-04   grad 3.44   m=0.968   gamma=0.953   elapsed 241s
[train-sarf] step  2350/4000   train 5.0332   lr 1.99e-04   grad 3.40   m=0.968   gamma=0.952   elapsed 246s
[train-sarf] step  2400/4000   train 5.0183   lr 1.89e-04   grad 4.11   m=0.967   gamma=0.951   elapsed 251s
[train-sarf] >>> eval @ 2400: train 5.0176   val 5.6483   ppl 283.80
[train-sarf] step  2450/4000   train 5.0604   lr 1.79e-04   grad 3.57   m=0.967   gamma=0.951   elapsed 258s
[train-sarf] step  2500/4000   train 5.0100   lr 1.69e-04   grad 5.04   m=0.966   gamma=0.950   elapsed 263s
[train-sarf] step  2550/4000   train 4.9624   lr 1.59e-04   grad 2.85   m=0.966   gamma=0.949   elapsed 267s
[train-sarf] step  2600/4000   train 4.9630   lr 1.50e-04   grad 6.24   m=0.965   gamma=0.948   elapsed 272s
[train-sarf] >>> eval @ 2600: train 4.9574   val 5.5219   ppl 250.11
[train-sarf] step  2650/4000   train 4.9789   lr 1.40e-04   grad 3.43   m=0.965   gamma=0.947   elapsed 279s
[train-sarf] step  2700/4000   train 4.9374   lr 1.31e-04   grad 4.36   m=0.964   gamma=0.945   elapsed 284s
[train-sarf] step  2750/4000   train 4.9418   lr 1.22e-04   grad 3.64   m=0.963   gamma=0.945   elapsed 288s
[train-sarf] step  2800/4000   train 4.9614   lr 1.13e-04   grad 2.95   m=0.963   gamma=0.944   elapsed 293s
[train-sarf] >>> eval @ 2800: train 4.9503   val 5.6123   ppl 273.78
[train-sarf] step  2850/4000   train 4.8843   lr 1.05e-04   grad 3.60   m=0.962   gamma=0.943   elapsed 300s
[train-sarf] step  2900/4000   train 4.9231   lr 9.66e-05   grad 4.76   m=0.962   gamma=0.942   elapsed 305s
[train-sarf] step  2950/4000   train 4.8765   lr 8.86e-05   grad 4.53   m=0.961   gamma=0.941   elapsed 310s
[train-sarf] step  3000/4000   train 4.9426   lr 8.08e-05   grad 6.16   m=0.961   gamma=0.941   elapsed 314s
[train-sarf] >>> eval @ 3000: train 4.8958   val 5.5643   ppl 260.95
[train-sarf] step  3050/4000   train 4.9180   lr 7.34e-05   grad 3.18   m=0.961   gamma=0.940   elapsed 321s
[train-sarf] step  3100/4000   train 4.8701   lr 6.62e-05   grad 4.88   m=0.960   gamma=0.940   elapsed 326s
[train-sarf] step  3150/4000   train 4.8703   lr 5.94e-05   grad 3.04   m=0.960   gamma=0.939   elapsed 331s
[train-sarf] step  3200/4000   train 4.9038   lr 5.28e-05   grad 2.89   m=0.960   gamma=0.939   elapsed 335s
[train-sarf] >>> eval @ 3200: train 4.8749   val 5.4996   ppl 244.60
[train-sarf] step  3250/4000   train 4.8931   lr 4.67e-05   grad 3.44   m=0.959   gamma=0.938   elapsed 342s
[train-sarf] step  3300/4000   train 4.8655   lr 4.08e-05   grad 2.87   m=0.959   gamma=0.938   elapsed 347s
[train-sarf] step  3350/4000   train 4.8424   lr 3.53e-05   grad 4.08   m=0.959   gamma=0.938   elapsed 352s
[train-sarf] step  3400/4000   train 4.8902   lr 3.02e-05   grad 2.99   m=0.959   gamma=0.937   elapsed 356s
[train-sarf] >>> eval @ 3400: train 4.8842   val 5.5028   ppl 245.39
[train-sarf] step  3450/4000   train 4.8433   lr 2.55e-05   grad 3.75   m=0.958   gamma=0.937   elapsed 364s
[train-sarf] step  3500/4000   train 4.8259   lr 2.11e-05   grad 3.16   m=0.958   gamma=0.937   elapsed 368s
[train-sarf] step  3550/4000   train 4.8722   lr 1.72e-05   grad 3.51   m=0.958   gamma=0.937   elapsed 373s
[train-sarf] step  3600/4000   train 4.8329   lr 1.36e-05   grad 4.12   m=0.958   gamma=0.936   elapsed 378s
[train-sarf] >>> eval @ 3600: train 4.8128   val 5.5390   ppl 254.43
[train-sarf] step  3650/4000   train 4.8580   lr 1.05e-05   grad 4.93   m=0.958   gamma=0.936   elapsed 385s
[train-sarf] step  3700/4000   train 4.8338   lr 7.70e-06   grad 2.79   m=0.958   gamma=0.936   elapsed 389s
[train-sarf] step  3750/4000   train 4.8514   lr 5.36e-06   grad 3.24   m=0.958   gamma=0.936   elapsed 394s
[train-sarf] step  3800/4000   train 4.8703   lr 3.44e-06   grad 3.51   m=0.958   gamma=0.936   elapsed 399s
[train-sarf] >>> eval @ 3800: train 4.8355   val 5.5260   ppl 251.14
[train-sarf] step  3850/4000   train 4.8278   lr 1.95e-06   grad 3.80   m=0.958   gamma=0.936   elapsed 406s
[train-sarf] step  3900/4000   train 4.8272   lr 8.71e-07   grad 3.45   m=0.958   gamma=0.936   elapsed 411s
[train-sarf] step  3950/4000   train 4.8686   lr 2.22e-07   grad 2.61   m=0.958   gamma=0.936   elapsed 415s
[train-sarf] step  4000/4000   train 4.8340   lr 8.54e-11   grad 3.44   m=0.958   gamma=0.936   elapsed 420s
[train-sarf] >>> eval @ 4000: train 4.8254   val 5.5420   ppl 255.18
[train-sarf] done in 422s
[train-sarf] saved checkpoint -> /content/semsimula/notebooks/conservative_arch/sarf_variant/results/splm_sarf_shakespeare_ckpt_latest.pt
[train-sarf] saved loss curve -> /content/semsimula/notebooks/conservative_arch/sarf_variant/results/splm_sarf_shakespeare_loss_curve.png
[train-sarf] saved summary -> /content/semsimula/notebooks/conservative_arch/sarf_variant/results/splm_sarf_shakespeare_summary.md
