[train-matched] device=cuda  mode=shakespeare
[train-matched] TF32 disabled (default) to match the SPLM-cell numerical regime (CUDA matmuls in true fp32)
[train-matched] tokens: train=321,124  val=16,901
[train-matched] params: 8,052,096   d=128  n_layer=8  n_head=4
[train-matched] step    50/4000   train 10.4272   lr 1.25e-04   grad 1.71   elapsed 3s
[train-matched] step   100/4000   train 9.2444   lr 2.50e-04   grad 1.76   elapsed 5s
[train-matched] step   150/4000   train 7.4462   lr 3.75e-04   grad 1.50   elapsed 8s
[train-matched] step   200/4000   train 6.2527   lr 5.00e-04   grad 1.05   elapsed 10s
[train-matched] >>> eval @ 200: train 5.9565   val 6.1271   ppl 458.09
[train-matched] step   250/4000   train 5.7713   lr 5.00e-04   grad 1.29   elapsed 14s
[train-matched] step   300/4000   train 5.4375   lr 4.99e-04   grad 1.05   elapsed 17s
[train-matched] step   350/4000   train 5.1937   lr 4.98e-04   grad 1.25   elapsed 20s
[train-matched] step   400/4000   train 5.0667   lr 4.97e-04   grad 1.18   elapsed 22s
[train-matched] >>> eval @ 400: train 4.9568   val 5.4010   ppl 221.62
[train-matched] step   450/4000   train 4.9027   lr 4.95e-04   grad 1.15   elapsed 26s
[train-matched] step   500/4000   train 4.8029   lr 4.92e-04   grad 1.04   elapsed 29s
[train-matched] step   550/4000   train 4.7003   lr 4.90e-04   grad 1.07   elapsed 32s
[train-matched] step   600/4000   train 4.6226   lr 4.87e-04   grad 1.43   elapsed 34s
[train-matched] >>> eval @ 600: train 4.5984   val 5.1963   ppl 180.60
[train-matched] step   650/4000   train 4.5784   lr 4.83e-04   grad 1.91   elapsed 38s
[train-matched] step   700/4000   train 4.5234   lr 4.79e-04   grad 2.04   elapsed 41s
[train-matched] step   750/4000   train 4.4208   lr 4.75e-04   grad 1.42   elapsed 44s
[train-matched] step   800/4000   train 4.4407   lr 4.70e-04   grad 1.62   elapsed 46s
[train-matched] >>> eval @ 800: train 4.3872   val 5.1086   ppl 165.44
[train-matched] step   850/4000   train 4.3842   lr 4.65e-04   grad 1.52   elapsed 50s
[train-matched] step   900/4000   train 4.3440   lr 4.59e-04   grad 1.50   elapsed 53s
[train-matched] step   950/4000   train 4.3143   lr 4.54e-04   grad 1.22   elapsed 55s
[train-matched] step  1000/4000   train 4.2375   lr 4.47e-04   grad 1.40   elapsed 58s
[train-matched] >>> eval @ 1000: train 4.2528   val 5.0696   ppl 159.12
[train-matched] step  1050/4000   train 4.2422   lr 4.41e-04   grad 1.25   elapsed 62s
[train-matched] step  1100/4000   train 4.1563   lr 4.34e-04   grad 1.28   elapsed 65s
[train-matched] step  1150/4000   train 4.1320   lr 4.27e-04   grad 1.64   elapsed 67s
[train-matched] step  1200/4000   train 4.1643   lr 4.19e-04   grad 1.36   elapsed 70s
[train-matched] >>> eval @ 1200: train 4.1112   val 5.0474   ppl 155.62
[train-matched] step  1250/4000   train 4.1058   lr 4.12e-04   grad 1.47   elapsed 74s
[train-matched] step  1300/4000   train 4.0751   lr 4.04e-04   grad 1.64   elapsed 76s
[train-matched] step  1350/4000   train 4.0327   lr 3.95e-04   grad 1.33   elapsed 79s
[train-matched] step  1400/4000   train 4.0458   lr 3.87e-04   grad 1.54   elapsed 81s
[train-matched] >>> eval @ 1400: train 4.0638   val 5.0193   ppl 151.30
[train-matched] step  1450/4000   train 3.9942   lr 3.78e-04   grad 1.35   elapsed 86s
[train-matched] step  1500/4000   train 3.9848   lr 3.69e-04   grad 1.28   elapsed 88s
[train-matched] step  1550/4000   train 3.9637   lr 3.60e-04   grad 1.23   elapsed 91s
[train-matched] step  1600/4000   train 3.9437   lr 3.51e-04   grad 1.29   elapsed 93s
[train-matched] >>> eval @ 1600: train 3.9102   val 4.9538   ppl 141.71
[train-matched] step  1650/4000   train 3.9128   lr 3.41e-04   grad 1.52   elapsed 97s
[train-matched] step  1700/4000   train 3.8871   lr 3.31e-04   grad 1.52   elapsed 100s
[train-matched] step  1750/4000   train 3.8643   lr 3.22e-04   grad 1.31   elapsed 103s
[train-matched] step  1800/4000   train 3.8516   lr 3.12e-04   grad 1.45   elapsed 105s
[train-matched] >>> eval @ 1800: train 3.8405   val 4.9314   ppl 138.58
[train-matched] step  1850/4000   train 3.8894   lr 3.02e-04   grad 1.48   elapsed 109s
[train-matched] step  1900/4000   train 3.7957   lr 2.91e-04   grad 1.73   elapsed 112s
[train-matched] step  1950/4000   train 3.7971   lr 2.81e-04   grad 1.46   elapsed 114s
[train-matched] step  2000/4000   train 3.8138   lr 2.71e-04   grad 1.40   elapsed 117s
[train-matched] >>> eval @ 2000: train 3.7787   val 4.9611   ppl 142.75
[train-matched] step  2050/4000   train 3.8003   lr 2.61e-04   grad 1.57   elapsed 121s
[train-matched] step  2100/4000   train 3.7678   lr 2.50e-04   grad 1.41   elapsed 124s
[train-matched] step  2150/4000   train 3.7552   lr 2.40e-04   grad 1.48   elapsed 126s
[train-matched] step  2200/4000   train 3.7367   lr 2.30e-04   grad 2.00   elapsed 129s
[train-matched] >>> eval @ 2200: train 3.7355   val 4.8778   ppl 131.35
[train-matched] step  2250/4000   train 3.7227   lr 2.19e-04   grad 1.58   elapsed 133s
[train-matched] step  2300/4000   train 3.7036   lr 2.09e-04   grad 1.39   elapsed 135s
[train-matched] step  2350/4000   train 3.6671   lr 1.99e-04   grad 1.61   elapsed 138s
[train-matched] step  2400/4000   train 3.7168   lr 1.89e-04   grad 2.19   elapsed 141s
[train-matched] >>> eval @ 2400: train 3.7118   val 4.9772   ppl 145.07
[train-matched] step  2450/4000   train 3.6815   lr 1.79e-04   grad 1.46   elapsed 145s
[train-matched] step  2500/4000   train 3.6695   lr 1.69e-04   grad 1.50   elapsed 147s
[train-matched] step  2550/4000   train 3.6585   lr 1.59e-04   grad 1.54   elapsed 150s
[train-matched] step  2600/4000   train 3.6646   lr 1.50e-04   grad 1.53   elapsed 152s
[train-matched] >>> eval @ 2600: train 3.6640   val 4.9249   ppl 137.67
[train-matched] step  2650/4000   train 3.6137   lr 1.40e-04   grad 1.81   elapsed 156s
[train-matched] step  2700/4000   train 3.6221   lr 1.31e-04   grad 1.65   elapsed 159s
[train-matched] step  2750/4000   train 3.6073   lr 1.22e-04   grad 1.72   elapsed 162s
[train-matched] step  2800/4000   train 3.6171   lr 1.13e-04   grad 1.54   elapsed 164s
[train-matched] >>> eval @ 2800: train 3.6240   val 4.9158   ppl 136.44
[train-matched] step  2850/4000   train 3.6001   lr 1.05e-04   grad 1.85   elapsed 168s
[train-matched] step  2900/4000   train 3.6114   lr 9.66e-05   grad 1.66   elapsed 171s
[train-matched] step  2950/4000   train 3.5597   lr 8.86e-05   grad 1.69   elapsed 173s
[train-matched] step  3000/4000   train 3.5838   lr 8.08e-05   grad 1.58   elapsed 176s
[train-matched] >>> eval @ 3000: train 3.5748   val 4.9838   ppl 146.03
[train-matched] step  3050/4000   train 3.5804   lr 7.34e-05   grad 1.76   elapsed 180s
[train-matched] step  3100/4000   train 3.5704   lr 6.62e-05   grad 1.65   elapsed 183s
[train-matched] step  3150/4000   train 3.5675   lr 5.94e-05   grad 1.63   elapsed 185s
[train-matched] step  3200/4000   train 3.5867   lr 5.28e-05   grad 1.81   elapsed 188s
[train-matched] >>> eval @ 3200: train 3.5695   val 4.9682   ppl 143.77
[train-matched] step  3250/4000   train 3.5433   lr 4.67e-05   grad 1.77   elapsed 192s
[train-matched] step  3300/4000   train 3.5743   lr 4.08e-05   grad 1.76   elapsed 194s
[train-matched] step  3350/4000   train 3.5486   lr 3.53e-05   grad 1.67   elapsed 197s
[train-matched] step  3400/4000   train 3.5288   lr 3.02e-05   grad 1.81   elapsed 200s
[train-matched] >>> eval @ 3400: train 3.5194   val 4.9213   ppl 137.18
[train-matched] step  3450/4000   train 3.5317   lr 2.55e-05   grad 1.61   elapsed 204s
[train-matched] step  3500/4000   train 3.5591   lr 2.11e-05   grad 1.67   elapsed 206s
[train-matched] step  3550/4000   train 3.5335   lr 1.72e-05   grad 1.59   elapsed 209s
[train-matched] step  3600/4000   train 3.5228   lr 1.36e-05   grad 1.60   elapsed 212s
[train-matched] >>> eval @ 3600: train 3.5319   val 4.9385   ppl 139.57
[train-matched] step  3650/4000   train 3.5212   lr 1.05e-05   grad 1.80   elapsed 216s
[train-matched] step  3700/4000   train 3.5297   lr 7.70e-06   grad 1.81   elapsed 218s
[train-matched] step  3750/4000   train 3.5182   lr 5.36e-06   grad 1.63   elapsed 221s
[train-matched] step  3800/4000   train 3.5163   lr 3.44e-06   grad 1.61   elapsed 223s
[train-matched] >>> eval @ 3800: train 3.5295   val 4.9588   ppl 142.43
[train-matched] step  3850/4000   train 3.5126   lr 1.95e-06   grad 1.54   elapsed 227s
[train-matched] step  3900/4000   train 3.5579   lr 8.71e-07   grad 1.85   elapsed 230s
[train-matched] step  3950/4000   train 3.5291   lr 2.22e-07   grad 1.66   elapsed 233s
[train-matched] step  4000/4000   train 3.5253   lr 8.54e-11   grad 1.65   elapsed 235s
[train-matched] >>> eval @ 4000: train 3.5586   val 4.9853   ppl 146.25
[train-matched] done in 237s
[train-matched] saved checkpoint -> /content/semsimula/notebooks/conservative_arch/results/matched_shakespeare_ckpt_latest.pt
[train-matched] saved loss curve -> /content/semsimula/notebooks/conservative_arch/results/matched_shakespeare_loss_curve.png
[train-matched] saved summary -> /content/semsimula/notebooks/conservative_arch/results/matched_shakespeare_summary.md
