[train-mass] TF32 disabled (default) for SPLM autograd.grad numerical stability (CUDA matmuls in true fp32)
[train-mass] device=cuda  mode=shakespeare  mass_mode=logfreq  fixed_gamma=None  results_dir=/content/semsimula/notebooks/conservative_arch/sarf_mass_variant/results
[train-mass] tokens: train=321,124  val=16,901
[train-mass] params: 7,123,076   d=128  L=8  v_hidden=512
[train-mass] init mass: mean=1.463  std=0.205  min=1.151  max=1.915
[train-mass] step    50/4000   train 10.8209   lr 1.25e-04   grad 0.14   m[mean 1.446 std 0.201]   gamma=0.998   elapsed 5s
[train-mass] step   100/4000   train 9.4765   lr 2.50e-04   grad 18.82   m[mean 1.437 std 0.198]   gamma=0.992   elapsed 9s
[train-mass] step   150/4000   train 6.5234   lr 3.75e-04   grad 0.65   m[mean 1.453 std 0.205]   gamma=0.993   elapsed 14s
[train-mass] step   200/4000   train 6.3699   lr 5.00e-04   grad 0.54   m[mean 1.452 std 0.208]   gamma=0.992   elapsed 19s
[train-mass] >>> eval @ 200: train 6.3516   val 6.5485   ppl 698.20
[train-mass] step   250/4000   train 6.3171   lr 5.00e-04   grad 0.81   m[mean 1.450 std 0.208]   gamma=0.988   elapsed 26s
[train-mass] step   300/4000   train 6.2095   lr 4.99e-04   grad 3.41   m[mean 1.460 std 0.218]   gamma=0.984   elapsed 30s
[train-mass] step   350/4000   train 6.1249   lr 4.98e-04   grad 0.86   m[mean 1.458 std 0.210]   gamma=0.981   elapsed 35s
[train-mass] step   400/4000   train 6.1096   lr 4.97e-04   grad 0.91   m[mean 1.448 std 0.209]   gamma=0.979   elapsed 40s
[train-mass] >>> eval @ 400: train 6.0569   val 6.3451   ppl 569.71
[train-mass] step   450/4000   train 6.0389   lr 4.95e-04   grad 1.89   m[mean 1.449 std 0.213]   gamma=0.976   elapsed 47s
[train-mass] step   500/4000   train 5.9932   lr 4.92e-04   grad 1.15   m[mean 1.444 std 0.208]   gamma=0.975   elapsed 51s
[train-mass] step   550/4000   train 5.9430   lr 4.90e-04   grad 1.54   m[mean 1.443 std 0.205]   gamma=0.973   elapsed 56s
[train-mass] step   600/4000   train 5.8623   lr 4.87e-04   grad 2.14   m[mean 1.446 std 0.215]   gamma=0.972   elapsed 61s
[train-mass] >>> eval @ 600: train 5.8074   val 6.1174   ppl 453.67
[train-mass] step   650/4000   train 5.8070   lr 4.83e-04   grad 1.36   m[mean 1.438 std 0.210]   gamma=0.971   elapsed 68s
[train-mass] step   700/4000   train 5.7477   lr 4.79e-04   grad 1.72   m[mean 1.437 std 0.207]   gamma=0.969   elapsed 72s
[train-mass] step   750/4000   train 5.6727   lr 4.75e-04   grad 1.64   m[mean 1.429 std 0.213]   gamma=0.966   elapsed 77s
[train-mass] step   800/4000   train 5.6918   lr 4.70e-04   grad 3.07   m[mean 1.441 std 0.218]   gamma=0.964   elapsed 82s
[train-mass] >>> eval @ 800: train 5.6379   val 6.0250   ppl 413.65
[train-mass] step   850/4000   train 5.6402   lr 4.65e-04   grad 2.21   m[mean 1.434 std 0.207]   gamma=0.962   elapsed 89s
[train-mass] step   900/4000   train 5.5903   lr 4.59e-04   grad 1.68   m[mean 1.426 std 0.214]   gamma=0.960   elapsed 93s
[train-mass] step   950/4000   train 5.5647   lr 4.54e-04   grad 1.76   m[mean 1.428 std 0.210]   gamma=0.958   elapsed 98s
[train-mass] step  1000/4000   train 5.4917   lr 4.47e-04   grad 1.50   m[mean 1.412 std 0.198]   gamma=0.956   elapsed 103s
[train-mass] >>> eval @ 1000: train 5.5013   val 5.9668   ppl 390.25
[train-mass] step  1050/4000   train 5.4815   lr 4.41e-04   grad 2.67   m[mean 1.420 std 0.210]   gamma=0.953   elapsed 110s
[train-mass] step  1100/4000   train 5.4226   lr 4.34e-04   grad 2.22   m[mean 1.409 std 0.205]   gamma=0.951   elapsed 115s
[train-mass] step  1150/4000   train 5.3803   lr 4.27e-04   grad 5.36   m[mean 1.423 std 0.210]   gamma=0.949   elapsed 119s
[train-mass] step  1200/4000   train 5.4077   lr 4.19e-04   grad 1.64   m[mean 1.418 std 0.204]   gamma=0.947   elapsed 124s
[train-mass] >>> eval @ 1200: train 5.3537   val 5.8977   ppl 364.20
[train-mass] step  1250/4000   train 5.3315   lr 4.12e-04   grad 7.78   m[mean 1.401 std 0.204]   gamma=0.944   elapsed 131s
[train-mass] step  1300/4000   train 5.3169   lr 4.04e-04   grad 2.07   m[mean 1.410 std 0.207]   gamma=0.942   elapsed 136s
[train-mass] step  1350/4000   train 5.2673   lr 3.95e-04   grad 5.40   m[mean 1.403 std 0.204]   gamma=0.941   elapsed 140s
[train-mass] step  1400/4000   train 5.2876   lr 3.87e-04   grad 3.94   m[mean 1.405 std 0.204]   gamma=0.940   elapsed 145s
[train-mass] >>> eval @ 1400: train 5.3352   val 5.8292   ppl 340.10
[train-mass] step  1450/4000   train 5.2267   lr 3.78e-04   grad 6.01   m[mean 1.397 std 0.208]   gamma=0.938   elapsed 152s
[train-mass] step  1500/4000   train 5.2292   lr 3.69e-04   grad 6.94   m[mean 1.405 std 0.209]   gamma=0.937   elapsed 157s
[train-mass] step  1550/4000   train 5.2239   lr 3.60e-04   grad 5.37   m[mean 1.395 std 0.206]   gamma=0.936   elapsed 161s
[train-mass] step  1600/4000   train 5.2281   lr 3.51e-04   grad 18.15   m[mean 1.404 std 0.210]   gamma=0.935   elapsed 166s
[train-mass] >>> eval @ 1600: train 5.2563   val 5.8017   ppl 330.86
[train-mass] step  1650/4000   train 5.1887   lr 3.41e-04   grad 6.44   m[mean 1.402 std 0.207]   gamma=0.934   elapsed 173s
[train-mass] step  1700/4000   train 5.1685   lr 3.31e-04   grad 5.44   m[mean 1.393 std 0.202]   gamma=0.933   elapsed 178s
[train-mass] step  1750/4000   train 5.1421   lr 3.22e-04   grad 3.01   m[mean 1.397 std 0.204]   gamma=0.932   elapsed 182s
[train-mass] step  1800/4000   train 5.1222   lr 3.12e-04   grad 3.45   m[mean 1.394 std 0.205]   gamma=0.931   elapsed 187s
[train-mass] >>> eval @ 1800: train 5.1380   val 5.6937   ppl 296.99
[train-mass] step  1850/4000   train 5.1556   lr 3.02e-04   grad 3.80   m[mean 1.389 std 0.204]   gamma=0.930   elapsed 194s
[train-mass] step  1900/4000   train 5.0796   lr 2.91e-04   grad 4.16   m[mean 1.389 std 0.202]   gamma=0.929   elapsed 199s
[train-mass] step  1950/4000   train 5.1217   lr 2.81e-04   grad 5.84   m[mean 1.394 std 0.210]   gamma=0.928   elapsed 203s
[train-mass] step  2000/4000   train 5.1207   lr 2.71e-04   grad 5.12   m[mean 1.399 std 0.208]   gamma=0.927   elapsed 208s
[train-mass] >>> eval @ 2000: train 5.0613   val 5.6778   ppl 292.30
[train-mass] step  2050/4000   train 5.1113   lr 2.61e-04   grad 6.09   m[mean 1.393 std 0.204]   gamma=0.925   elapsed 215s
[train-mass] step  2100/4000   train 5.0603   lr 2.50e-04   grad 4.69   m[mean 1.382 std 0.201]   gamma=0.925   elapsed 220s
[train-mass] step  2150/4000   train 5.1141   lr 2.40e-04   grad 7.13   m[mean 1.395 std 0.210]   gamma=0.924   elapsed 225s
[train-mass] step  2200/4000   train 5.2165   lr 2.30e-04   grad 5.20   m[mean 1.397 std 0.210]   gamma=0.925   elapsed 229s
[train-mass] >>> eval @ 2200: train 5.1862   val 5.7889   ppl 326.65
[train-mass] step  2250/4000   train 5.1725   lr 2.19e-04   grad 6.98   m[mean 1.384 std 0.204]   gamma=0.926   elapsed 236s
[train-mass] step  2300/4000   train 5.1024   lr 2.09e-04   grad 4.63   m[mean 1.388 std 0.203]   gamma=0.925   elapsed 241s
[train-mass] step  2350/4000   train 5.0187   lr 1.99e-04   grad 2.29   m[mean 1.386 std 0.201]   gamma=0.923   elapsed 246s
[train-mass] step  2400/4000   train 5.0539   lr 1.89e-04   grad 4.95   m[mean 1.400 std 0.206]   gamma=0.922   elapsed 250s
[train-mass] >>> eval @ 2400: train 5.0216   val 5.6325   ppl 279.37
[train-mass] step  2450/4000   train 5.0036   lr 1.79e-04   grad 4.41   m[mean 1.393 std 0.207]   gamma=0.921   elapsed 257s
[train-mass] step  2500/4000   train 5.0094   lr 1.69e-04   grad 5.30   m[mean 1.412 std 0.214]   gamma=0.920   elapsed 262s
[train-mass] step  2550/4000   train 4.9580   lr 1.59e-04   grad 5.06   m[mean 1.381 std 0.197]   gamma=0.919   elapsed 267s
[train-mass] step  2600/4000   train 5.0054   lr 1.50e-04   grad 3.11   m[mean 1.390 std 0.205]   gamma=0.918   elapsed 272s
[train-mass] >>> eval @ 2600: train 4.9635   val 5.5999   ppl 270.41
[train-mass] step  2650/4000   train 4.9440   lr 1.40e-04   grad 9.34   m[mean 1.389 std 0.207]   gamma=0.917   elapsed 279s
[train-mass] step  2700/4000   train 4.9405   lr 1.31e-04   grad 4.17   m[mean 1.381 std 0.203]   gamma=0.917   elapsed 283s
[train-mass] step  2750/4000   train 4.9308   lr 1.22e-04   grad 5.58   m[mean 1.385 std 0.207]   gamma=0.916   elapsed 288s
[train-mass] step  2800/4000   train 4.9508   lr 1.13e-04   grad 5.19   m[mean 1.388 std 0.207]   gamma=0.915   elapsed 293s
[train-mass] >>> eval @ 2800: train 4.9514   val 5.5849   ppl 266.38
[train-mass] step  2850/4000   train 4.9319   lr 1.05e-04   grad 6.57   m[mean 1.379 std 0.205]   gamma=0.914   elapsed 300s
[train-mass] step  2900/4000   train 4.9497   lr 9.66e-05   grad 4.85   m[mean 1.388 std 0.203]   gamma=0.914   elapsed 304s
[train-mass] step  2950/4000   train 4.8980   lr 8.86e-05   grad 4.53   m[mean 1.378 std 0.197]   gamma=0.913   elapsed 309s
[train-mass] step  3000/4000   train 4.9340   lr 8.08e-05   grad 4.99   m[mean 1.389 std 0.206]   gamma=0.913   elapsed 314s
[train-mass] >>> eval @ 3000: train 4.9268   val 5.6334   ppl 279.61
[train-mass] step  3050/4000   train 4.9174   lr 7.34e-05   grad 3.68   m[mean 1.378 std 0.203]   gamma=0.912   elapsed 321s
[train-mass] step  3100/4000   train 4.9076   lr 6.62e-05   grad 3.88   m[mean 1.379 std 0.199]   gamma=0.912   elapsed 326s
[train-mass] step  3150/4000   train 4.8992   lr 5.94e-05   grad 3.13   m[mean 1.387 std 0.204]   gamma=0.911   elapsed 330s
[train-mass] step  3200/4000   train 4.9055   lr 5.28e-05   grad 5.39   m[mean 1.369 std 0.199]   gamma=0.911   elapsed 335s
[train-mass] >>> eval @ 3200: train 4.9047   val 5.6350   ppl 280.06
[train-mass] step  3250/4000   train 4.8997   lr 4.67e-05   grad 3.82   m[mean 1.380 std 0.202]   gamma=0.911   elapsed 342s
[train-mass] step  3300/4000   train 4.8943   lr 4.08e-05   grad 3.78   m[mean 1.378 std 0.200]   gamma=0.910   elapsed 347s
[train-mass] step  3350/4000   train 4.8829   lr 3.53e-05   grad 3.56   m[mean 1.387 std 0.206]   gamma=0.910   elapsed 351s
[train-mass] step  3400/4000   train 4.8523   lr 3.02e-05   grad 2.02   m[mean 1.386 std 0.203]   gamma=0.909   elapsed 356s
[train-mass] >>> eval @ 3400: train 4.8444   val 5.5349   ppl 253.38
[train-mass] step  3450/4000   train 4.8538   lr 2.55e-05   grad 3.14   m[mean 1.384 std 0.207]   gamma=0.909   elapsed 363s
[train-mass] step  3500/4000   train 4.8797   lr 2.11e-05   grad 3.38   m[mean 1.376 std 0.201]   gamma=0.908   elapsed 368s
[train-mass] step  3550/4000   train 4.8485   lr 1.72e-05   grad 3.87   m[mean 1.376 std 0.200]   gamma=0.908   elapsed 373s
[train-mass] step  3600/4000   train 4.8594   lr 1.36e-05   grad 2.70   m[mean 1.377 std 0.201]   gamma=0.908   elapsed 377s
[train-mass] >>> eval @ 3600: train 4.8583   val 5.5668   ppl 261.59
[train-mass] step  3650/4000   train 4.8344   lr 1.05e-05   grad 3.40   m[mean 1.373 std 0.200]   gamma=0.908   elapsed 384s
[train-mass] step  3700/4000   train 4.8756   lr 7.70e-06   grad 3.88   m[mean 1.375 std 0.203]   gamma=0.908   elapsed 389s
[train-mass] step  3750/4000   train 4.8386   lr 5.36e-06   grad 2.25   m[mean 1.380 std 0.201]   gamma=0.908   elapsed 394s
[train-mass] step  3800/4000   train 4.8336   lr 3.44e-06   grad 2.09   m[mean 1.377 std 0.200]   gamma=0.907   elapsed 398s
[train-mass] >>> eval @ 3800: train 4.8631   val 5.5800   ppl 265.08
[train-mass] step  3850/4000   train 4.8304   lr 1.95e-06   grad 2.26   m[mean 1.370 std 0.201]   gamma=0.907   elapsed 406s
[train-mass] step  3900/4000   train 4.8735   lr 8.71e-07   grad 2.30   m[mean 1.375 std 0.200]   gamma=0.907   elapsed 410s
[train-mass] step  3950/4000   train 4.8464   lr 2.22e-07   grad 3.03   m[mean 1.375 std 0.204]   gamma=0.907   elapsed 415s
[train-mass] step  4000/4000   train 4.8450   lr 8.54e-11   grad 3.60   m[mean 1.380 std 0.202]   gamma=0.907   elapsed 420s
[train-mass] >>> eval @ 4000: train 4.8743   val 5.6191   ppl 275.65
[train-mass] done in 422s
[train-mass] saved checkpoint -> /content/semsimula/notebooks/conservative_arch/sarf_mass_variant/results/splm_sarfmass_logfreq_shakespeare_ckpt_latest.pt
[train-mass] saved loss curve -> /content/semsimula/notebooks/conservative_arch/sarf_mass_variant/results/splm_sarfmass_logfreq_shakespeare_loss_curve.png
[train-mass] saved summary -> /content/semsimula/notebooks/conservative_arch/sarf_mass_variant/results/splm_sarfmass_logfreq_shakespeare_summary.md
